17:56:00 **** Clean-only build of configuration Debug for project Temperature Sensor ****
make clean 
rm -rf *
 
17:57:30 **** Build of configuration Debug for project Temperature Sensor ****
make all 
Building file: ../startup/startup_stm32f103xb.s
Invoking: MCU GCC Assembler
C:\Users\TARUC\Desktop\1-Wire-Communication-Emulation\Temperature Sensor\Debug
arm-none-eabi-as -mcpu=cortex-m3 -mthumb -mfloat-abi=soft -g -o "startup/startup_stm32f103xb.o" "../startup/startup_stm32f103xb.s"
Finished building: ../startup/startup_stm32f103xb.s
 
Building file: ../Src/function.c
Invoking: MCU GCC Compiler
C:\Users\TARUC\Desktop\1-Wire-Communication-Emulation\Temperature Sensor\Debug
arm-none-eabi-gcc -mcpu=cortex-m3 -mthumb -mfloat-abi=soft '-D__weak=__attribute__((weak))' '-D__packed=__attribute__((__packed__))' -DUSE_HAL_DRIVER -DSTM32F103xB -I"C:/Users/TARUC/Desktop/1-Wire-Communication-Emulation/Temperature Sensor/Inc" -I"C:/Users/TARUC/Desktop/1-Wire-Communication-Emulation/Temperature Sensor/Drivers/STM32F1xx_HAL_Driver/Inc" -I"C:/Users/TARUC/Desktop/1-Wire-Communication-Emulation/Temperature Sensor/Drivers/STM32F1xx_HAL_Driver/Inc/Legacy" -I"C:/Users/TARUC/Desktop/1-Wire-Communication-Emulation/Temperature Sensor/Drivers/CMSIS/Device/ST/STM32F1xx/Include" -I"C:/Users/TARUC/Desktop/1-Wire-Communication-Emulation/Temperature Sensor/Drivers/CMSIS/Include" -I"C:/Users/TARUC/Desktop/1-Wire-Communication-Emulation/Temperature Sensor/Inc"  -Og -g3 -Wall -fmessage-length=0 -ffunction-sections -c -fmessage-length=0 -MMD -MP -MF"Src/function.d" -MT"Src/function.o" -o "Src/function.o" "../Src/function.c"
Finished building: ../Src/function.c
 
Building file: ../Src/main.c
Invoking: MCU GCC Compiler
C:\Users\TARUC\Desktop\1-Wire-Communication-Emulation\Temperature Sensor\Debug
arm-none-eabi-gcc -mcpu=cortex-m3 -mthumb -mfloat-abi=soft '-D__weak=__attribute__((weak))' '-D__packed=__attribute__((__packed__))' -DUSE_HAL_DRIVER -DSTM32F103xB -I"C:/Users/TARUC/Desktop/1-Wire-Communication-Emulation/Temperature Sensor/Inc" -I"C:/Users/TARUC/Desktop/1-Wire-Communication-Emulation/Temperature Sensor/Drivers/STM32F1xx_HAL_Driver/Inc" -I"C:/Users/TARUC/Desktop/1-Wire-Communication-Emulation/Temperature Sensor/Drivers/STM32F1xx_HAL_Driver/Inc/Legacy" -I"C:/Users/TARUC/Desktop/1-Wire-Communication-Emulation/Temperature Sensor/Drivers/CMSIS/Device/ST/STM32F1xx/Include" -I"C:/Users/TARUC/Desktop/1-Wire-Communication-Emulation/Temperature Sensor/Drivers/CMSIS/Include" -I"C:/Users/TARUC/Desktop/1-Wire-Communication-Emulation/Temperature Sensor/Inc"  -Og -g3 -Wall -fmessage-length=0 -ffunction-sections -c -fmessage-length=0 -MMD -MP -MF"Src/main.d" -MT"Src/main.o" -o "Src/main.o" "../Src/main.c"
Finished building: ../Src/main.c
 
Building file: ../Src/state_machine.c
Invoking: MCU GCC Compiler
C:\Users\TARUC\Desktop\1-Wire-Communication-Emulation\Temperature Sensor\Debug
arm-none-eabi-gcc -mcpu=cortex-m3 -mthumb -mfloat-abi=soft '-D__weak=__attribute__((weak))' '-D__packed=__attribute__((__packed__))' -DUSE_HAL_DRIVER -DSTM32F103xB -I"C:/Users/TARUC/Desktop/1-Wire-Communication-Emulation/Temperature Sensor/Inc" -I"C:/Users/TARUC/Desktop/1-Wire-Communication-Emulation/Temperature Sensor/Drivers/STM32F1xx_HAL_Driver/Inc" -I"C:/Users/TARUC/Desktop/1-Wire-Communication-Emulation/Temperature Sensor/Drivers/STM32F1xx_HAL_Driver/Inc/Legacy" -I"C:/Users/TARUC/Desktop/1-Wire-Communication-Emulation/Temperature Sensor/Drivers/CMSIS/Device/ST/STM32F1xx/Include" -I"C:/Users/TARUC/Desktop/1-Wire-Communication-Emulation/Temperature Sensor/Drivers/CMSIS/Include" -I"C:/Users/TARUC/Desktop/1-Wire-Communication-Emulation/Temperature Sensor/Inc"  -Og -g3 -Wall -fmessage-length=0 -ffunction-sections -c -fmessage-length=0 -MMD -MP -MF"Src/state_machine.d" -MT"Src/state_machine.o" -o "Src/state_machine.o" "../Src/state_machine.c"
Finished building: ../Src/state_machine.c
 
Building file: ../Src/stm32f1xx_hal_msp.c
Invoking: MCU GCC Compiler
C:\Users\TARUC\Desktop\1-Wire-Communication-Emulation\Temperature Sensor\Debug
arm-none-eabi-gcc -mcpu=cortex-m3 -mthumb -mfloat-abi=soft '-D__weak=__attribute__((weak))' '-D__packed=__attribute__((__packed__))' -DUSE_HAL_DRIVER -DSTM32F103xB -I"C:/Users/TARUC/Desktop/1-Wire-Communication-Emulation/Temperature Sensor/Inc" -I"C:/Users/TARUC/Desktop/1-Wire-Communication-Emulation/Temperature Sensor/Drivers/STM32F1xx_HAL_Driver/Inc" -I"C:/Users/TARUC/Desktop/1-Wire-Communication-Emulation/Temperature Sensor/Drivers/STM32F1xx_HAL_Driver/Inc/Legacy" -I"C:/Users/TARUC/Desktop/1-Wire-Communication-Emulation/Temperature Sensor/Drivers/CMSIS/Device/ST/STM32F1xx/Include" -I"C:/Users/TARUC/Desktop/1-Wire-Communication-Emulation/Temperature Sensor/Drivers/CMSIS/Include" -I"C:/Users/TARUC/Desktop/1-Wire-Communication-Emulation/Temperature Sensor/Inc"  -Og -g3 -Wall -fmessage-length=0 -ffunction-sections -c -fmessage-length=0 -MMD -MP -MF"Src/stm32f1xx_hal_msp.d" -MT"Src/stm32f1xx_hal_msp.o" -o "Src/stm32f1xx_hal_msp.o" "../Src/stm32f1xx_hal_msp.c"
Finished building: ../Src/stm32f1xx_hal_msp.c
 
Building file: ../Src/stm32f1xx_it.c
Invoking: MCU GCC Compiler
C:\Users\TARUC\Desktop\1-Wire-Communication-Emulation\Temperature Sensor\Debug
arm-none-eabi-gcc -mcpu=cortex-m3 -mthumb -mfloat-abi=soft '-D__weak=__attribute__((weak))' '-D__packed=__attribute__((__packed__))' -DUSE_HAL_DRIVER -DSTM32F103xB -I"C:/Users/TARUC/Desktop/1-Wire-Communication-Emulation/Temperature Sensor/Inc" -I"C:/Users/TARUC/Desktop/1-Wire-Communication-Emulation/Temperature Sensor/Drivers/STM32F1xx_HAL_Driver/Inc" -I"C:/Users/TARUC/Desktop/1-Wire-Communication-Emulation/Temperature Sensor/Drivers/STM32F1xx_HAL_Driver/Inc/Legacy" -I"C:/Users/TARUC/Desktop/1-Wire-Communication-Emulation/Temperature Sensor/Drivers/CMSIS/Device/ST/STM32F1xx/Include" -I"C:/Users/TARUC/Desktop/1-Wire-Communication-Emulation/Temperature Sensor/Drivers/CMSIS/Include" -I"C:/Users/TARUC/Desktop/1-Wire-Communication-Emulation/Temperature Sensor/Inc"  -Og -g3 -Wall -fmessage-length=0 -ffunction-sections -c -fmessage-length=0 -MMD -MP -MF"Src/stm32f1xx_it.d" -MT"Src/stm32f1xx_it.o" -o "Src/stm32f1xx_it.o" "../Src/stm32f1xx_it.c"
Finished building: ../Src/stm32f1xx_it.c
 
Building file: ../Src/system_stm32f1xx.c
Invoking: MCU GCC Compiler
C:\Users\TARUC\Desktop\1-Wire-Communication-Emulation\Temperature Sensor\Debug
arm-none-eabi-gcc -mcpu=cortex-m3 -mthumb -mfloat-abi=soft '-D__weak=__attribute__((weak))' '-D__packed=__attribute__((__packed__))' -DUSE_HAL_DRIVER -DSTM32F103xB -I"C:/Users/TARUC/Desktop/1-Wire-Communication-Emulation/Temperature Sensor/Inc" -I"C:/Users/TARUC/Desktop/1-Wire-Communication-Emulation/Temperature Sensor/Drivers/STM32F1xx_HAL_Driver/Inc" -I"C:/Users/TARUC/Desktop/1-Wire-Communication-Emulation/Temperature Sensor/Drivers/STM32F1xx_HAL_Driver/Inc/Legacy" -I"C:/Users/TARUC/Desktop/1-Wire-Communication-Emulation/Temperature Sensor/Drivers/CMSIS/Device/ST/STM32F1xx/Include" -I"C:/Users/TARUC/Desktop/1-Wire-Communication-Emulation/Temperature Sensor/Drivers/CMSIS/Include" -I"C:/Users/TARUC/Desktop/1-Wire-Communication-Emulation/Temperature Sensor/Inc"  -Og -g3 -Wall -fmessage-length=0 -ffunction-sections -c -fmessage-length=0 -MMD -MP -MF"Src/system_stm32f1xx.d" -MT"Src/system_stm32f1xx.o" -o "Src/system_stm32f1xx.o" "../Src/system_stm32f1xx.c"
Finished building: ../Src/system_stm32f1xx.c
 
Building file: ../Src/timer.c
Invoking: MCU GCC Compiler
C:\Users\TARUC\Desktop\1-Wire-Communication-Emulation\Temperature Sensor\Debug
arm-none-eabi-gcc -mcpu=cortex-m3 -mthumb -mfloat-abi=soft '-D__weak=__attribute__((weak))' '-D__packed=__attribute__((__packed__))' -DUSE_HAL_DRIVER -DSTM32F103xB -I"C:/Users/TARUC/Desktop/1-Wire-Communication-Emulation/Temperature Sensor/Inc" -I"C:/Users/TARUC/Desktop/1-Wire-Communication-Emulation/Temperature Sensor/Drivers/STM32F1xx_HAL_Driver/Inc" -I"C:/Users/TARUC/Desktop/1-Wire-Communication-Emulation/Temperature Sensor/Drivers/STM32F1xx_HAL_Driver/Inc/Legacy" -I"C:/Users/TARUC/Desktop/1-Wire-Communication-Emulation/Temperature Sensor/Drivers/CMSIS/Device/ST/STM32F1xx/Include" -I"C:/Users/TARUC/Desktop/1-Wire-Communication-Emulation/Temperature Sensor/Drivers/CMSIS/Include" -I"C:/Users/TARUC/Desktop/1-Wire-Communication-Emulation/Temperature Sensor/Inc"  -Og -g3 -Wall -fmessage-length=0 -ffunction-sections -c -fmessage-length=0 -MMD -MP -MF"Src/timer.d" -MT"Src/timer.o" -o "Src/timer.o" "../Src/timer.c"
Finished building: ../Src/timer.c
 
Building file: ../Src/uart.c
Invoking: MCU GCC Compiler
C:\Users\TARUC\Desktop\1-Wire-Communication-Emulation\Temperature Sensor\Debug
arm-none-eabi-gcc -mcpu=cortex-m3 -mthumb -mfloat-abi=soft '-D__weak=__attribute__((weak))' '-D__packed=__attribute__((__packed__))' -DUSE_HAL_DRIVER -DSTM32F103xB -I"C:/Users/TARUC/Desktop/1-Wire-Communication-Emulation/Temperature Sensor/Inc" -I"C:/Users/TARUC/Desktop/1-Wire-Communication-Emulation/Temperature Sensor/Drivers/STM32F1xx_HAL_Driver/Inc" -I"C:/Users/TARUC/Desktop/1-Wire-Communication-Emulation/Temperature Sensor/Drivers/STM32F1xx_HAL_Driver/Inc/Legacy" -I"C:/Users/TARUC/Desktop/1-Wire-Communication-Emulation/Temperature Sensor/Drivers/CMSIS/Device/ST/STM32F1xx/Include" -I"C:/Users/TARUC/Desktop/1-Wire-Communication-Emulation/Temperature Sensor/Drivers/CMSIS/Include" -I"C:/Users/TARUC/Desktop/1-Wire-Communication-Emulation/Temperature Sensor/Inc"  -Og -g3 -Wall -fmessage-length=0 -ffunction-sections -c -fmessage-length=0 -MMD -MP -MF"Src/uart.d" -MT"Src/uart.o" -o "Src/uart.o" "../Src/uart.c"
Finished building: ../Src/uart.c
 
Building file: ../Drivers/STM32F1xx_HAL_Driver/Src/stm32f1xx_hal.c
Invoking: MCU GCC Compiler
C:\Users\TARUC\Desktop\1-Wire-Communication-Emulation\Temperature Sensor\Debug
arm-none-eabi-gcc -mcpu=cortex-m3 -mthumb -mfloat-abi=soft '-D__weak=__attribute__((weak))' '-D__packed=__attribute__((__packed__))' -DUSE_HAL_DRIVER -DSTM32F103xB -I"C:/Users/TARUC/Desktop/1-Wire-Communication-Emulation/Temperature Sensor/Inc" -I"C:/Users/TARUC/Desktop/1-Wire-Communication-Emulation/Temperature Sensor/Drivers/STM32F1xx_HAL_Driver/Inc" -I"C:/Users/TARUC/Desktop/1-Wire-Communication-Emulation/Temperature Sensor/Drivers/STM32F1xx_HAL_Driver/Inc/Legacy" -I"C:/Users/TARUC/Desktop/1-Wire-Communication-Emulation/Temperature Sensor/Drivers/CMSIS/Device/ST/STM32F1xx/Include" -I"C:/Users/TARUC/Desktop/1-Wire-Communication-Emulation/Temperature Sensor/Drivers/CMSIS/Include" -I"C:/Users/TARUC/Desktop/1-Wire-Communication-Emulation/Temperature Sensor/Inc"  -Og -g3 -Wall -fmessage-length=0 -ffunction-sections -c -fmessage-length=0 -MMD -MP -MF"Drivers/STM32F1xx_HAL_Driver/Src/stm32f1xx_hal.d" -MT"Drivers/STM32F1xx_HAL_Driver/Src/stm32f1xx_hal.o" -o "Drivers/STM32F1xx_HAL_Driver/Src/stm32f1xx_hal.o" "../Drivers/STM32F1xx_HAL_Driver/Src/stm32f1xx_hal.c"
Finished building: ../Drivers/STM32F1xx_HAL_Driver/Src/stm32f1xx_hal.c
 
Building file: ../Drivers/STM32F1xx_HAL_Driver/Src/stm32f1xx_hal_cortex.c
Invoking: MCU GCC Compiler
C:\Users\TARUC\Desktop\1-Wire-Communication-Emulation\Temperature Sensor\Debug
arm-none-eabi-gcc -mcpu=cortex-m3 -mthumb -mfloat-abi=soft '-D__weak=__attribute__((weak))' '-D__packed=__attribute__((__packed__))' -DUSE_HAL_DRIVER -DSTM32F103xB -I"C:/Users/TARUC/Desktop/1-Wire-Communication-Emulation/Temperature Sensor/Inc" -I"C:/Users/TARUC/Desktop/1-Wire-Communication-Emulation/Temperature Sensor/Drivers/STM32F1xx_HAL_Driver/Inc" -I"C:/Users/TARUC/Desktop/1-Wire-Communication-Emulation/Temperature Sensor/Drivers/STM32F1xx_HAL_Driver/Inc/Legacy" -I"C:/Users/TARUC/Desktop/1-Wire-Communication-Emulation/Temperature Sensor/Drivers/CMSIS/Device/ST/STM32F1xx/Include" -I"C:/Users/TARUC/Desktop/1-Wire-Communication-Emulation/Temperature Sensor/Drivers/CMSIS/Include" -I"C:/Users/TARUC/Desktop/1-Wire-Communication-Emulation/Temperature Sensor/Inc"  -Og -g3 -Wall -fmessage-length=0 -ffunction-sections -c -fmessage-length=0 -MMD -MP -MF"Drivers/STM32F1xx_HAL_Driver/Src/stm32f1xx_hal_cortex.d" -MT"Drivers/STM32F1xx_HAL_Driver/Src/stm32f1xx_hal_cortex.o" -o "Drivers/STM32F1xx_HAL_Driver/Src/stm32f1xx_hal_cortex.o" "../Drivers/STM32F1xx_HAL_Driver/Src/stm32f1xx_hal_cortex.c"
Finished building: ../Drivers/STM32F1xx_HAL_Driver/Src/stm32f1xx_hal_cortex.c
 
Building file: ../Drivers/STM32F1xx_HAL_Driver/Src/stm32f1xx_hal_dma.c
Invoking: MCU GCC Compiler
C:\Users\TARUC\Desktop\1-Wire-Communication-Emulation\Temperature Sensor\Debug
arm-none-eabi-gcc -mcpu=cortex-m3 -mthumb -mfloat-abi=soft '-D__weak=__attribute__((weak))' '-D__packed=__attribute__((__packed__))' -DUSE_HAL_DRIVER -DSTM32F103xB -I"C:/Users/TARUC/Desktop/1-Wire-Communication-Emulation/Temperature Sensor/Inc" -I"C:/Users/TARUC/Desktop/1-Wire-Communication-Emulation/Temperature Sensor/Drivers/STM32F1xx_HAL_Driver/Inc" -I"C:/Users/TARUC/Desktop/1-Wire-Communication-Emulation/Temperature Sensor/Drivers/STM32F1xx_HAL_Driver/Inc/Legacy" -I"C:/Users/TARUC/Desktop/1-Wire-Communication-Emulation/Temperature Sensor/Drivers/CMSIS/Device/ST/STM32F1xx/Include" -I"C:/Users/TARUC/Desktop/1-Wire-Communication-Emulation/Temperature Sensor/Drivers/CMSIS/Include" -I"C:/Users/TARUC/Desktop/1-Wire-Communication-Emulation/Temperature Sensor/Inc"  -Og -g3 -Wall -fmessage-length=0 -ffunction-sections -c -fmessage-length=0 -MMD -MP -MF"Drivers/STM32F1xx_HAL_Driver/Src/stm32f1xx_hal_dma.d" -MT"Drivers/STM32F1xx_HAL_Driver/Src/stm32f1xx_hal_dma.o" -o "Drivers/STM32F1xx_HAL_Driver/Src/stm32f1xx_hal_dma.o" "../Drivers/STM32F1xx_HAL_Driver/Src/stm32f1xx_hal_dma.c"
Finished building: ../Drivers/STM32F1xx_HAL_Driver/Src/stm32f1xx_hal_dma.c
 
Building file: ../Drivers/STM32F1xx_HAL_Driver/Src/stm32f1xx_hal_flash.c
Invoking: MCU GCC Compiler
C:\Users\TARUC\Desktop\1-Wire-Communication-Emulation\Temperature Sensor\Debug
arm-none-eabi-gcc -mcpu=cortex-m3 -mthumb -mfloat-abi=soft '-D__weak=__attribute__((weak))' '-D__packed=__attribute__((__packed__))' -DUSE_HAL_DRIVER -DSTM32F103xB -I"C:/Users/TARUC/Desktop/1-Wire-Communication-Emulation/Temperature Sensor/Inc" -I"C:/Users/TARUC/Desktop/1-Wire-Communication-Emulation/Temperature Sensor/Drivers/STM32F1xx_HAL_Driver/Inc" -I"C:/Users/TARUC/Desktop/1-Wire-Communication-Emulation/Temperature Sensor/Drivers/STM32F1xx_HAL_Driver/Inc/Legacy" -I"C:/Users/TARUC/Desktop/1-Wire-Communication-Emulation/Temperature Sensor/Drivers/CMSIS/Device/ST/STM32F1xx/Include" -I"C:/Users/TARUC/Desktop/1-Wire-Communication-Emulation/Temperature Sensor/Drivers/CMSIS/Include" -I"C:/Users/TARUC/Desktop/1-Wire-Communication-Emulation/Temperature Sensor/Inc"  -Og -g3 -Wall -fmessage-length=0 -ffunction-sections -c -fmessage-length=0 -MMD -MP -MF"Drivers/STM32F1xx_HAL_Driver/Src/stm32f1xx_hal_flash.d" -MT"Drivers/STM32F1xx_HAL_Driver/Src/stm32f1xx_hal_flash.o" -o "Drivers/STM32F1xx_HAL_Driver/Src/stm32f1xx_hal_flash.o" "../Drivers/STM32F1xx_HAL_Driver/Src/stm32f1xx_hal_flash.c"
Finished building: ../Drivers/STM32F1xx_HAL_Driver/Src/stm32f1xx_hal_flash.c
 
Building file: ../Drivers/STM32F1xx_HAL_Driver/Src/stm32f1xx_hal_flash_ex.c
Invoking: MCU GCC Compiler
C:\Users\TARUC\Desktop\1-Wire-Communication-Emulation\Temperature Sensor\Debug
arm-none-eabi-gcc -mcpu=cortex-m3 -mthumb -mfloat-abi=soft '-D__weak=__attribute__((weak))' '-D__packed=__attribute__((__packed__))' -DUSE_HAL_DRIVER -DSTM32F103xB -I"C:/Users/TARUC/Desktop/1-Wire-Communication-Emulation/Temperature Sensor/Inc" -I"C:/Users/TARUC/Desktop/1-Wire-Communication-Emulation/Temperature Sensor/Drivers/STM32F1xx_HAL_Driver/Inc" -I"C:/Users/TARUC/Desktop/1-Wire-Communication-Emulation/Temperature Sensor/Drivers/STM32F1xx_HAL_Driver/Inc/Legacy" -I"C:/Users/TARUC/Desktop/1-Wire-Communication-Emulation/Temperature Sensor/Drivers/CMSIS/Device/ST/STM32F1xx/Include" -I"C:/Users/TARUC/Desktop/1-Wire-Communication-Emulation/Temperature Sensor/Drivers/CMSIS/Include" -I"C:/Users/TARUC/Desktop/1-Wire-Communication-Emulation/Temperature Sensor/Inc"  -Og -g3 -Wall -fmessage-length=0 -ffunction-sections -c -fmessage-length=0 -MMD -MP -MF"Drivers/STM32F1xx_HAL_Driver/Src/stm32f1xx_hal_flash_ex.d" -MT"Drivers/STM32F1xx_HAL_Driver/Src/stm32f1xx_hal_flash_ex.o" -o "Drivers/STM32F1xx_HAL_Driver/Src/stm32f1xx_hal_flash_ex.o" "../Drivers/STM32F1xx_HAL_Driver/Src/stm32f1xx_hal_flash_ex.c"
Finished building: ../Drivers/STM32F1xx_HAL_Driver/Src/stm32f1xx_hal_flash_ex.c
 
Building file: ../Drivers/STM32F1xx_HAL_Driver/Src/stm32f1xx_hal_gpio.c
Invoking: MCU GCC Compiler
C:\Users\TARUC\Desktop\1-Wire-Communication-Emulation\Temperature Sensor\Debug
arm-none-eabi-gcc -mcpu=cortex-m3 -mthumb -mfloat-abi=soft '-D__weak=__attribute__((weak))' '-D__packed=__attribute__((__packed__))' -DUSE_HAL_DRIVER -DSTM32F103xB -I"C:/Users/TARUC/Desktop/1-Wire-Communication-Emulation/Temperature Sensor/Inc" -I"C:/Users/TARUC/Desktop/1-Wire-Communication-Emulation/Temperature Sensor/Drivers/STM32F1xx_HAL_Driver/Inc" -I"C:/Users/TARUC/Desktop/1-Wire-Communication-Emulation/Temperature Sensor/Drivers/STM32F1xx_HAL_Driver/Inc/Legacy" -I"C:/Users/TARUC/Desktop/1-Wire-Communication-Emulation/Temperature Sensor/Drivers/CMSIS/Device/ST/STM32F1xx/Include" -I"C:/Users/TARUC/Desktop/1-Wire-Communication-Emulation/Temperature Sensor/Drivers/CMSIS/Include" -I"C:/Users/TARUC/Desktop/1-Wire-Communication-Emulation/Temperature Sensor/Inc"  -Og -g3 -Wall -fmessage-length=0 -ffunction-sections -c -fmessage-length=0 -MMD -MP -MF"Drivers/STM32F1xx_HAL_Driver/Src/stm32f1xx_hal_gpio.d" -MT"Drivers/STM32F1xx_HAL_Driver/Src/stm32f1xx_hal_gpio.o" -o "Drivers/STM32F1xx_HAL_Driver/Src/stm32f1xx_hal_gpio.o" "../Drivers/STM32F1xx_HAL_Driver/Src/stm32f1xx_hal_gpio.c"
Finished building: ../Drivers/STM32F1xx_HAL_Driver/Src/stm32f1xx_hal_gpio.c
 
Building file: ../Drivers/STM32F1xx_HAL_Driver/Src/stm32f1xx_hal_gpio_ex.c
Invoking: MCU GCC Compiler
C:\Users\TARUC\Desktop\1-Wire-Communication-Emulation\Temperature Sensor\Debug
arm-none-eabi-gcc -mcpu=cortex-m3 -mthumb -mfloat-abi=soft '-D__weak=__attribute__((weak))' '-D__packed=__attribute__((__packed__))' -DUSE_HAL_DRIVER -DSTM32F103xB -I"C:/Users/TARUC/Desktop/1-Wire-Communication-Emulation/Temperature Sensor/Inc" -I"C:/Users/TARUC/Desktop/1-Wire-Communication-Emulation/Temperature Sensor/Drivers/STM32F1xx_HAL_Driver/Inc" -I"C:/Users/TARUC/Desktop/1-Wire-Communication-Emulation/Temperature Sensor/Drivers/STM32F1xx_HAL_Driver/Inc/Legacy" -I"C:/Users/TARUC/Desktop/1-Wire-Communication-Emulation/Temperature Sensor/Drivers/CMSIS/Device/ST/STM32F1xx/Include" -I"C:/Users/TARUC/Desktop/1-Wire-Communication-Emulation/Temperature Sensor/Drivers/CMSIS/Include" -I"C:/Users/TARUC/Desktop/1-Wire-Communication-Emulation/Temperature Sensor/Inc"  -Og -g3 -Wall -fmessage-length=0 -ffunction-sections -c -fmessage-length=0 -MMD -MP -MF"Drivers/STM32F1xx_HAL_Driver/Src/stm32f1xx_hal_gpio_ex.d" -MT"Drivers/STM32F1xx_HAL_Driver/Src/stm32f1xx_hal_gpio_ex.o" -o "Drivers/STM32F1xx_HAL_Driver/Src/stm32f1xx_hal_gpio_ex.o" "../Drivers/STM32F1xx_HAL_Driver/Src/stm32f1xx_hal_gpio_ex.c"
Finished building: ../Drivers/STM32F1xx_HAL_Driver/Src/stm32f1xx_hal_gpio_ex.c
 
Building file: ../Drivers/STM32F1xx_HAL_Driver/Src/stm32f1xx_hal_pwr.c
Invoking: MCU GCC Compiler
C:\Users\TARUC\Desktop\1-Wire-Communication-Emulation\Temperature Sensor\Debug
arm-none-eabi-gcc -mcpu=cortex-m3 -mthumb -mfloat-abi=soft '-D__weak=__attribute__((weak))' '-D__packed=__attribute__((__packed__))' -DUSE_HAL_DRIVER -DSTM32F103xB -I"C:/Users/TARUC/Desktop/1-Wire-Communication-Emulation/Temperature Sensor/Inc" -I"C:/Users/TARUC/Desktop/1-Wire-Communication-Emulation/Temperature Sensor/Drivers/STM32F1xx_HAL_Driver/Inc" -I"C:/Users/TARUC/Desktop/1-Wire-Communication-Emulation/Temperature Sensor/Drivers/STM32F1xx_HAL_Driver/Inc/Legacy" -I"C:/Users/TARUC/Desktop/1-Wire-Communication-Emulation/Temperature Sensor/Drivers/CMSIS/Device/ST/STM32F1xx/Include" -I"C:/Users/TARUC/Desktop/1-Wire-Communication-Emulation/Temperature Sensor/Drivers/CMSIS/Include" -I"C:/Users/TARUC/Desktop/1-Wire-Communication-Emulation/Temperature Sensor/Inc"  -Og -g3 -Wall -fmessage-length=0 -ffunction-sections -c -fmessage-length=0 -MMD -MP -MF"Drivers/STM32F1xx_HAL_Driver/Src/stm32f1xx_hal_pwr.d" -MT"Drivers/STM32F1xx_HAL_Driver/Src/stm32f1xx_hal_pwr.o" -o "Drivers/STM32F1xx_HAL_Driver/Src/stm32f1xx_hal_pwr.o" "../Drivers/STM32F1xx_HAL_Driver/Src/stm32f1xx_hal_pwr.c"
Finished building: ../Drivers/STM32F1xx_HAL_Driver/Src/stm32f1xx_hal_pwr.c
 
Building file: ../Drivers/STM32F1xx_HAL_Driver/Src/stm32f1xx_hal_rcc.c
Invoking: MCU GCC Compiler
C:\Users\TARUC\Desktop\1-Wire-Communication-Emulation\Temperature Sensor\Debug
arm-none-eabi-gcc -mcpu=cortex-m3 -mthumb -mfloat-abi=soft '-D__weak=__attribute__((weak))' '-D__packed=__attribute__((__packed__))' -DUSE_HAL_DRIVER -DSTM32F103xB -I"C:/Users/TARUC/Desktop/1-Wire-Communication-Emulation/Temperature Sensor/Inc" -I"C:/Users/TARUC/Desktop/1-Wire-Communication-Emulation/Temperature Sensor/Drivers/STM32F1xx_HAL_Driver/Inc" -I"C:/Users/TARUC/Desktop/1-Wire-Communication-Emulation/Temperature Sensor/Drivers/STM32F1xx_HAL_Driver/Inc/Legacy" -I"C:/Users/TARUC/Desktop/1-Wire-Communication-Emulation/Temperature Sensor/Drivers/CMSIS/Device/ST/STM32F1xx/Include" -I"C:/Users/TARUC/Desktop/1-Wire-Communication-Emulation/Temperature Sensor/Drivers/CMSIS/Include" -I"C:/Users/TARUC/Desktop/1-Wire-Communication-Emulation/Temperature Sensor/Inc"  -Og -g3 -Wall -fmessage-length=0 -ffunction-sections -c -fmessage-length=0 -MMD -MP -MF"Drivers/STM32F1xx_HAL_Driver/Src/stm32f1xx_hal_rcc.d" -MT"Drivers/STM32F1xx_HAL_Driver/Src/stm32f1xx_hal_rcc.o" -o "Drivers/STM32F1xx_HAL_Driver/Src/stm32f1xx_hal_rcc.o" "../Drivers/STM32F1xx_HAL_Driver/Src/stm32f1xx_hal_rcc.c"
Finished building: ../Drivers/STM32F1xx_HAL_Driver/Src/stm32f1xx_hal_rcc.c
 
Building file: ../Drivers/STM32F1xx_HAL_Driver/Src/stm32f1xx_hal_rcc_ex.c
Invoking: MCU GCC Compiler
C:\Users\TARUC\Desktop\1-Wire-Communication-Emulation\Temperature Sensor\Debug
arm-none-eabi-gcc -mcpu=cortex-m3 -mthumb -mfloat-abi=soft '-D__weak=__attribute__((weak))' '-D__packed=__attribute__((__packed__))' -DUSE_HAL_DRIVER -DSTM32F103xB -I"C:/Users/TARUC/Desktop/1-Wire-Communication-Emulation/Temperature Sensor/Inc" -I"C:/Users/TARUC/Desktop/1-Wire-Communication-Emulation/Temperature Sensor/Drivers/STM32F1xx_HAL_Driver/Inc" -I"C:/Users/TARUC/Desktop/1-Wire-Communication-Emulation/Temperature Sensor/Drivers/STM32F1xx_HAL_Driver/Inc/Legacy" -I"C:/Users/TARUC/Desktop/1-Wire-Communication-Emulation/Temperature Sensor/Drivers/CMSIS/Device/ST/STM32F1xx/Include" -I"C:/Users/TARUC/Desktop/1-Wire-Communication-Emulation/Temperature Sensor/Drivers/CMSIS/Include" -I"C:/Users/TARUC/Desktop/1-Wire-Communication-Emulation/Temperature Sensor/Inc"  -Og -g3 -Wall -fmessage-length=0 -ffunction-sections -c -fmessage-length=0 -MMD -MP -MF"Drivers/STM32F1xx_HAL_Driver/Src/stm32f1xx_hal_rcc_ex.d" -MT"Drivers/STM32F1xx_HAL_Driver/Src/stm32f1xx_hal_rcc_ex.o" -o "Drivers/STM32F1xx_HAL_Driver/Src/stm32f1xx_hal_rcc_ex.o" "../Drivers/STM32F1xx_HAL_Driver/Src/stm32f1xx_hal_rcc_ex.c"
Finished building: ../Drivers/STM32F1xx_HAL_Driver/Src/stm32f1xx_hal_rcc_ex.c
 
Building file: ../Drivers/STM32F1xx_HAL_Driver/Src/stm32f1xx_hal_tim.c
Invoking: MCU GCC Compiler
C:\Users\TARUC\Desktop\1-Wire-Communication-Emulation\Temperature Sensor\Debug
arm-none-eabi-gcc -mcpu=cortex-m3 -mthumb -mfloat-abi=soft '-D__weak=__attribute__((weak))' '-D__packed=__attribute__((__packed__))' -DUSE_HAL_DRIVER -DSTM32F103xB -I"C:/Users/TARUC/Desktop/1-Wire-Communication-Emulation/Temperature Sensor/Inc" -I"C:/Users/TARUC/Desktop/1-Wire-Communication-Emulation/Temperature Sensor/Drivers/STM32F1xx_HAL_Driver/Inc" -I"C:/Users/TARUC/Desktop/1-Wire-Communication-Emulation/Temperature Sensor/Drivers/STM32F1xx_HAL_Driver/Inc/Legacy" -I"C:/Users/TARUC/Desktop/1-Wire-Communication-Emulation/Temperature Sensor/Drivers/CMSIS/Device/ST/STM32F1xx/Include" -I"C:/Users/TARUC/Desktop/1-Wire-Communication-Emulation/Temperature Sensor/Drivers/CMSIS/Include" -I"C:/Users/TARUC/Desktop/1-Wire-Communication-Emulation/Temperature Sensor/Inc"  -Og -g3 -Wall -fmessage-length=0 -ffunction-sections -c -fmessage-length=0 -MMD -MP -MF"Drivers/STM32F1xx_HAL_Driver/Src/stm32f1xx_hal_tim.d" -MT"Drivers/STM32F1xx_HAL_Driver/Src/stm32f1xx_hal_tim.o" -o "Drivers/STM32F1xx_HAL_Driver/Src/stm32f1xx_hal_tim.o" "../Drivers/STM32F1xx_HAL_Driver/Src/stm32f1xx_hal_tim.c"
Finished building: ../Drivers/STM32F1xx_HAL_Driver/Src/stm32f1xx_hal_tim.c
 
Building file: ../Drivers/STM32F1xx_HAL_Driver/Src/stm32f1xx_hal_tim_ex.c
Invoking: MCU GCC Compiler
C:\Users\TARUC\Desktop\1-Wire-Communication-Emulation\Temperature Sensor\Debug
arm-none-eabi-gcc -mcpu=cortex-m3 -mthumb -mfloat-abi=soft '-D__weak=__attribute__((weak))' '-D__packed=__attribute__((__packed__))' -DUSE_HAL_DRIVER -DSTM32F103xB -I"C:/Users/TARUC/Desktop/1-Wire-Communication-Emulation/Temperature Sensor/Inc" -I"C:/Users/TARUC/Desktop/1-Wire-Communication-Emulation/Temperature Sensor/Drivers/STM32F1xx_HAL_Driver/Inc" -I"C:/Users/TARUC/Desktop/1-Wire-Communication-Emulation/Temperature Sensor/Drivers/STM32F1xx_HAL_Driver/Inc/Legacy" -I"C:/Users/TARUC/Desktop/1-Wire-Communication-Emulation/Temperature Sensor/Drivers/CMSIS/Device/ST/STM32F1xx/Include" -I"C:/Users/TARUC/Desktop/1-Wire-Communication-Emulation/Temperature Sensor/Drivers/CMSIS/Include" -I"C:/Users/TARUC/Desktop/1-Wire-Communication-Emulation/Temperature Sensor/Inc"  -Og -g3 -Wall -fmessage-length=0 -ffunction-sections -c -fmessage-length=0 -MMD -MP -MF"Drivers/STM32F1xx_HAL_Driver/Src/stm32f1xx_hal_tim_ex.d" -MT"Drivers/STM32F1xx_HAL_Driver/Src/stm32f1xx_hal_tim_ex.o" -o "Drivers/STM32F1xx_HAL_Driver/Src/stm32f1xx_hal_tim_ex.o" "../Drivers/STM32F1xx_HAL_Driver/Src/stm32f1xx_hal_tim_ex.c"
Finished building: ../Drivers/STM32F1xx_HAL_Driver/Src/stm32f1xx_hal_tim_ex.c
 
Building file: ../Drivers/STM32F1xx_HAL_Driver/Src/stm32f1xx_hal_uart.c
Invoking: MCU GCC Compiler
C:\Users\TARUC\Desktop\1-Wire-Communication-Emulation\Temperature Sensor\Debug
arm-none-eabi-gcc -mcpu=cortex-m3 -mthumb -mfloat-abi=soft '-D__weak=__attribute__((weak))' '-D__packed=__attribute__((__packed__))' -DUSE_HAL_DRIVER -DSTM32F103xB -I"C:/Users/TARUC/Desktop/1-Wire-Communication-Emulation/Temperature Sensor/Inc" -I"C:/Users/TARUC/Desktop/1-Wire-Communication-Emulation/Temperature Sensor/Drivers/STM32F1xx_HAL_Driver/Inc" -I"C:/Users/TARUC/Desktop/1-Wire-Communication-Emulation/Temperature Sensor/Drivers/STM32F1xx_HAL_Driver/Inc/Legacy" -I"C:/Users/TARUC/Desktop/1-Wire-Communication-Emulation/Temperature Sensor/Drivers/CMSIS/Device/ST/STM32F1xx/Include" -I"C:/Users/TARUC/Desktop/1-Wire-Communication-Emulation/Temperature Sensor/Drivers/CMSIS/Include" -I"C:/Users/TARUC/Desktop/1-Wire-Communication-Emulation/Temperature Sensor/Inc"  -Og -g3 -Wall -fmessage-length=0 -ffunction-sections -c -fmessage-length=0 -MMD -MP -MF"Drivers/STM32F1xx_HAL_Driver/Src/stm32f1xx_hal_uart.d" -MT"Drivers/STM32F1xx_HAL_Driver/Src/stm32f1xx_hal_uart.o" -o "Drivers/STM32F1xx_HAL_Driver/Src/stm32f1xx_hal_uart.o" "../Drivers/STM32F1xx_HAL_Driver/Src/stm32f1xx_hal_uart.c"
Finished building: ../Drivers/STM32F1xx_HAL_Driver/Src/stm32f1xx_hal_uart.c
 
Building target: Temperature Sensor.elf
Invoking: MCU GCC Linker
arm-none-eabi-gcc -mcpu=cortex-m3 -mthumb -mfloat-abi=soft -specs=nosys.specs -specs=nano.specs -T"../STM32F103C8Tx_FLASH.ld" -Wl,-Map=output.map -Wl,--gc-sections -o "Temperature Sensor.elf" @"objects.list"   -lm
Src/state_machine.o:(.bss+0x0): multiple definition of `presencePulse'
Src/function.o:(.bss+0x0): first defined here
c:/ac6/systemworkbench/plugins/fr.ac6.mcu.externaltools.arm-none.win32_1.13.2.201705091103/tools/compiler/bin/../lib/gcc/arm-none-eabi/5.4.1/../../../../arm-none-eabi/bin/ld.exe: Warning: size of symbol `presencePulse' changed from 2 in Src/function.o to 1 in Src/state_machine.o
collect2.exe: error: ld returned 1 exit status
make: *** [Temperature Sensor.elf] Error 1
18:03:19 **** Incremental Build of configuration Debug for project Temperature Sensor ****
make all 
Building file: ../Src/function.c
Invoking: MCU GCC Compiler
C:\Users\TARUC\Desktop\1-Wire-Communication-Emulation\Temperature Sensor\Debug
arm-none-eabi-gcc -mcpu=cortex-m3 -mthumb -mfloat-abi=soft '-D__weak=__attribute__((weak))' '-D__packed=__attribute__((__packed__))' -DUSE_HAL_DRIVER -DSTM32F103xB -I"C:/Users/TARUC/Desktop/1-Wire-Communication-Emulation/Temperature Sensor/Inc" -I"C:/Users/TARUC/Desktop/1-Wire-Communication-Emulation/Temperature Sensor/Drivers/STM32F1xx_HAL_Driver/Inc" -I"C:/Users/TARUC/Desktop/1-Wire-Communication-Emulation/Temperature Sensor/Drivers/STM32F1xx_HAL_Driver/Inc/Legacy" -I"C:/Users/TARUC/Desktop/1-Wire-Communication-Emulation/Temperature Sensor/Drivers/CMSIS/Device/ST/STM32F1xx/Include" -I"C:/Users/TARUC/Desktop/1-Wire-Communication-Emulation/Temperature Sensor/Drivers/CMSIS/Include" -I"C:/Users/TARUC/Desktop/1-Wire-Communication-Emulation/Temperature Sensor/Inc"  -Og -g3 -Wall -fmessage-length=0 -ffunction-sections -c -fmessage-length=0 -MMD -MP -MF"Src/function.d" -MT"Src/function.o" -o "Src/function.o" "../Src/function.c"
Finished building: ../Src/function.c
 
Building file: ../Src/state_machine.c
Invoking: MCU GCC Compiler
C:\Users\TARUC\Desktop\1-Wire-Communication-Emulation\Temperature Sensor\Debug
arm-none-eabi-gcc -mcpu=cortex-m3 -mthumb -mfloat-abi=soft '-D__weak=__attribute__((weak))' '-D__packed=__attribute__((__packed__))' -DUSE_HAL_DRIVER -DSTM32F103xB -I"C:/Users/TARUC/Desktop/1-Wire-Communication-Emulation/Temperature Sensor/Inc" -I"C:/Users/TARUC/Desktop/1-Wire-Communication-Emulation/Temperature Sensor/Drivers/STM32F1xx_HAL_Driver/Inc" -I"C:/Users/TARUC/Desktop/1-Wire-Communication-Emulation/Temperature Sensor/Drivers/STM32F1xx_HAL_Driver/Inc/Legacy" -I"C:/Users/TARUC/Desktop/1-Wire-Communication-Emulation/Temperature Sensor/Drivers/CMSIS/Device/ST/STM32F1xx/Include" -I"C:/Users/TARUC/Desktop/1-Wire-Communication-Emulation/Temperature Sensor/Drivers/CMSIS/Include" -I"C:/Users/TARUC/Desktop/1-Wire-Communication-Emulation/Temperature Sensor/Inc"  -Og -g3 -Wall -fmessage-length=0 -ffunction-sections -c -fmessage-length=0 -MMD -MP -MF"Src/state_machine.d" -MT"Src/state_machine.o" -o "Src/state_machine.o" "../Src/state_machine.c"
Finished building: ../Src/state_machine.c
 
Building target: Temperature Sensor.elf
Invoking: MCU GCC Linker
arm-none-eabi-gcc -mcpu=cortex-m3 -mthumb -mfloat-abi=soft -specs=nosys.specs -specs=nano.specs -T"../STM32F103C8Tx_FLASH.ld" -Wl,-Map=output.map -Wl,--gc-sections -o "Temperature Sensor.elf" @"objects.list"   -lm
Finished building target: Temperature Sensor.elf
 
make --no-print-directory post-build
Generating binary and Printing size information:
arm-none-eabi-objcopy -O binary "Temperature Sensor.elf" "Temperature Sensor.bin"
arm-none-eabi-size "Temperature Sensor.elf"
   text	   data	    bss	    dec	    hex	filename
   7212	     24	   1704	   8940	   22ec	Temperature Sensor.elf
 
18:03:26 **** Incremental Build of configuration Debug for project Temperature Sensor ****
make all 
make: Nothing to be done for `all'.
18:04:44 **** Incremental Build of configuration Debug for project Temperature Sensor ****
make all 
Building file: ../Src/state_machine.c
Invoking: MCU GCC Compiler
C:\Users\TARUC\Desktop\1-Wire-Communication-Emulation\Temperature Sensor\Debug
arm-none-eabi-gcc -mcpu=cortex-m3 -mthumb -mfloat-abi=soft '-D__weak=__attribute__((weak))' '-D__packed=__attribute__((__packed__))' -DUSE_HAL_DRIVER -DSTM32F103xB -I"C:/Users/TARUC/Desktop/1-Wire-Communication-Emulation/Temperature Sensor/Inc" -I"C:/Users/TARUC/Desktop/1-Wire-Communication-Emulation/Temperature Sensor/Drivers/STM32F1xx_HAL_Driver/Inc" -I"C:/Users/TARUC/Desktop/1-Wire-Communication-Emulation/Temperature Sensor/Drivers/STM32F1xx_HAL_Driver/Inc/Legacy" -I"C:/Users/TARUC/Desktop/1-Wire-Communication-Emulation/Temperature Sensor/Drivers/CMSIS/Device/ST/STM32F1xx/Include" -I"C:/Users/TARUC/Desktop/1-Wire-Communication-Emulation/Temperature Sensor/Drivers/CMSIS/Include" -I"C:/Users/TARUC/Desktop/1-Wire-Communication-Emulation/Temperature Sensor/Inc"  -Og -g3 -Wall -fmessage-length=0 -ffunction-sections -c -fmessage-length=0 -MMD -MP -MF"Src/state_machine.d" -MT"Src/state_machine.o" -o "Src/state_machine.o" "../Src/state_machine.c"
Finished building: ../Src/state_machine.c
 
Building target: Temperature Sensor.elf
Invoking: MCU GCC Linker
arm-none-eabi-gcc -mcpu=cortex-m3 -mthumb -mfloat-abi=soft -specs=nosys.specs -specs=nano.specs -T"../STM32F103C8Tx_FLASH.ld" -Wl,-Map=output.map -Wl,--gc-sections -o "Temperature Sensor.elf" @"objects.list"   -lm
Finished building target: Temperature Sensor.elf
 
make --no-print-directory post-build
Generating binary and Printing size information:
arm-none-eabi-objcopy -O binary "Temperature Sensor.elf" "Temperature Sensor.bin"
arm-none-eabi-size "Temperature Sensor.elf"
   text	   data	    bss	    dec	    hex	filename
   7196	     24	   1704	   8924	   22dc	Temperature Sensor.elf
 
18:04:57 **** Incremental Build of configuration Debug for project Temperature Sensor ****
make all 
Building file: ../Src/state_machine.c
Invoking: MCU GCC Compiler
C:\Users\TARUC\Desktop\1-Wire-Communication-Emulation\Temperature Sensor\Debug
arm-none-eabi-gcc -mcpu=cortex-m3 -mthumb -mfloat-abi=soft '-D__weak=__attribute__((weak))' '-D__packed=__attribute__((__packed__))' -DUSE_HAL_DRIVER -DSTM32F103xB -I"C:/Users/TARUC/Desktop/1-Wire-Communication-Emulation/Temperature Sensor/Inc" -I"C:/Users/TARUC/Desktop/1-Wire-Communication-Emulation/Temperature Sensor/Drivers/STM32F1xx_HAL_Driver/Inc" -I"C:/Users/TARUC/Desktop/1-Wire-Communication-Emulation/Temperature Sensor/Drivers/STM32F1xx_HAL_Driver/Inc/Legacy" -I"C:/Users/TARUC/Desktop/1-Wire-Communication-Emulation/Temperature Sensor/Drivers/CMSIS/Device/ST/STM32F1xx/Include" -I"C:/Users/TARUC/Desktop/1-Wire-Communication-Emulation/Temperature Sensor/Drivers/CMSIS/Include" -I"C:/Users/TARUC/Desktop/1-Wire-Communication-Emulation/Temperature Sensor/Inc"  -Og -g3 -Wall -fmessage-length=0 -ffunction-sections -c -fmessage-length=0 -MMD -MP -MF"Src/state_machine.d" -MT"Src/state_machine.o" -o "Src/state_machine.o" "../Src/state_machine.c"
Finished building: ../Src/state_machine.c
 
Building target: Temperature Sensor.elf
Invoking: MCU GCC Linker
arm-none-eabi-gcc -mcpu=cortex-m3 -mthumb -mfloat-abi=soft -specs=nosys.specs -specs=nano.specs -T"../STM32F103C8Tx_FLASH.ld" -Wl,-Map=output.map -Wl,--gc-sections -o "Temperature Sensor.elf" @"objects.list"   -lm
Finished building target: Temperature Sensor.elf
 
make --no-print-directory post-build
Generating binary and Printing size information:
arm-none-eabi-objcopy -O binary "Temperature Sensor.elf" "Temperature Sensor.bin"
arm-none-eabi-size "Temperature Sensor.elf"
   text	   data	    bss	    dec	    hex	filename
   7212	     24	   1704	   8940	   22ec	Temperature Sensor.elf
 
18:04:59 **** Incremental Build of configuration Debug for project Temperature Sensor ****
make all 
make: Nothing to be done for `all'.
18:13:44 **** Incremental Build of configuration Debug for project Temperature Sensor ****
make all 
Building file: ../Src/state_machine.c
Invoking: MCU GCC Compiler
C:\Users\TARUC\Desktop\1-Wire-Communication-Emulation\Temperature Sensor\Debug
arm-none-eabi-gcc -mcpu=cortex-m3 -mthumb -mfloat-abi=soft '-D__weak=__attribute__((weak))' '-D__packed=__attribute__((__packed__))' -DUSE_HAL_DRIVER -DSTM32F103xB -I"C:/Users/TARUC/Desktop/1-Wire-Communication-Emulation/Temperature Sensor/Inc" -I"C:/Users/TARUC/Desktop/1-Wire-Communication-Emulation/Temperature Sensor/Drivers/STM32F1xx_HAL_Driver/Inc" -I"C:/Users/TARUC/Desktop/1-Wire-Communication-Emulation/Temperature Sensor/Drivers/STM32F1xx_HAL_Driver/Inc/Legacy" -I"C:/Users/TARUC/Desktop/1-Wire-Communication-Emulation/Temperature Sensor/Drivers/CMSIS/Device/ST/STM32F1xx/Include" -I"C:/Users/TARUC/Desktop/1-Wire-Communication-Emulation/Temperature Sensor/Drivers/CMSIS/Include" -I"C:/Users/TARUC/Desktop/1-Wire-Communication-Emulation/Temperature Sensor/Inc"  -Og -g3 -Wall -fmessage-length=0 -ffunction-sections -c -fmessage-length=0 -MMD -MP -MF"Src/state_machine.d" -MT"Src/state_machine.o" -o "Src/state_machine.o" "../Src/state_machine.c"
Finished building: ../Src/state_machine.c
 
Building target: Temperature Sensor.elf
Invoking: MCU GCC Linker
arm-none-eabi-gcc -mcpu=cortex-m3 -mthumb -mfloat-abi=soft -specs=nosys.specs -specs=nano.specs -T"../STM32F103C8Tx_FLASH.ld" -Wl,-Map=output.map -Wl,--gc-sections -o "Temperature Sensor.elf" @"objects.list"   -lm
Finished building target: Temperature Sensor.elf
 
make --no-print-directory post-build
Generating binary and Printing size information:
arm-none-eabi-objcopy -O binary "Temperature Sensor.elf" "Temperature Sensor.bin"
arm-none-eabi-size "Temperature Sensor.elf"
   text	   data	    bss	    dec	    hex	filename
   7196	     24	   1704	   8924	   22dc	Temperature Sensor.elf
 
18:13:47 **** Incremental Build of configuration Debug for project Temperature Sensor ****
make all 
make: Nothing to be done for `all'.
18:28:09 **** Incremental Build of configuration Debug for project Temperature Sensor ****
make all 
Building file: ../Src/function.c
Invoking: MCU GCC Compiler
C:\Users\TARUC\Desktop\1-Wire-Communication-Emulation\Temperature Sensor\Debug
arm-none-eabi-gcc -mcpu=cortex-m3 -mthumb -mfloat-abi=soft '-D__weak=__attribute__((weak))' '-D__packed=__attribute__((__packed__))' -DUSE_HAL_DRIVER -DSTM32F103xB -I"C:/Users/TARUC/Desktop/1-Wire-Communication-Emulation/Temperature Sensor/Inc" -I"C:/Users/TARUC/Desktop/1-Wire-Communication-Emulation/Temperature Sensor/Drivers/STM32F1xx_HAL_Driver/Inc" -I"C:/Users/TARUC/Desktop/1-Wire-Communication-Emulation/Temperature Sensor/Drivers/STM32F1xx_HAL_Driver/Inc/Legacy" -I"C:/Users/TARUC/Desktop/1-Wire-Communication-Emulation/Temperature Sensor/Drivers/CMSIS/Device/ST/STM32F1xx/Include" -I"C:/Users/TARUC/Desktop/1-Wire-Communication-Emulation/Temperature Sensor/Drivers/CMSIS/Include" -I"C:/Users/TARUC/Desktop/1-Wire-Communication-Emulation/Temperature Sensor/Inc"  -Og -g3 -Wall -fmessage-length=0 -ffunction-sections -c -fmessage-length=0 -MMD -MP -MF"Src/function.d" -MT"Src/function.o" -o "Src/function.o" "../Src/function.c"
Finished building: ../Src/function.c
 
Building file: ../Src/main.c
Invoking: MCU GCC Compiler
C:\Users\TARUC\Desktop\1-Wire-Communication-Emulation\Temperature Sensor\Debug
arm-none-eabi-gcc -mcpu=cortex-m3 -mthumb -mfloat-abi=soft '-D__weak=__attribute__((weak))' '-D__packed=__attribute__((__packed__))' -DUSE_HAL_DRIVER -DSTM32F103xB -I"C:/Users/TARUC/Desktop/1-Wire-Communication-Emulation/Temperature Sensor/Inc" -I"C:/Users/TARUC/Desktop/1-Wire-Communication-Emulation/Temperature Sensor/Drivers/STM32F1xx_HAL_Driver/Inc" -I"C:/Users/TARUC/Desktop/1-Wire-Communication-Emulation/Temperature Sensor/Drivers/STM32F1xx_HAL_Driver/Inc/Legacy" -I"C:/Users/TARUC/Desktop/1-Wire-Communication-Emulation/Temperature Sensor/Drivers/CMSIS/Device/ST/STM32F1xx/Include" -I"C:/Users/TARUC/Desktop/1-Wire-Communication-Emulation/Temperature Sensor/Drivers/CMSIS/Include" -I"C:/Users/TARUC/Desktop/1-Wire-Communication-Emulation/Temperature Sensor/Inc"  -Og -g3 -Wall -fmessage-length=0 -ffunction-sections -c -fmessage-length=0 -MMD -MP -MF"Src/main.d" -MT"Src/main.o" -o "Src/main.o" "../Src/main.c"
Finished building: ../Src/main.c
 
Building file: ../Src/state_machine.c
Invoking: MCU GCC Compiler
C:\Users\TARUC\Desktop\1-Wire-Communication-Emulation\Temperature Sensor\Debug
arm-none-eabi-gcc -mcpu=cortex-m3 -mthumb -mfloat-abi=soft '-D__weak=__attribute__((weak))' '-D__packed=__attribute__((__packed__))' -DUSE_HAL_DRIVER -DSTM32F103xB -I"C:/Users/TARUC/Desktop/1-Wire-Communication-Emulation/Temperature Sensor/Inc" -I"C:/Users/TARUC/Desktop/1-Wire-Communication-Emulation/Temperature Sensor/Drivers/STM32F1xx_HAL_Driver/Inc" -I"C:/Users/TARUC/Desktop/1-Wire-Communication-Emulation/Temperature Sensor/Drivers/STM32F1xx_HAL_Driver/Inc/Legacy" -I"C:/Users/TARUC/Desktop/1-Wire-Communication-Emulation/Temperature Sensor/Drivers/CMSIS/Device/ST/STM32F1xx/Include" -I"C:/Users/TARUC/Desktop/1-Wire-Communication-Emulation/Temperature Sensor/Drivers/CMSIS/Include" -I"C:/Users/TARUC/Desktop/1-Wire-Communication-Emulation/Temperature Sensor/Inc"  -Og -g3 -Wall -fmessage-length=0 -ffunction-sections -c -fmessage-length=0 -MMD -MP -MF"Src/state_machine.d" -MT"Src/state_machine.o" -o "Src/state_machine.o" "../Src/state_machine.c"
Finished building: ../Src/state_machine.c
 
Building file: ../Src/stm32f1xx_hal_msp.c
Invoking: MCU GCC Compiler
C:\Users\TARUC\Desktop\1-Wire-Communication-Emulation\Temperature Sensor\Debug
arm-none-eabi-gcc -mcpu=cortex-m3 -mthumb -mfloat-abi=soft '-D__weak=__attribute__((weak))' '-D__packed=__attribute__((__packed__))' -DUSE_HAL_DRIVER -DSTM32F103xB -I"C:/Users/TARUC/Desktop/1-Wire-Communication-Emulation/Temperature Sensor/Inc" -I"C:/Users/TARUC/Desktop/1-Wire-Communication-Emulation/Temperature Sensor/Drivers/STM32F1xx_HAL_Driver/Inc" -I"C:/Users/TARUC/Desktop/1-Wire-Communication-Emulation/Temperature Sensor/Drivers/STM32F1xx_HAL_Driver/Inc/Legacy" -I"C:/Users/TARUC/Desktop/1-Wire-Communication-Emulation/Temperature Sensor/Drivers/CMSIS/Device/ST/STM32F1xx/Include" -I"C:/Users/TARUC/Desktop/1-Wire-Communication-Emulation/Temperature Sensor/Drivers/CMSIS/Include" -I"C:/Users/TARUC/Desktop/1-Wire-Communication-Emulation/Temperature Sensor/Inc"  -Og -g3 -Wall -fmessage-length=0 -ffunction-sections -c -fmessage-length=0 -MMD -MP -MF"Src/stm32f1xx_hal_msp.d" -MT"Src/stm32f1xx_hal_msp.o" -o "Src/stm32f1xx_hal_msp.o" "../Src/stm32f1xx_hal_msp.c"
Finished building: ../Src/stm32f1xx_hal_msp.c
 
Building file: ../Src/stm32f1xx_it.c
Invoking: MCU GCC Compiler
C:\Users\TARUC\Desktop\1-Wire-Communication-Emulation\Temperature Sensor\Debug
arm-none-eabi-gcc -mcpu=cortex-m3 -mthumb -mfloat-abi=soft '-D__weak=__attribute__((weak))' '-D__packed=__attribute__((__packed__))' -DUSE_HAL_DRIVER -DSTM32F103xB -I"C:/Users/TARUC/Desktop/1-Wire-Communication-Emulation/Temperature Sensor/Inc" -I"C:/Users/TARUC/Desktop/1-Wire-Communication-Emulation/Temperature Sensor/Drivers/STM32F1xx_HAL_Driver/Inc" -I"C:/Users/TARUC/Desktop/1-Wire-Communication-Emulation/Temperature Sensor/Drivers/STM32F1xx_HAL_Driver/Inc/Legacy" -I"C:/Users/TARUC/Desktop/1-Wire-Communication-Emulation/Temperature Sensor/Drivers/CMSIS/Device/ST/STM32F1xx/Include" -I"C:/Users/TARUC/Desktop/1-Wire-Communication-Emulation/Temperature Sensor/Drivers/CMSIS/Include" -I"C:/Users/TARUC/Desktop/1-Wire-Communication-Emulation/Temperature Sensor/Inc"  -Og -g3 -Wall -fmessage-length=0 -ffunction-sections -c -fmessage-length=0 -MMD -MP -MF"Src/stm32f1xx_it.d" -MT"Src/stm32f1xx_it.o" -o "Src/stm32f1xx_it.o" "../Src/stm32f1xx_it.c"
Finished building: ../Src/stm32f1xx_it.c
 
Building file: ../Src/system_stm32f1xx.c
Invoking: MCU GCC Compiler
C:\Users\TARUC\Desktop\1-Wire-Communication-Emulation\Temperature Sensor\Debug
arm-none-eabi-gcc -mcpu=cortex-m3 -mthumb -mfloat-abi=soft '-D__weak=__attribute__((weak))' '-D__packed=__attribute__((__packed__))' -DUSE_HAL_DRIVER -DSTM32F103xB -I"C:/Users/TARUC/Desktop/1-Wire-Communication-Emulation/Temperature Sensor/Inc" -I"C:/Users/TARUC/Desktop/1-Wire-Communication-Emulation/Temperature Sensor/Drivers/STM32F1xx_HAL_Driver/Inc" -I"C:/Users/TARUC/Desktop/1-Wire-Communication-Emulation/Temperature Sensor/Drivers/STM32F1xx_HAL_Driver/Inc/Legacy" -I"C:/Users/TARUC/Desktop/1-Wire-Communication-Emulation/Temperature Sensor/Drivers/CMSIS/Device/ST/STM32F1xx/Include" -I"C:/Users/TARUC/Desktop/1-Wire-Communication-Emulation/Temperature Sensor/Drivers/CMSIS/Include" -I"C:/Users/TARUC/Desktop/1-Wire-Communication-Emulation/Temperature Sensor/Inc"  -Og -g3 -Wall -fmessage-length=0 -ffunction-sections -c -fmessage-length=0 -MMD -MP -MF"Src/system_stm32f1xx.d" -MT"Src/system_stm32f1xx.o" -o "Src/system_stm32f1xx.o" "../Src/system_stm32f1xx.c"
Finished building: ../Src/system_stm32f1xx.c
 
Building file: ../Src/timer.c
Invoking: MCU GCC Compiler
C:\Users\TARUC\Desktop\1-Wire-Communication-Emulation\Temperature Sensor\Debug
arm-none-eabi-gcc -mcpu=cortex-m3 -mthumb -mfloat-abi=soft '-D__weak=__attribute__((weak))' '-D__packed=__attribute__((__packed__))' -DUSE_HAL_DRIVER -DSTM32F103xB -I"C:/Users/TARUC/Desktop/1-Wire-Communication-Emulation/Temperature Sensor/Inc" -I"C:/Users/TARUC/Desktop/1-Wire-Communication-Emulation/Temperature Sensor/Drivers/STM32F1xx_HAL_Driver/Inc" -I"C:/Users/TARUC/Desktop/1-Wire-Communication-Emulation/Temperature Sensor/Drivers/STM32F1xx_HAL_Driver/Inc/Legacy" -I"C:/Users/TARUC/Desktop/1-Wire-Communication-Emulation/Temperature Sensor/Drivers/CMSIS/Device/ST/STM32F1xx/Include" -I"C:/Users/TARUC/Desktop/1-Wire-Communication-Emulation/Temperature Sensor/Drivers/CMSIS/Include" -I"C:/Users/TARUC/Desktop/1-Wire-Communication-Emulation/Temperature Sensor/Inc"  -Og -g3 -Wall -fmessage-length=0 -ffunction-sections -c -fmessage-length=0 -MMD -MP -MF"Src/timer.d" -MT"Src/timer.o" -o "Src/timer.o" "../Src/timer.c"
Finished building: ../Src/timer.c
 
Building file: ../Src/uart.c
Invoking: MCU GCC Compiler
C:\Users\TARUC\Desktop\1-Wire-Communication-Emulation\Temperature Sensor\Debug
arm-none-eabi-gcc -mcpu=cortex-m3 -mthumb -mfloat-abi=soft '-D__weak=__attribute__((weak))' '-D__packed=__attribute__((__packed__))' -DUSE_HAL_DRIVER -DSTM32F103xB -I"C:/Users/TARUC/Desktop/1-Wire-Communication-Emulation/Temperature Sensor/Inc" -I"C:/Users/TARUC/Desktop/1-Wire-Communication-Emulation/Temperature Sensor/Drivers/STM32F1xx_HAL_Driver/Inc" -I"C:/Users/TARUC/Desktop/1-Wire-Communication-Emulation/Temperature Sensor/Drivers/STM32F1xx_HAL_Driver/Inc/Legacy" -I"C:/Users/TARUC/Desktop/1-Wire-Communication-Emulation/Temperature Sensor/Drivers/CMSIS/Device/ST/STM32F1xx/Include" -I"C:/Users/TARUC/Desktop/1-Wire-Communication-Emulation/Temperature Sensor/Drivers/CMSIS/Include" -I"C:/Users/TARUC/Desktop/1-Wire-Communication-Emulation/Temperature Sensor/Inc"  -Og -g3 -Wall -fmessage-length=0 -ffunction-sections -c -fmessage-length=0 -MMD -MP -MF"Src/uart.d" -MT"Src/uart.o" -o "Src/uart.o" "../Src/uart.c"
Finished building: ../Src/uart.c
 
Building file: ../Drivers/STM32F1xx_HAL_Driver/Src/stm32f1xx_hal.c
Invoking: MCU GCC Compiler
C:\Users\TARUC\Desktop\1-Wire-Communication-Emulation\Temperature Sensor\Debug
arm-none-eabi-gcc -mcpu=cortex-m3 -mthumb -mfloat-abi=soft '-D__weak=__attribute__((weak))' '-D__packed=__attribute__((__packed__))' -DUSE_HAL_DRIVER -DSTM32F103xB -I"C:/Users/TARUC/Desktop/1-Wire-Communication-Emulation/Temperature Sensor/Inc" -I"C:/Users/TARUC/Desktop/1-Wire-Communication-Emulation/Temperature Sensor/Drivers/STM32F1xx_HAL_Driver/Inc" -I"C:/Users/TARUC/Desktop/1-Wire-Communication-Emulation/Temperature Sensor/Drivers/STM32F1xx_HAL_Driver/Inc/Legacy" -I"C:/Users/TARUC/Desktop/1-Wire-Communication-Emulation/Temperature Sensor/Drivers/CMSIS/Device/ST/STM32F1xx/Include" -I"C:/Users/TARUC/Desktop/1-Wire-Communication-Emulation/Temperature Sensor/Drivers/CMSIS/Include" -I"C:/Users/TARUC/Desktop/1-Wire-Communication-Emulation/Temperature Sensor/Inc"  -Og -g3 -Wall -fmessage-length=0 -ffunction-sections -c -fmessage-length=0 -MMD -MP -MF"Drivers/STM32F1xx_HAL_Driver/Src/stm32f1xx_hal.d" -MT"Drivers/STM32F1xx_HAL_Driver/Src/stm32f1xx_hal.o" -o "Drivers/STM32F1xx_HAL_Driver/Src/stm32f1xx_hal.o" "../Drivers/STM32F1xx_HAL_Driver/Src/stm32f1xx_hal.c"
Finished building: ../Drivers/STM32F1xx_HAL_Driver/Src/stm32f1xx_hal.c
 
Building file: ../Drivers/STM32F1xx_HAL_Driver/Src/stm32f1xx_hal_cortex.c
Invoking: MCU GCC Compiler
C:\Users\TARUC\Desktop\1-Wire-Communication-Emulation\Temperature Sensor\Debug
arm-none-eabi-gcc -mcpu=cortex-m3 -mthumb -mfloat-abi=soft '-D__weak=__attribute__((weak))' '-D__packed=__attribute__((__packed__))' -DUSE_HAL_DRIVER -DSTM32F103xB -I"C:/Users/TARUC/Desktop/1-Wire-Communication-Emulation/Temperature Sensor/Inc" -I"C:/Users/TARUC/Desktop/1-Wire-Communication-Emulation/Temperature Sensor/Drivers/STM32F1xx_HAL_Driver/Inc" -I"C:/Users/TARUC/Desktop/1-Wire-Communication-Emulation/Temperature Sensor/Drivers/STM32F1xx_HAL_Driver/Inc/Legacy" -I"C:/Users/TARUC/Desktop/1-Wire-Communication-Emulation/Temperature Sensor/Drivers/CMSIS/Device/ST/STM32F1xx/Include" -I"C:/Users/TARUC/Desktop/1-Wire-Communication-Emulation/Temperature Sensor/Drivers/CMSIS/Include" -I"C:/Users/TARUC/Desktop/1-Wire-Communication-Emulation/Temperature Sensor/Inc"  -Og -g3 -Wall -fmessage-length=0 -ffunction-sections -c -fmessage-length=0 -MMD -MP -MF"Drivers/STM32F1xx_HAL_Driver/Src/stm32f1xx_hal_cortex.d" -MT"Drivers/STM32F1xx_HAL_Driver/Src/stm32f1xx_hal_cortex.o" -o "Drivers/STM32F1xx_HAL_Driver/Src/stm32f1xx_hal_cortex.o" "../Drivers/STM32F1xx_HAL_Driver/Src/stm32f1xx_hal_cortex.c"
Finished building: ../Drivers/STM32F1xx_HAL_Driver/Src/stm32f1xx_hal_cortex.c
 
Building file: ../Drivers/STM32F1xx_HAL_Driver/Src/stm32f1xx_hal_dma.c
Invoking: MCU GCC Compiler
C:\Users\TARUC\Desktop\1-Wire-Communication-Emulation\Temperature Sensor\Debug
arm-none-eabi-gcc -mcpu=cortex-m3 -mthumb -mfloat-abi=soft '-D__weak=__attribute__((weak))' '-D__packed=__attribute__((__packed__))' -DUSE_HAL_DRIVER -DSTM32F103xB -I"C:/Users/TARUC/Desktop/1-Wire-Communication-Emulation/Temperature Sensor/Inc" -I"C:/Users/TARUC/Desktop/1-Wire-Communication-Emulation/Temperature Sensor/Drivers/STM32F1xx_HAL_Driver/Inc" -I"C:/Users/TARUC/Desktop/1-Wire-Communication-Emulation/Temperature Sensor/Drivers/STM32F1xx_HAL_Driver/Inc/Legacy" -I"C:/Users/TARUC/Desktop/1-Wire-Communication-Emulation/Temperature Sensor/Drivers/CMSIS/Device/ST/STM32F1xx/Include" -I"C:/Users/TARUC/Desktop/1-Wire-Communication-Emulation/Temperature Sensor/Drivers/CMSIS/Include" -I"C:/Users/TARUC/Desktop/1-Wire-Communication-Emulation/Temperature Sensor/Inc"  -Og -g3 -Wall -fmessage-length=0 -ffunction-sections -c -fmessage-length=0 -MMD -MP -MF"Drivers/STM32F1xx_HAL_Driver/Src/stm32f1xx_hal_dma.d" -MT"Drivers/STM32F1xx_HAL_Driver/Src/stm32f1xx_hal_dma.o" -o "Drivers/STM32F1xx_HAL_Driver/Src/stm32f1xx_hal_dma.o" "../Drivers/STM32F1xx_HAL_Driver/Src/stm32f1xx_hal_dma.c"
Finished building: ../Drivers/STM32F1xx_HAL_Driver/Src/stm32f1xx_hal_dma.c
 
Building file: ../Drivers/STM32F1xx_HAL_Driver/Src/stm32f1xx_hal_flash.c
Invoking: MCU GCC Compiler
C:\Users\TARUC\Desktop\1-Wire-Communication-Emulation\Temperature Sensor\Debug
arm-none-eabi-gcc -mcpu=cortex-m3 -mthumb -mfloat-abi=soft '-D__weak=__attribute__((weak))' '-D__packed=__attribute__((__packed__))' -DUSE_HAL_DRIVER -DSTM32F103xB -I"C:/Users/TARUC/Desktop/1-Wire-Communication-Emulation/Temperature Sensor/Inc" -I"C:/Users/TARUC/Desktop/1-Wire-Communication-Emulation/Temperature Sensor/Drivers/STM32F1xx_HAL_Driver/Inc" -I"C:/Users/TARUC/Desktop/1-Wire-Communication-Emulation/Temperature Sensor/Drivers/STM32F1xx_HAL_Driver/Inc/Legacy" -I"C:/Users/TARUC/Desktop/1-Wire-Communication-Emulation/Temperature Sensor/Drivers/CMSIS/Device/ST/STM32F1xx/Include" -I"C:/Users/TARUC/Desktop/1-Wire-Communication-Emulation/Temperature Sensor/Drivers/CMSIS/Include" -I"C:/Users/TARUC/Desktop/1-Wire-Communication-Emulation/Temperature Sensor/Inc"  -Og -g3 -Wall -fmessage-length=0 -ffunction-sections -c -fmessage-length=0 -MMD -MP -MF"Drivers/STM32F1xx_HAL_Driver/Src/stm32f1xx_hal_flash.d" -MT"Drivers/STM32F1xx_HAL_Driver/Src/stm32f1xx_hal_flash.o" -o "Drivers/STM32F1xx_HAL_Driver/Src/stm32f1xx_hal_flash.o" "../Drivers/STM32F1xx_HAL_Driver/Src/stm32f1xx_hal_flash.c"
Finished building: ../Drivers/STM32F1xx_HAL_Driver/Src/stm32f1xx_hal_flash.c
 
Building file: ../Drivers/STM32F1xx_HAL_Driver/Src/stm32f1xx_hal_flash_ex.c
Invoking: MCU GCC Compiler
C:\Users\TARUC\Desktop\1-Wire-Communication-Emulation\Temperature Sensor\Debug
arm-none-eabi-gcc -mcpu=cortex-m3 -mthumb -mfloat-abi=soft '-D__weak=__attribute__((weak))' '-D__packed=__attribute__((__packed__))' -DUSE_HAL_DRIVER -DSTM32F103xB -I"C:/Users/TARUC/Desktop/1-Wire-Communication-Emulation/Temperature Sensor/Inc" -I"C:/Users/TARUC/Desktop/1-Wire-Communication-Emulation/Temperature Sensor/Drivers/STM32F1xx_HAL_Driver/Inc" -I"C:/Users/TARUC/Desktop/1-Wire-Communication-Emulation/Temperature Sensor/Drivers/STM32F1xx_HAL_Driver/Inc/Legacy" -I"C:/Users/TARUC/Desktop/1-Wire-Communication-Emulation/Temperature Sensor/Drivers/CMSIS/Device/ST/STM32F1xx/Include" -I"C:/Users/TARUC/Desktop/1-Wire-Communication-Emulation/Temperature Sensor/Drivers/CMSIS/Include" -I"C:/Users/TARUC/Desktop/1-Wire-Communication-Emulation/Temperature Sensor/Inc"  -Og -g3 -Wall -fmessage-length=0 -ffunction-sections -c -fmessage-length=0 -MMD -MP -MF"Drivers/STM32F1xx_HAL_Driver/Src/stm32f1xx_hal_flash_ex.d" -MT"Drivers/STM32F1xx_HAL_Driver/Src/stm32f1xx_hal_flash_ex.o" -o "Drivers/STM32F1xx_HAL_Driver/Src/stm32f1xx_hal_flash_ex.o" "../Drivers/STM32F1xx_HAL_Driver/Src/stm32f1xx_hal_flash_ex.c"
Finished building: ../Drivers/STM32F1xx_HAL_Driver/Src/stm32f1xx_hal_flash_ex.c
 
Building file: ../Drivers/STM32F1xx_HAL_Driver/Src/stm32f1xx_hal_gpio.c
Invoking: MCU GCC Compiler
C:\Users\TARUC\Desktop\1-Wire-Communication-Emulation\Temperature Sensor\Debug
arm-none-eabi-gcc -mcpu=cortex-m3 -mthumb -mfloat-abi=soft '-D__weak=__attribute__((weak))' '-D__packed=__attribute__((__packed__))' -DUSE_HAL_DRIVER -DSTM32F103xB -I"C:/Users/TARUC/Desktop/1-Wire-Communication-Emulation/Temperature Sensor/Inc" -I"C:/Users/TARUC/Desktop/1-Wire-Communication-Emulation/Temperature Sensor/Drivers/STM32F1xx_HAL_Driver/Inc" -I"C:/Users/TARUC/Desktop/1-Wire-Communication-Emulation/Temperature Sensor/Drivers/STM32F1xx_HAL_Driver/Inc/Legacy" -I"C:/Users/TARUC/Desktop/1-Wire-Communication-Emulation/Temperature Sensor/Drivers/CMSIS/Device/ST/STM32F1xx/Include" -I"C:/Users/TARUC/Desktop/1-Wire-Communication-Emulation/Temperature Sensor/Drivers/CMSIS/Include" -I"C:/Users/TARUC/Desktop/1-Wire-Communication-Emulation/Temperature Sensor/Inc"  -Og -g3 -Wall -fmessage-length=0 -ffunction-sections -c -fmessage-length=0 -MMD -MP -MF"Drivers/STM32F1xx_HAL_Driver/Src/stm32f1xx_hal_gpio.d" -MT"Drivers/STM32F1xx_HAL_Driver/Src/stm32f1xx_hal_gpio.o" -o "Drivers/STM32F1xx_HAL_Driver/Src/stm32f1xx_hal_gpio.o" "../Drivers/STM32F1xx_HAL_Driver/Src/stm32f1xx_hal_gpio.c"
Finished building: ../Drivers/STM32F1xx_HAL_Driver/Src/stm32f1xx_hal_gpio.c
 
Building file: ../Drivers/STM32F1xx_HAL_Driver/Src/stm32f1xx_hal_gpio_ex.c
Invoking: MCU GCC Compiler
C:\Users\TARUC\Desktop\1-Wire-Communication-Emulation\Temperature Sensor\Debug
arm-none-eabi-gcc -mcpu=cortex-m3 -mthumb -mfloat-abi=soft '-D__weak=__attribute__((weak))' '-D__packed=__attribute__((__packed__))' -DUSE_HAL_DRIVER -DSTM32F103xB -I"C:/Users/TARUC/Desktop/1-Wire-Communication-Emulation/Temperature Sensor/Inc" -I"C:/Users/TARUC/Desktop/1-Wire-Communication-Emulation/Temperature Sensor/Drivers/STM32F1xx_HAL_Driver/Inc" -I"C:/Users/TARUC/Desktop/1-Wire-Communication-Emulation/Temperature Sensor/Drivers/STM32F1xx_HAL_Driver/Inc/Legacy" -I"C:/Users/TARUC/Desktop/1-Wire-Communication-Emulation/Temperature Sensor/Drivers/CMSIS/Device/ST/STM32F1xx/Include" -I"C:/Users/TARUC/Desktop/1-Wire-Communication-Emulation/Temperature Sensor/Drivers/CMSIS/Include" -I"C:/Users/TARUC/Desktop/1-Wire-Communication-Emulation/Temperature Sensor/Inc"  -Og -g3 -Wall -fmessage-length=0 -ffunction-sections -c -fmessage-length=0 -MMD -MP -MF"Drivers/STM32F1xx_HAL_Driver/Src/stm32f1xx_hal_gpio_ex.d" -MT"Drivers/STM32F1xx_HAL_Driver/Src/stm32f1xx_hal_gpio_ex.o" -o "Drivers/STM32F1xx_HAL_Driver/Src/stm32f1xx_hal_gpio_ex.o" "../Drivers/STM32F1xx_HAL_Driver/Src/stm32f1xx_hal_gpio_ex.c"
Finished building: ../Drivers/STM32F1xx_HAL_Driver/Src/stm32f1xx_hal_gpio_ex.c
 
Building file: ../Drivers/STM32F1xx_HAL_Driver/Src/stm32f1xx_hal_pwr.c
Invoking: MCU GCC Compiler
C:\Users\TARUC\Desktop\1-Wire-Communication-Emulation\Temperature Sensor\Debug
arm-none-eabi-gcc -mcpu=cortex-m3 -mthumb -mfloat-abi=soft '-D__weak=__attribute__((weak))' '-D__packed=__attribute__((__packed__))' -DUSE_HAL_DRIVER -DSTM32F103xB -I"C:/Users/TARUC/Desktop/1-Wire-Communication-Emulation/Temperature Sensor/Inc" -I"C:/Users/TARUC/Desktop/1-Wire-Communication-Emulation/Temperature Sensor/Drivers/STM32F1xx_HAL_Driver/Inc" -I"C:/Users/TARUC/Desktop/1-Wire-Communication-Emulation/Temperature Sensor/Drivers/STM32F1xx_HAL_Driver/Inc/Legacy" -I"C:/Users/TARUC/Desktop/1-Wire-Communication-Emulation/Temperature Sensor/Drivers/CMSIS/Device/ST/STM32F1xx/Include" -I"C:/Users/TARUC/Desktop/1-Wire-Communication-Emulation/Temperature Sensor/Drivers/CMSIS/Include" -I"C:/Users/TARUC/Desktop/1-Wire-Communication-Emulation/Temperature Sensor/Inc"  -Og -g3 -Wall -fmessage-length=0 -ffunction-sections -c -fmessage-length=0 -MMD -MP -MF"Drivers/STM32F1xx_HAL_Driver/Src/stm32f1xx_hal_pwr.d" -MT"Drivers/STM32F1xx_HAL_Driver/Src/stm32f1xx_hal_pwr.o" -o "Drivers/STM32F1xx_HAL_Driver/Src/stm32f1xx_hal_pwr.o" "../Drivers/STM32F1xx_HAL_Driver/Src/stm32f1xx_hal_pwr.c"
Finished building: ../Drivers/STM32F1xx_HAL_Driver/Src/stm32f1xx_hal_pwr.c
 
Building file: ../Drivers/STM32F1xx_HAL_Driver/Src/stm32f1xx_hal_rcc.c
Invoking: MCU GCC Compiler
C:\Users\TARUC\Desktop\1-Wire-Communication-Emulation\Temperature Sensor\Debug
arm-none-eabi-gcc -mcpu=cortex-m3 -mthumb -mfloat-abi=soft '-D__weak=__attribute__((weak))' '-D__packed=__attribute__((__packed__))' -DUSE_HAL_DRIVER -DSTM32F103xB -I"C:/Users/TARUC/Desktop/1-Wire-Communication-Emulation/Temperature Sensor/Inc" -I"C:/Users/TARUC/Desktop/1-Wire-Communication-Emulation/Temperature Sensor/Drivers/STM32F1xx_HAL_Driver/Inc" -I"C:/Users/TARUC/Desktop/1-Wire-Communication-Emulation/Temperature Sensor/Drivers/STM32F1xx_HAL_Driver/Inc/Legacy" -I"C:/Users/TARUC/Desktop/1-Wire-Communication-Emulation/Temperature Sensor/Drivers/CMSIS/Device/ST/STM32F1xx/Include" -I"C:/Users/TARUC/Desktop/1-Wire-Communication-Emulation/Temperature Sensor/Drivers/CMSIS/Include" -I"C:/Users/TARUC/Desktop/1-Wire-Communication-Emulation/Temperature Sensor/Inc"  -Og -g3 -Wall -fmessage-length=0 -ffunction-sections -c -fmessage-length=0 -MMD -MP -MF"Drivers/STM32F1xx_HAL_Driver/Src/stm32f1xx_hal_rcc.d" -MT"Drivers/STM32F1xx_HAL_Driver/Src/stm32f1xx_hal_rcc.o" -o "Drivers/STM32F1xx_HAL_Driver/Src/stm32f1xx_hal_rcc.o" "../Drivers/STM32F1xx_HAL_Driver/Src/stm32f1xx_hal_rcc.c"
Finished building: ../Drivers/STM32F1xx_HAL_Driver/Src/stm32f1xx_hal_rcc.c
 
Building file: ../Drivers/STM32F1xx_HAL_Driver/Src/stm32f1xx_hal_rcc_ex.c
Invoking: MCU GCC Compiler
C:\Users\TARUC\Desktop\1-Wire-Communication-Emulation\Temperature Sensor\Debug
arm-none-eabi-gcc -mcpu=cortex-m3 -mthumb -mfloat-abi=soft '-D__weak=__attribute__((weak))' '-D__packed=__attribute__((__packed__))' -DUSE_HAL_DRIVER -DSTM32F103xB -I"C:/Users/TARUC/Desktop/1-Wire-Communication-Emulation/Temperature Sensor/Inc" -I"C:/Users/TARUC/Desktop/1-Wire-Communication-Emulation/Temperature Sensor/Drivers/STM32F1xx_HAL_Driver/Inc" -I"C:/Users/TARUC/Desktop/1-Wire-Communication-Emulation/Temperature Sensor/Drivers/STM32F1xx_HAL_Driver/Inc/Legacy" -I"C:/Users/TARUC/Desktop/1-Wire-Communication-Emulation/Temperature Sensor/Drivers/CMSIS/Device/ST/STM32F1xx/Include" -I"C:/Users/TARUC/Desktop/1-Wire-Communication-Emulation/Temperature Sensor/Drivers/CMSIS/Include" -I"C:/Users/TARUC/Desktop/1-Wire-Communication-Emulation/Temperature Sensor/Inc"  -Og -g3 -Wall -fmessage-length=0 -ffunction-sections -c -fmessage-length=0 -MMD -MP -MF"Drivers/STM32F1xx_HAL_Driver/Src/stm32f1xx_hal_rcc_ex.d" -MT"Drivers/STM32F1xx_HAL_Driver/Src/stm32f1xx_hal_rcc_ex.o" -o "Drivers/STM32F1xx_HAL_Driver/Src/stm32f1xx_hal_rcc_ex.o" "../Drivers/STM32F1xx_HAL_Driver/Src/stm32f1xx_hal_rcc_ex.c"
Finished building: ../Drivers/STM32F1xx_HAL_Driver/Src/stm32f1xx_hal_rcc_ex.c
 
Building file: ../Drivers/STM32F1xx_HAL_Driver/Src/stm32f1xx_hal_tim.c
Invoking: MCU GCC Compiler
C:\Users\TARUC\Desktop\1-Wire-Communication-Emulation\Temperature Sensor\Debug
arm-none-eabi-gcc -mcpu=cortex-m3 -mthumb -mfloat-abi=soft '-D__weak=__attribute__((weak))' '-D__packed=__attribute__((__packed__))' -DUSE_HAL_DRIVER -DSTM32F103xB -I"C:/Users/TARUC/Desktop/1-Wire-Communication-Emulation/Temperature Sensor/Inc" -I"C:/Users/TARUC/Desktop/1-Wire-Communication-Emulation/Temperature Sensor/Drivers/STM32F1xx_HAL_Driver/Inc" -I"C:/Users/TARUC/Desktop/1-Wire-Communication-Emulation/Temperature Sensor/Drivers/STM32F1xx_HAL_Driver/Inc/Legacy" -I"C:/Users/TARUC/Desktop/1-Wire-Communication-Emulation/Temperature Sensor/Drivers/CMSIS/Device/ST/STM32F1xx/Include" -I"C:/Users/TARUC/Desktop/1-Wire-Communication-Emulation/Temperature Sensor/Drivers/CMSIS/Include" -I"C:/Users/TARUC/Desktop/1-Wire-Communication-Emulation/Temperature Sensor/Inc"  -Og -g3 -Wall -fmessage-length=0 -ffunction-sections -c -fmessage-length=0 -MMD -MP -MF"Drivers/STM32F1xx_HAL_Driver/Src/stm32f1xx_hal_tim.d" -MT"Drivers/STM32F1xx_HAL_Driver/Src/stm32f1xx_hal_tim.o" -o "Drivers/STM32F1xx_HAL_Driver/Src/stm32f1xx_hal_tim.o" "../Drivers/STM32F1xx_HAL_Driver/Src/stm32f1xx_hal_tim.c"
Finished building: ../Drivers/STM32F1xx_HAL_Driver/Src/stm32f1xx_hal_tim.c
 
Building file: ../Drivers/STM32F1xx_HAL_Driver/Src/stm32f1xx_hal_tim_ex.c
Invoking: MCU GCC Compiler
C:\Users\TARUC\Desktop\1-Wire-Communication-Emulation\Temperature Sensor\Debug
arm-none-eabi-gcc -mcpu=cortex-m3 -mthumb -mfloat-abi=soft '-D__weak=__attribute__((weak))' '-D__packed=__attribute__((__packed__))' -DUSE_HAL_DRIVER -DSTM32F103xB -I"C:/Users/TARUC/Desktop/1-Wire-Communication-Emulation/Temperature Sensor/Inc" -I"C:/Users/TARUC/Desktop/1-Wire-Communication-Emulation/Temperature Sensor/Drivers/STM32F1xx_HAL_Driver/Inc" -I"C:/Users/TARUC/Desktop/1-Wire-Communication-Emulation/Temperature Sensor/Drivers/STM32F1xx_HAL_Driver/Inc/Legacy" -I"C:/Users/TARUC/Desktop/1-Wire-Communication-Emulation/Temperature Sensor/Drivers/CMSIS/Device/ST/STM32F1xx/Include" -I"C:/Users/TARUC/Desktop/1-Wire-Communication-Emulation/Temperature Sensor/Drivers/CMSIS/Include" -I"C:/Users/TARUC/Desktop/1-Wire-Communication-Emulation/Temperature Sensor/Inc"  -Og -g3 -Wall -fmessage-length=0 -ffunction-sections -c -fmessage-length=0 -MMD -MP -MF"Drivers/STM32F1xx_HAL_Driver/Src/stm32f1xx_hal_tim_ex.d" -MT"Drivers/STM32F1xx_HAL_Driver/Src/stm32f1xx_hal_tim_ex.o" -o "Drivers/STM32F1xx_HAL_Driver/Src/stm32f1xx_hal_tim_ex.o" "../Drivers/STM32F1xx_HAL_Driver/Src/stm32f1xx_hal_tim_ex.c"
Finished building: ../Drivers/STM32F1xx_HAL_Driver/Src/stm32f1xx_hal_tim_ex.c
 
Building file: ../Drivers/STM32F1xx_HAL_Driver/Src/stm32f1xx_hal_uart.c
Invoking: MCU GCC Compiler
C:\Users\TARUC\Desktop\1-Wire-Communication-Emulation\Temperature Sensor\Debug
arm-none-eabi-gcc -mcpu=cortex-m3 -mthumb -mfloat-abi=soft '-D__weak=__attribute__((weak))' '-D__packed=__attribute__((__packed__))' -DUSE_HAL_DRIVER -DSTM32F103xB -I"C:/Users/TARUC/Desktop/1-Wire-Communication-Emulation/Temperature Sensor/Inc" -I"C:/Users/TARUC/Desktop/1-Wire-Communication-Emulation/Temperature Sensor/Drivers/STM32F1xx_HAL_Driver/Inc" -I"C:/Users/TARUC/Desktop/1-Wire-Communication-Emulation/Temperature Sensor/Drivers/STM32F1xx_HAL_Driver/Inc/Legacy" -I"C:/Users/TARUC/Desktop/1-Wire-Communication-Emulation/Temperature Sensor/Drivers/CMSIS/Device/ST/STM32F1xx/Include" -I"C:/Users/TARUC/Desktop/1-Wire-Communication-Emulation/Temperature Sensor/Drivers/CMSIS/Include" -I"C:/Users/TARUC/Desktop/1-Wire-Communication-Emulation/Temperature Sensor/Inc"  -Og -g3 -Wall -fmessage-length=0 -ffunction-sections -c -fmessage-length=0 -MMD -MP -MF"Drivers/STM32F1xx_HAL_Driver/Src/stm32f1xx_hal_uart.d" -MT"Drivers/STM32F1xx_HAL_Driver/Src/stm32f1xx_hal_uart.o" -o "Drivers/STM32F1xx_HAL_Driver/Src/stm32f1xx_hal_uart.o" "../Drivers/STM32F1xx_HAL_Driver/Src/stm32f1xx_hal_uart.c"
Finished building: ../Drivers/STM32F1xx_HAL_Driver/Src/stm32f1xx_hal_uart.c
 
Building target: Temperature Sensor.elf
Invoking: MCU GCC Linker
arm-none-eabi-gcc -mcpu=cortex-m3 -mthumb -mfloat-abi=soft -specs=nosys.specs -specs=nano.specs -T"../STM32F103C8Tx_FLASH.ld" -Wl,-Map=output.map -Wl,--gc-sections -o "Temperature Sensor.elf" @"objects.list"   -lm
Finished building target: Temperature Sensor.elf
 
make --no-print-directory post-build
Generating binary and Printing size information:
arm-none-eabi-objcopy -O binary "Temperature Sensor.elf" "Temperature Sensor.bin"
arm-none-eabi-size "Temperature Sensor.elf"
   text	   data	    bss	    dec	    hex	filename
   7240	     24	   1704	   8968	   2308	Temperature Sensor.elf
 
18:29:49 **** Incremental Build of configuration Debug for project Temperature Sensor ****
make all 
Building file: ../Src/callback.c
Invoking: MCU GCC Compiler
C:\Users\TARUC\Desktop\1-Wire-Communication-Emulation\Temperature Sensor\Debug
arm-none-eabi-gcc -mcpu=cortex-m3 -mthumb -mfloat-abi=soft '-D__weak=__attribute__((weak))' '-D__packed=__attribute__((__packed__))' -DUSE_HAL_DRIVER -DSTM32F103xB -I"C:/Users/TARUC/Desktop/1-Wire-Communication-Emulation/Temperature Sensor/Inc" -I"C:/Users/TARUC/Desktop/1-Wire-Communication-Emulation/Temperature Sensor/Drivers/STM32F1xx_HAL_Driver/Inc" -I"C:/Users/TARUC/Desktop/1-Wire-Communication-Emulation/Temperature Sensor/Drivers/STM32F1xx_HAL_Driver/Inc/Legacy" -I"C:/Users/TARUC/Desktop/1-Wire-Communication-Emulation/Temperature Sensor/Drivers/CMSIS/Device/ST/STM32F1xx/Include" -I"C:/Users/TARUC/Desktop/1-Wire-Communication-Emulation/Temperature Sensor/Drivers/CMSIS/Include" -I"C:/Users/TARUC/Desktop/1-Wire-Communication-Emulation/Temperature Sensor/Inc"  -Og -g3 -Wall -fmessage-length=0 -ffunction-sections -c -fmessage-length=0 -MMD -MP -MF"Src/callback.d" -MT"Src/callback.o" -o "Src/callback.o" "../Src/callback.c"
Finished building: ../Src/callback.c
 
Building file: ../Src/main.c
Invoking: MCU GCC Compiler
C:\Users\TARUC\Desktop\1-Wire-Communication-Emulation\Temperature Sensor\Debug
arm-none-eabi-gcc -mcpu=cortex-m3 -mthumb -mfloat-abi=soft '-D__weak=__attribute__((weak))' '-D__packed=__attribute__((__packed__))' -DUSE_HAL_DRIVER -DSTM32F103xB -I"C:/Users/TARUC/Desktop/1-Wire-Communication-Emulation/Temperature Sensor/Inc" -I"C:/Users/TARUC/Desktop/1-Wire-Communication-Emulation/Temperature Sensor/Drivers/STM32F1xx_HAL_Driver/Inc" -I"C:/Users/TARUC/Desktop/1-Wire-Communication-Emulation/Temperature Sensor/Drivers/STM32F1xx_HAL_Driver/Inc/Legacy" -I"C:/Users/TARUC/Desktop/1-Wire-Communication-Emulation/Temperature Sensor/Drivers/CMSIS/Device/ST/STM32F1xx/Include" -I"C:/Users/TARUC/Desktop/1-Wire-Communication-Emulation/Temperature Sensor/Drivers/CMSIS/Include" -I"C:/Users/TARUC/Desktop/1-Wire-Communication-Emulation/Temperature Sensor/Inc"  -Og -g3 -Wall -fmessage-length=0 -ffunction-sections -c -fmessage-length=0 -MMD -MP -MF"Src/main.d" -MT"Src/main.o" -o "Src/main.o" "../Src/main.c"
Finished building: ../Src/main.c
 
Building file: ../Src/state_machine.c
Invoking: MCU GCC Compiler
C:\Users\TARUC\Desktop\1-Wire-Communication-Emulation\Temperature Sensor\Debug
arm-none-eabi-gcc -mcpu=cortex-m3 -mthumb -mfloat-abi=soft '-D__weak=__attribute__((weak))' '-D__packed=__attribute__((__packed__))' -DUSE_HAL_DRIVER -DSTM32F103xB -I"C:/Users/TARUC/Desktop/1-Wire-Communication-Emulation/Temperature Sensor/Inc" -I"C:/Users/TARUC/Desktop/1-Wire-Communication-Emulation/Temperature Sensor/Drivers/STM32F1xx_HAL_Driver/Inc" -I"C:/Users/TARUC/Desktop/1-Wire-Communication-Emulation/Temperature Sensor/Drivers/STM32F1xx_HAL_Driver/Inc/Legacy" -I"C:/Users/TARUC/Desktop/1-Wire-Communication-Emulation/Temperature Sensor/Drivers/CMSIS/Device/ST/STM32F1xx/Include" -I"C:/Users/TARUC/Desktop/1-Wire-Communication-Emulation/Temperature Sensor/Drivers/CMSIS/Include" -I"C:/Users/TARUC/Desktop/1-Wire-Communication-Emulation/Temperature Sensor/Inc"  -Og -g3 -Wall -fmessage-length=0 -ffunction-sections -c -fmessage-length=0 -MMD -MP -MF"Src/state_machine.d" -MT"Src/state_machine.o" -o "Src/state_machine.o" "../Src/state_machine.c"
Finished building: ../Src/state_machine.c
 
Building target: Temperature Sensor.elf
Invoking: MCU GCC Linker
arm-none-eabi-gcc -mcpu=cortex-m3 -mthumb -mfloat-abi=soft -specs=nosys.specs -specs=nano.specs -T"../STM32F103C8Tx_FLASH.ld" -Wl,-Map=output.map -Wl,--gc-sections -o "Temperature Sensor.elf" @"objects.list"   -lm
Finished building target: Temperature Sensor.elf
 
make --no-print-directory post-build
Generating binary and Printing size information:
arm-none-eabi-objcopy -O binary "Temperature Sensor.elf" "Temperature Sensor.bin"
arm-none-eabi-size "Temperature Sensor.elf"
   text	   data	    bss	    dec	    hex	filename
   7240	     24	   1704	   8968	   2308	Temperature Sensor.elf
 
18:29:55 **** Incremental Build of configuration Debug for project Temperature Sensor ****
make all 
make: Nothing to be done for `all'.
18:29:57 **** Incremental Build of configuration Debug for project Temperature Sensor ****
make all 
make: Nothing to be done for `all'.
18:30:48 **** Incremental Build of configuration Debug for project Temperature Sensor ****
make all 
Building file: ../Src/state_machine.c
Invoking: MCU GCC Compiler
C:\Users\TARUC\Desktop\1-Wire-Communication-Emulation\Temperature Sensor\Debug
arm-none-eabi-gcc -mcpu=cortex-m3 -mthumb -mfloat-abi=soft '-D__weak=__attribute__((weak))' '-D__packed=__attribute__((__packed__))' -DUSE_HAL_DRIVER -DSTM32F103xB -I"C:/Users/TARUC/Desktop/1-Wire-Communication-Emulation/Temperature Sensor/Inc" -I"C:/Users/TARUC/Desktop/1-Wire-Communication-Emulation/Temperature Sensor/Drivers/STM32F1xx_HAL_Driver/Inc" -I"C:/Users/TARUC/Desktop/1-Wire-Communication-Emulation/Temperature Sensor/Drivers/STM32F1xx_HAL_Driver/Inc/Legacy" -I"C:/Users/TARUC/Desktop/1-Wire-Communication-Emulation/Temperature Sensor/Drivers/CMSIS/Device/ST/STM32F1xx/Include" -I"C:/Users/TARUC/Desktop/1-Wire-Communication-Emulation/Temperature Sensor/Drivers/CMSIS/Include" -I"C:/Users/TARUC/Desktop/1-Wire-Communication-Emulation/Temperature Sensor/Inc"  -Og -g3 -Wall -fmessage-length=0 -ffunction-sections -c -fmessage-length=0 -MMD -MP -MF"Src/state_machine.d" -MT"Src/state_machine.o" -o "Src/state_machine.o" "../Src/state_machine.c"
Finished building: ../Src/state_machine.c
 
Building target: Temperature Sensor.elf
Invoking: MCU GCC Linker
arm-none-eabi-gcc -mcpu=cortex-m3 -mthumb -mfloat-abi=soft -specs=nosys.specs -specs=nano.specs -T"../STM32F103C8Tx_FLASH.ld" -Wl,-Map=output.map -Wl,--gc-sections -o "Temperature Sensor.elf" @"objects.list"   -lm
Finished building target: Temperature Sensor.elf
 
make --no-print-directory post-build
Generating binary and Printing size information:
arm-none-eabi-objcopy -O binary "Temperature Sensor.elf" "Temperature Sensor.bin"
arm-none-eabi-size "Temperature Sensor.elf"
   text	   data	    bss	    dec	    hex	filename
   7196	     24	   1704	   8924	   22dc	Temperature Sensor.elf
 
19:33:13 **** Incremental Build of configuration Debug for project Temperature Sensor ****
make all 
Building file: ../Src/state_machine.c
Invoking: MCU GCC Compiler
C:\Users\TARUC\Desktop\1-Wire-Communication-Emulation\Temperature Sensor\Debug
arm-none-eabi-gcc -mcpu=cortex-m3 -mthumb -mfloat-abi=soft '-D__weak=__attribute__((weak))' '-D__packed=__attribute__((__packed__))' -DUSE_HAL_DRIVER -DSTM32F103xB -I"C:/Users/TARUC/Desktop/1-Wire-Communication-Emulation/Temperature Sensor/Inc" -I"C:/Users/TARUC/Desktop/1-Wire-Communication-Emulation/Temperature Sensor/Drivers/STM32F1xx_HAL_Driver/Inc" -I"C:/Users/TARUC/Desktop/1-Wire-Communication-Emulation/Temperature Sensor/Drivers/STM32F1xx_HAL_Driver/Inc/Legacy" -I"C:/Users/TARUC/Desktop/1-Wire-Communication-Emulation/Temperature Sensor/Drivers/CMSIS/Device/ST/STM32F1xx/Include" -I"C:/Users/TARUC/Desktop/1-Wire-Communication-Emulation/Temperature Sensor/Drivers/CMSIS/Include" -I"C:/Users/TARUC/Desktop/1-Wire-Communication-Emulation/Temperature Sensor/Inc"  -Og -g3 -Wall -fmessage-length=0 -ffunction-sections -c -fmessage-length=0 -MMD -MP -MF"Src/state_machine.d" -MT"Src/state_machine.o" -o "Src/state_machine.o" "../Src/state_machine.c"
Finished building: ../Src/state_machine.c
 
Building target: Temperature Sensor.elf
Invoking: MCU GCC Linker
arm-none-eabi-gcc -mcpu=cortex-m3 -mthumb -mfloat-abi=soft -specs=nosys.specs -specs=nano.specs -T"../STM32F103C8Tx_FLASH.ld" -Wl,-Map=output.map -Wl,--gc-sections -o "Temperature Sensor.elf" @"objects.list"   -lm
Finished building target: Temperature Sensor.elf
 
make --no-print-directory post-build
Generating binary and Printing size information:
arm-none-eabi-objcopy -O binary "Temperature Sensor.elf" "Temperature Sensor.bin"
arm-none-eabi-size "Temperature Sensor.elf"
   text	   data	    bss	    dec	    hex	filename
   7240	     24	   1704	   8968	   2308	Temperature Sensor.elf
 
19:33:46 **** Incremental Build of configuration Debug for project Temperature Sensor ****
make all 
Building file: ../Src/state_machine.c
Invoking: MCU GCC Compiler
C:\Users\TARUC\Desktop\1-Wire-Communication-Emulation\Temperature Sensor\Debug
arm-none-eabi-gcc -mcpu=cortex-m3 -mthumb -mfloat-abi=soft '-D__weak=__attribute__((weak))' '-D__packed=__attribute__((__packed__))' -DUSE_HAL_DRIVER -DSTM32F103xB -I"C:/Users/TARUC/Desktop/1-Wire-Communication-Emulation/Temperature Sensor/Inc" -I"C:/Users/TARUC/Desktop/1-Wire-Communication-Emulation/Temperature Sensor/Drivers/STM32F1xx_HAL_Driver/Inc" -I"C:/Users/TARUC/Desktop/1-Wire-Communication-Emulation/Temperature Sensor/Drivers/STM32F1xx_HAL_Driver/Inc/Legacy" -I"C:/Users/TARUC/Desktop/1-Wire-Communication-Emulation/Temperature Sensor/Drivers/CMSIS/Device/ST/STM32F1xx/Include" -I"C:/Users/TARUC/Desktop/1-Wire-Communication-Emulation/Temperature Sensor/Drivers/CMSIS/Include" -I"C:/Users/TARUC/Desktop/1-Wire-Communication-Emulation/Temperature Sensor/Inc"  -Og -g3 -Wall -fmessage-length=0 -ffunction-sections -c -fmessage-length=0 -MMD -MP -MF"Src/state_machine.d" -MT"Src/state_machine.o" -o "Src/state_machine.o" "../Src/state_machine.c"
Finished building: ../Src/state_machine.c
 
Building target: Temperature Sensor.elf
Invoking: MCU GCC Linker
arm-none-eabi-gcc -mcpu=cortex-m3 -mthumb -mfloat-abi=soft -specs=nosys.specs -specs=nano.specs -T"../STM32F103C8Tx_FLASH.ld" -Wl,-Map=output.map -Wl,--gc-sections -o "Temperature Sensor.elf" @"objects.list"   -lm
Finished building target: Temperature Sensor.elf
 
make --no-print-directory post-build
Generating binary and Printing size information:
arm-none-eabi-objcopy -O binary "Temperature Sensor.elf" "Temperature Sensor.bin"
arm-none-eabi-size "Temperature Sensor.elf"
   text	   data	    bss	    dec	    hex	filename
   7244	     24	   1704	   8972	   230c	Temperature Sensor.elf
 
19:33:51 **** Incremental Build of configuration Debug for project Temperature Sensor ****
make all 
make: Nothing to be done for `all'.
19:34:02 **** Incremental Build of configuration Debug for project Temperature Sensor ****
make all 
make: Nothing to be done for `all'.
19:34:11 **** Incremental Build of configuration Debug for project Temperature Sensor ****
make all 
make: Nothing to be done for `all'.
19:34:37 **** Incremental Build of configuration Debug for project Temperature Sensor ****
make all 
make: Nothing to be done for `all'.
19:34:39 **** Incremental Build of configuration Debug for project Temperature Sensor ****
make all 
make: Nothing to be done for `all'.
19:36:12 **** Incremental Build of configuration Debug for project Temperature Sensor ****
make all 
make: Nothing to be done for `all'.
16:10:29 **** Incremental Build of configuration Debug for project Temperature Sensor ****
make all 
Building file: ../startup/startup_stm32f103xb.s
Invoking: MCU GCC Assembler
C:\Users\Prince\Desktop\1-Wire-Communication-Emulation\Temperature Sensor\Debug
arm-none-eabi-as -mcpu=cortex-m3 -mthumb -mfloat-abi=soft -g -o "startup/startup_stm32f103xb.o" "../startup/startup_stm32f103xb.s"
Finished building: ../startup/startup_stm32f103xb.s
 
Building file: ../Src/callback.c
Invoking: MCU GCC Compiler
C:\Users\Prince\Desktop\1-Wire-Communication-Emulation\Temperature Sensor\Debug
arm-none-eabi-gcc -mcpu=cortex-m3 -mthumb -mfloat-abi=soft '-D__weak=__attribute__((weak))' '-D__packed=__attribute__((__packed__))' -DUSE_HAL_DRIVER -DSTM32F103xB -I"C:/Users/Prince/Desktop/1-Wire-Communication-Emulation/Temperature Sensor/Inc" -I"C:/Users/Prince/Desktop/1-Wire-Communication-Emulation/Temperature Sensor/Drivers/STM32F1xx_HAL_Driver/Inc" -I"C:/Users/Prince/Desktop/1-Wire-Communication-Emulation/Temperature Sensor/Drivers/STM32F1xx_HAL_Driver/Inc/Legacy" -I"C:/Users/Prince/Desktop/1-Wire-Communication-Emulation/Temperature Sensor/Drivers/CMSIS/Device/ST/STM32F1xx/Include" -I"C:/Users/Prince/Desktop/1-Wire-Communication-Emulation/Temperature Sensor/Drivers/CMSIS/Include" -I"C:/Users/Prince/Desktop/1-Wire-Communication-Emulation/Temperature Sensor/Inc"  -Og -g3 -Wall -fmessage-length=0 -ffunction-sections -c -fmessage-length=0 -MMD -MP -MF"Src/callback.d" -MT"Src/callback.o" -o "Src/callback.o" "../Src/callback.c"
Finished building: ../Src/callback.c
 
Building file: ../Src/function.c
Invoking: MCU GCC Compiler
C:\Users\Prince\Desktop\1-Wire-Communication-Emulation\Temperature Sensor\Debug
arm-none-eabi-gcc -mcpu=cortex-m3 -mthumb -mfloat-abi=soft '-D__weak=__attribute__((weak))' '-D__packed=__attribute__((__packed__))' -DUSE_HAL_DRIVER -DSTM32F103xB -I"C:/Users/Prince/Desktop/1-Wire-Communication-Emulation/Temperature Sensor/Inc" -I"C:/Users/Prince/Desktop/1-Wire-Communication-Emulation/Temperature Sensor/Drivers/STM32F1xx_HAL_Driver/Inc" -I"C:/Users/Prince/Desktop/1-Wire-Communication-Emulation/Temperature Sensor/Drivers/STM32F1xx_HAL_Driver/Inc/Legacy" -I"C:/Users/Prince/Desktop/1-Wire-Communication-Emulation/Temperature Sensor/Drivers/CMSIS/Device/ST/STM32F1xx/Include" -I"C:/Users/Prince/Desktop/1-Wire-Communication-Emulation/Temperature Sensor/Drivers/CMSIS/Include" -I"C:/Users/Prince/Desktop/1-Wire-Communication-Emulation/Temperature Sensor/Inc"  -Og -g3 -Wall -fmessage-length=0 -ffunction-sections -c -fmessage-length=0 -MMD -MP -MF"Src/function.d" -MT"Src/function.o" -o "Src/function.o" "../Src/function.c"
Finished building: ../Src/function.c
 
Building file: ../Src/main.c
Invoking: MCU GCC Compiler
C:\Users\Prince\Desktop\1-Wire-Communication-Emulation\Temperature Sensor\Debug
arm-none-eabi-gcc -mcpu=cortex-m3 -mthumb -mfloat-abi=soft '-D__weak=__attribute__((weak))' '-D__packed=__attribute__((__packed__))' -DUSE_HAL_DRIVER -DSTM32F103xB -I"C:/Users/Prince/Desktop/1-Wire-Communication-Emulation/Temperature Sensor/Inc" -I"C:/Users/Prince/Desktop/1-Wire-Communication-Emulation/Temperature Sensor/Drivers/STM32F1xx_HAL_Driver/Inc" -I"C:/Users/Prince/Desktop/1-Wire-Communication-Emulation/Temperature Sensor/Drivers/STM32F1xx_HAL_Driver/Inc/Legacy" -I"C:/Users/Prince/Desktop/1-Wire-Communication-Emulation/Temperature Sensor/Drivers/CMSIS/Device/ST/STM32F1xx/Include" -I"C:/Users/Prince/Desktop/1-Wire-Communication-Emulation/Temperature Sensor/Drivers/CMSIS/Include" -I"C:/Users/Prince/Desktop/1-Wire-Communication-Emulation/Temperature Sensor/Inc"  -Og -g3 -Wall -fmessage-length=0 -ffunction-sections -c -fmessage-length=0 -MMD -MP -MF"Src/main.d" -MT"Src/main.o" -o "Src/main.o" "../Src/main.c"
Finished building: ../Src/main.c
 
Building file: ../Src/state_machine.c
Invoking: MCU GCC Compiler
C:\Users\Prince\Desktop\1-Wire-Communication-Emulation\Temperature Sensor\Debug
[...]
arm-none-eabi-objcopy -O binary "Temperature Sensor.elf" "Temperature Sensor.bin"
arm-none-eabi-size "Temperature Sensor.elf"
   text	   data	    bss	    dec	    hex	filename
  12384	    116	   2060	  14560	   38e0	Temperature Sensor.elf
 
11:48:21 **** Incremental Build of configuration Debug for project Temperature Sensor ****
make all 
Building file: ../Src/callback.c
Invoking: MCU GCC Compiler
C:\Users\TARUC\Desktop\1-Wire-Communication-Emulation\Temperature Sensor\Debug
arm-none-eabi-gcc -mcpu=cortex-m3 -mthumb -mfloat-abi=soft '-D__weak=__attribute__((weak))' '-D__packed=__attribute__((__packed__))' -DUSE_HAL_DRIVER -DSTM32F103xB -I"C:/Users/TARUC/Desktop/1-Wire-Communication-Emulation/Temperature Sensor/Inc" -I"C:/Users/TARUC/Desktop/1-Wire-Communication-Emulation/Temperature Sensor/Drivers/STM32F1xx_HAL_Driver/Inc" -I"C:/Users/TARUC/Desktop/1-Wire-Communication-Emulation/Temperature Sensor/Drivers/STM32F1xx_HAL_Driver/Inc/Legacy" -I"C:/Users/TARUC/Desktop/1-Wire-Communication-Emulation/Temperature Sensor/Drivers/CMSIS/Device/ST/STM32F1xx/Include" -I"C:/Users/TARUC/Desktop/1-Wire-Communication-Emulation/Temperature Sensor/Drivers/CMSIS/Include" -I"C:/Users/TARUC/Desktop/1-Wire-Communication-Emulation/Temperature Sensor/Inc"  -Og -g3 -Wall -fmessage-length=0 -ffunction-sections -c -fmessage-length=0 -MMD -MP -MF"Src/callback.d" -MT"Src/callback.o" -o "Src/callback.o" "../Src/callback.c"
Finished building: ../Src/callback.c
 
Building file: ../Src/hardware_interface.c
Invoking: MCU GCC Compiler
C:\Users\TARUC\Desktop\1-Wire-Communication-Emulation\Temperature Sensor\Debug
arm-none-eabi-gcc -mcpu=cortex-m3 -mthumb -mfloat-abi=soft '-D__weak=__attribute__((weak))' '-D__packed=__attribute__((__packed__))' -DUSE_HAL_DRIVER -DSTM32F103xB -I"C:/Users/TARUC/Desktop/1-Wire-Communication-Emulation/Temperature Sensor/Inc" -I"C:/Users/TARUC/Desktop/1-Wire-Communication-Emulation/Temperature Sensor/Drivers/STM32F1xx_HAL_Driver/Inc" -I"C:/Users/TARUC/Desktop/1-Wire-Communication-Emulation/Temperature Sensor/Drivers/STM32F1xx_HAL_Driver/Inc/Legacy" -I"C:/Users/TARUC/Desktop/1-Wire-Communication-Emulation/Temperature Sensor/Drivers/CMSIS/Device/ST/STM32F1xx/Include" -I"C:/Users/TARUC/Desktop/1-Wire-Communication-Emulation/Temperature Sensor/Drivers/CMSIS/Include" -I"C:/Users/TARUC/Desktop/1-Wire-Communication-Emulation/Temperature Sensor/Inc"  -Og -g3 -Wall -fmessage-length=0 -ffunction-sections -c -fmessage-length=0 -MMD -MP -MF"Src/hardware_interface.d" -MT"Src/hardware_interface.o" -o "Src/hardware_interface.o" "../Src/hardware_interface.c"
../Src/hardware_interface.c:9:22: fatal error: function.h: No such file or directory
compilation terminated.
make: *** [Src/hardware_interface.o] Error 1
11:48:30 **** Incremental Build of configuration Debug for project Temperature Sensor ****
make all 
Building file: ../Src/hardware_interface.c
Invoking: MCU GCC Compiler
C:\Users\TARUC\Desktop\1-Wire-Communication-Emulation\Temperature Sensor\Debug
arm-none-eabi-gcc -mcpu=cortex-m3 -mthumb -mfloat-abi=soft '-D__weak=__attribute__((weak))' '-D__packed=__attribute__((__packed__))' -DUSE_HAL_DRIVER -DSTM32F103xB -I"C:/Users/TARUC/Desktop/1-Wire-Communication-Emulation/Temperature Sensor/Inc" -I"C:/Users/TARUC/Desktop/1-Wire-Communication-Emulation/Temperature Sensor/Drivers/STM32F1xx_HAL_Driver/Inc" -I"C:/Users/TARUC/Desktop/1-Wire-Communication-Emulation/Temperature Sensor/Drivers/STM32F1xx_HAL_Driver/Inc/Legacy" -I"C:/Users/TARUC/Desktop/1-Wire-Communication-Emulation/Temperature Sensor/Drivers/CMSIS/Device/ST/STM32F1xx/Include" -I"C:/Users/TARUC/Desktop/1-Wire-Communication-Emulation/Temperature Sensor/Drivers/CMSIS/Include" -I"C:/Users/TARUC/Desktop/1-Wire-Communication-Emulation/Temperature Sensor/Inc"  -Og -g3 -Wall -fmessage-length=0 -ffunction-sections -c -fmessage-length=0 -MMD -MP -MF"Src/hardware_interface.d" -MT"Src/hardware_interface.o" -o "Src/hardware_interface.o" "../Src/hardware_interface.c"
Finished building: ../Src/hardware_interface.c
 
Building file: ../Src/main.c
Invoking: MCU GCC Compiler
C:\Users\TARUC\Desktop\1-Wire-Communication-Emulation\Temperature Sensor\Debug
arm-none-eabi-gcc -mcpu=cortex-m3 -mthumb -mfloat-abi=soft '-D__weak=__attribute__((weak))' '-D__packed=__attribute__((__packed__))' -DUSE_HAL_DRIVER -DSTM32F103xB -I"C:/Users/TARUC/Desktop/1-Wire-Communication-Emulation/Temperature Sensor/Inc" -I"C:/Users/TARUC/Desktop/1-Wire-Communication-Emulation/Temperature Sensor/Drivers/STM32F1xx_HAL_Driver/Inc" -I"C:/Users/TARUC/Desktop/1-Wire-Communication-Emulation/Temperature Sensor/Drivers/STM32F1xx_HAL_Driver/Inc/Legacy" -I"C:/Users/TARUC/Desktop/1-Wire-Communication-Emulation/Temperature Sensor/Drivers/CMSIS/Device/ST/STM32F1xx/Include" -I"C:/Users/TARUC/Desktop/1-Wire-Communication-Emulation/Temperature Sensor/Drivers/CMSIS/Include" -I"C:/Users/TARUC/Desktop/1-Wire-Communication-Emulation/Temperature Sensor/Inc"  -Og -g3 -Wall -fmessage-length=0 -ffunction-sections -c -fmessage-length=0 -MMD -MP -MF"Src/main.d" -MT"Src/main.o" -o "Src/main.o" "../Src/main.c"
Finished building: ../Src/main.c
 
Building file: ../Src/state_machine.c
Invoking: MCU GCC Compiler
C:\Users\TARUC\Desktop\1-Wire-Communication-Emulation\Temperature Sensor\Debug
arm-none-eabi-gcc -mcpu=cortex-m3 -mthumb -mfloat-abi=soft '-D__weak=__attribute__((weak))' '-D__packed=__attribute__((__packed__))' -DUSE_HAL_DRIVER -DSTM32F103xB -I"C:/Users/TARUC/Desktop/1-Wire-Communication-Emulation/Temperature Sensor/Inc" -I"C:/Users/TARUC/Desktop/1-Wire-Communication-Emulation/Temperature Sensor/Drivers/STM32F1xx_HAL_Driver/Inc" -I"C:/Users/TARUC/Desktop/1-Wire-Communication-Emulation/Temperature Sensor/Drivers/STM32F1xx_HAL_Driver/Inc/Legacy" -I"C:/Users/TARUC/Desktop/1-Wire-Communication-Emulation/Temperature Sensor/Drivers/CMSIS/Device/ST/STM32F1xx/Include" -I"C:/Users/TARUC/Desktop/1-Wire-Communication-Emulation/Temperature Sensor/Drivers/CMSIS/Include" -I"C:/Users/TARUC/Desktop/1-Wire-Communication-Emulation/Temperature Sensor/Inc"  -Og -g3 -Wall -fmessage-length=0 -ffunction-sections -c -fmessage-length=0 -MMD -MP -MF"Src/state_machine.d" -MT"Src/state_machine.o" -o "Src/state_machine.o" "../Src/state_machine.c"
Finished building: ../Src/state_machine.c
 
Building target: Temperature Sensor.elf
Invoking: MCU GCC Linker
arm-none-eabi-gcc -mcpu=cortex-m3 -mthumb -mfloat-abi=soft -specs=nosys.specs -specs=nano.specs -specs=rdimon.specs -lc -lrdimon -T"../STM32F103C8Tx_FLASH.ld" -Wl,-Map=output.map -Wl,--gc-sections -o "Temperature Sensor.elf" @"objects.list"   -lm
Finished building target: Temperature Sensor.elf
 
make --no-print-directory post-build
Generating binary and Printing size information:
arm-none-eabi-objcopy -O binary "Temperature Sensor.elf" "Temperature Sensor.bin"
arm-none-eabi-size "Temperature Sensor.elf"
   text	   data	    bss	    dec	    hex	filename
  12384	    116	   2060	  14560	   38e0	Temperature Sensor.elf
 
11:48:33 **** Incremental Build of configuration Debug for project Temperature Sensor ****
make all 
make: Nothing to be done for `all'.
12:06:45 **** Incremental Build of configuration Debug for project Temperature Sensor ****
make all 
Building file: ../Src/function.c
Invoking: MCU GCC Compiler
C:\Users\TARUC\Desktop\1-Wire-Communication-Emulation\Temperature Sensor\Debug
arm-none-eabi-gcc -mcpu=cortex-m3 -mthumb -mfloat-abi=soft '-D__weak=__attribute__((weak))' '-D__packed=__attribute__((__packed__))' -DUSE_HAL_DRIVER -DSTM32F103xB -I"C:/Users/TARUC/Desktop/1-Wire-Communication-Emulation/Temperature Sensor/Inc" -I"C:/Users/TARUC/Desktop/1-Wire-Communication-Emulation/Temperature Sensor/Drivers/STM32F1xx_HAL_Driver/Inc" -I"C:/Users/TARUC/Desktop/1-Wire-Communication-Emulation/Temperature Sensor/Drivers/STM32F1xx_HAL_Driver/Inc/Legacy" -I"C:/Users/TARUC/Desktop/1-Wire-Communication-Emulation/Temperature Sensor/Drivers/CMSIS/Device/ST/STM32F1xx/Include" -I"C:/Users/TARUC/Desktop/1-Wire-Communication-Emulation/Temperature Sensor/Drivers/CMSIS/Include" -I"C:/Users/TARUC/Desktop/1-Wire-Communication-Emulation/Temperature Sensor/Inc"  -Og -g3 -Wall -fmessage-length=0 -ffunction-sections -c -fmessage-length=0 -MMD -MP -MF"Src/function.d" -MT"Src/function.o" -o "Src/function.o" "../Src/function.c"
Finished building: ../Src/function.c
 
Building file: ../Src/main.c
Invoking: MCU GCC Compiler
C:\Users\TARUC\Desktop\1-Wire-Communication-Emulation\Temperature Sensor\Debug
arm-none-eabi-gcc -mcpu=cortex-m3 -mthumb -mfloat-abi=soft '-D__weak=__attribute__((weak))' '-D__packed=__attribute__((__packed__))' -DUSE_HAL_DRIVER -DSTM32F103xB -I"C:/Users/TARUC/Desktop/1-Wire-Communication-Emulation/Temperature Sensor/Inc" -I"C:/Users/TARUC/Desktop/1-Wire-Communication-Emulation/Temperature Sensor/Drivers/STM32F1xx_HAL_Driver/Inc" -I"C:/Users/TARUC/Desktop/1-Wire-Communication-Emulation/Temperature Sensor/Drivers/STM32F1xx_HAL_Driver/Inc/Legacy" -I"C:/Users/TARUC/Desktop/1-Wire-Communication-Emulation/Temperature Sensor/Drivers/CMSIS/Device/ST/STM32F1xx/Include" -I"C:/Users/TARUC/Desktop/1-Wire-Communication-Emulation/Temperature Sensor/Drivers/CMSIS/Include" -I"C:/Users/TARUC/Desktop/1-Wire-Communication-Emulation/Temperature Sensor/Inc"  -Og -g3 -Wall -fmessage-length=0 -ffunction-sections -c -fmessage-length=0 -MMD -MP -MF"Src/main.d" -MT"Src/main.o" -o "Src/main.o" "../Src/main.c"
Finished building: ../Src/main.c
 
Building file: ../Src/state_machine.c
Invoking: MCU GCC Compiler
C:\Users\TARUC\Desktop\1-Wire-Communication-Emulation\Temperature Sensor\Debug
arm-none-eabi-gcc -mcpu=cortex-m3 -mthumb -mfloat-abi=soft '-D__weak=__attribute__((weak))' '-D__packed=__attribute__((__packed__))' -DUSE_HAL_DRIVER -DSTM32F103xB -I"C:/Users/TARUC/Desktop/1-Wire-Communication-Emulation/Temperature Sensor/Inc" -I"C:/Users/TARUC/Desktop/1-Wire-Communication-Emulation/Temperature Sensor/Drivers/STM32F1xx_HAL_Driver/Inc" -I"C:/Users/TARUC/Desktop/1-Wire-Communication-Emulation/Temperature Sensor/Drivers/STM32F1xx_HAL_Driver/Inc/Legacy" -I"C:/Users/TARUC/Desktop/1-Wire-Communication-Emulation/Temperature Sensor/Drivers/CMSIS/Device/ST/STM32F1xx/Include" -I"C:/Users/TARUC/Desktop/1-Wire-Communication-Emulation/Temperature Sensor/Drivers/CMSIS/Include" -I"C:/Users/TARUC/Desktop/1-Wire-Communication-Emulation/Temperature Sensor/Inc"  -Og -g3 -Wall -fmessage-length=0 -ffunction-sections -c -fmessage-length=0 -MMD -MP -MF"Src/state_machine.d" -MT"Src/state_machine.o" -o "Src/state_machine.o" "../Src/state_machine.c"
Finished building: ../Src/state_machine.c
 
Building target: Temperature Sensor.elf
Invoking: MCU GCC Linker
arm-none-eabi-gcc -mcpu=cortex-m3 -mthumb -mfloat-abi=soft -specs=nosys.specs -specs=nano.specs -specs=rdimon.specs -lc -lrdimon -T"../STM32F103C8Tx_FLASH.ld" -Wl,-Map=output.map -Wl,--gc-sections -o "Temperature Sensor.elf" @"objects.list"   -lm
Finished building target: Temperature Sensor.elf
 
make --no-print-directory post-build
Generating binary and Printing size information:
arm-none-eabi-objcopy -O binary "Temperature Sensor.elf" "Temperature Sensor.bin"
arm-none-eabi-size "Temperature Sensor.elf"
   text	   data	    bss	    dec	    hex	filename
  12384	    116	   2060	  14560	   38e0	Temperature Sensor.elf
 
12:06:55 **** Incremental Build of configuration Debug for project Temperature Sensor ****
make all 
make: Nothing to be done for `all'.
12:07:00 **** Incremental Build of configuration Debug for project Temperature Sensor ****
make all 
make: Nothing to be done for `all'.
13:45:38 **** Incremental Build of configuration Debug for project Temperature Sensor ****
make all 
Building file: ../Src/main.c
Invoking: MCU GCC Compiler
C:\Users\TARUC\Desktop\1-Wire-Communication-Emulation\Temperature Sensor\Debug
arm-none-eabi-gcc -mcpu=cortex-m3 -mthumb -mfloat-abi=soft '-D__weak=__attribute__((weak))' '-D__packed=__attribute__((__packed__))' -DUSE_HAL_DRIVER -DSTM32F103xB -I"C:/Users/TARUC/Desktop/1-Wire-Communication-Emulation/Temperature Sensor/Inc" -I"C:/Users/TARUC/Desktop/1-Wire-Communication-Emulation/Temperature Sensor/Drivers/STM32F1xx_HAL_Driver/Inc" -I"C:/Users/TARUC/Desktop/1-Wire-Communication-Emulation/Temperature Sensor/Drivers/STM32F1xx_HAL_Driver/Inc/Legacy" -I"C:/Users/TARUC/Desktop/1-Wire-Communication-Emulation/Temperature Sensor/Drivers/CMSIS/Device/ST/STM32F1xx/Include" -I"C:/Users/TARUC/Desktop/1-Wire-Communication-Emulation/Temperature Sensor/Drivers/CMSIS/Include" -I"C:/Users/TARUC/Desktop/1-Wire-Communication-Emulation/Temperature Sensor/Inc"  -Og -g3 -Wall -fmessage-length=0 -ffunction-sections -c -fmessage-length=0 -MMD -MP -MF"Src/main.d" -MT"Src/main.o" -o "Src/main.o" "../Src/main.c"
Finished building: ../Src/main.c
 
Building file: ../Src/state_machine.c
Invoking: MCU GCC Compiler
C:\Users\TARUC\Desktop\1-Wire-Communication-Emulation\Temperature Sensor\Debug
arm-none-eabi-gcc -mcpu=cortex-m3 -mthumb -mfloat-abi=soft '-D__weak=__attribute__((weak))' '-D__packed=__attribute__((__packed__))' -DUSE_HAL_DRIVER -DSTM32F103xB -I"C:/Users/TARUC/Desktop/1-Wire-Communication-Emulation/Temperature Sensor/Inc" -I"C:/Users/TARUC/Desktop/1-Wire-Communication-Emulation/Temperature Sensor/Drivers/STM32F1xx_HAL_Driver/Inc" -I"C:/Users/TARUC/Desktop/1-Wire-Communication-Emulation/Temperature Sensor/Drivers/STM32F1xx_HAL_Driver/Inc/Legacy" -I"C:/Users/TARUC/Desktop/1-Wire-Communication-Emulation/Temperature Sensor/Drivers/CMSIS/Device/ST/STM32F1xx/Include" -I"C:/Users/TARUC/Desktop/1-Wire-Communication-Emulation/Temperature Sensor/Drivers/CMSIS/Include" -I"C:/Users/TARUC/Desktop/1-Wire-Communication-Emulation/Temperature Sensor/Inc"  -Og -g3 -Wall -fmessage-length=0 -ffunction-sections -c -fmessage-length=0 -MMD -MP -MF"Src/state_machine.d" -MT"Src/state_machine.o" -o "Src/state_machine.o" "../Src/state_machine.c"
Finished building: ../Src/state_machine.c
 
Building file: ../Src/uart.c
Invoking: MCU GCC Compiler
C:\Users\TARUC\Desktop\1-Wire-Communication-Emulation\Temperature Sensor\Debug
arm-none-eabi-gcc -mcpu=cortex-m3 -mthumb -mfloat-abi=soft '-D__weak=__attribute__((weak))' '-D__packed=__attribute__((__packed__))' -DUSE_HAL_DRIVER -DSTM32F103xB -I"C:/Users/TARUC/Desktop/1-Wire-Communication-Emulation/Temperature Sensor/Inc" -I"C:/Users/TARUC/Desktop/1-Wire-Communication-Emulation/Temperature Sensor/Drivers/STM32F1xx_HAL_Driver/Inc" -I"C:/Users/TARUC/Desktop/1-Wire-Communication-Emulation/Temperature Sensor/Drivers/STM32F1xx_HAL_Driver/Inc/Legacy" -I"C:/Users/TARUC/Desktop/1-Wire-Communication-Emulation/Temperature Sensor/Drivers/CMSIS/Device/ST/STM32F1xx/Include" -I"C:/Users/TARUC/Desktop/1-Wire-Communication-Emulation/Temperature Sensor/Drivers/CMSIS/Include" -I"C:/Users/TARUC/Desktop/1-Wire-Communication-Emulation/Temperature Sensor/Inc"  -Og -g3 -Wall -fmessage-length=0 -ffunction-sections -c -fmessage-length=0 -MMD -MP -MF"Src/uart.d" -MT"Src/uart.o" -o "Src/uart.o" "../Src/uart.c"
Finished building: ../Src/uart.c
 
Building target: Temperature Sensor.elf
Invoking: MCU GCC Linker
arm-none-eabi-gcc -mcpu=cortex-m3 -mthumb -mfloat-abi=soft -specs=nosys.specs -specs=nano.specs -specs=rdimon.specs -lc -lrdimon -T"../STM32F103C8Tx_FLASH.ld" -Wl,-Map=output.map -Wl,--gc-sections -o "Temperature Sensor.elf" @"objects.list"   -lm
Finished building target: Temperature Sensor.elf
 
make --no-print-directory post-build
Generating binary and Printing size information:
arm-none-eabi-objcopy -O binary "Temperature Sensor.elf" "Temperature Sensor.bin"
arm-none-eabi-size "Temperature Sensor.elf"
   text	   data	    bss	    dec	    hex	filename
  12408	    116	   2060	  14584	   38f8	Temperature Sensor.elf
 
13:45:44 **** Incremental Build of configuration Debug for project Temperature Sensor ****
make all 
make: Nothing to be done for `all'.
13:46:37 **** Incremental Build of configuration Debug for project Temperature Sensor ****
make all 
Building file: ../Src/main.c
Invoking: MCU GCC Compiler
C:\Users\TARUC\Desktop\1-Wire-Communication-Emulation\Temperature Sensor\Debug
arm-none-eabi-gcc -mcpu=cortex-m3 -mthumb -mfloat-abi=soft '-D__weak=__attribute__((weak))' '-D__packed=__attribute__((__packed__))' -DUSE_HAL_DRIVER -DSTM32F103xB -I"C:/Users/TARUC/Desktop/1-Wire-Communication-Emulation/Temperature Sensor/Inc" -I"C:/Users/TARUC/Desktop/1-Wire-Communication-Emulation/Temperature Sensor/Drivers/STM32F1xx_HAL_Driver/Inc" -I"C:/Users/TARUC/Desktop/1-Wire-Communication-Emulation/Temperature Sensor/Drivers/STM32F1xx_HAL_Driver/Inc/Legacy" -I"C:/Users/TARUC/Desktop/1-Wire-Communication-Emulation/Temperature Sensor/Drivers/CMSIS/Device/ST/STM32F1xx/Include" -I"C:/Users/TARUC/Desktop/1-Wire-Communication-Emulation/Temperature Sensor/Drivers/CMSIS/Include" -I"C:/Users/TARUC/Desktop/1-Wire-Communication-Emulation/Temperature Sensor/Inc"  -Og -g3 -Wall -fmessage-length=0 -ffunction-sections -c -fmessage-length=0 -MMD -MP -MF"Src/main.d" -MT"Src/main.o" -o "Src/main.o" "../Src/main.c"
Finished building: ../Src/main.c
 
Building file: ../Src/state_machine.c
Invoking: MCU GCC Compiler
C:\Users\TARUC\Desktop\1-Wire-Communication-Emulation\Temperature Sensor\Debug
arm-none-eabi-gcc -mcpu=cortex-m3 -mthumb -mfloat-abi=soft '-D__weak=__attribute__((weak))' '-D__packed=__attribute__((__packed__))' -DUSE_HAL_DRIVER -DSTM32F103xB -I"C:/Users/TARUC/Desktop/1-Wire-Communication-Emulation/Temperature Sensor/Inc" -I"C:/Users/TARUC/Desktop/1-Wire-Communication-Emulation/Temperature Sensor/Drivers/STM32F1xx_HAL_Driver/Inc" -I"C:/Users/TARUC/Desktop/1-Wire-Communication-Emulation/Temperature Sensor/Drivers/STM32F1xx_HAL_Driver/Inc/Legacy" -I"C:/Users/TARUC/Desktop/1-Wire-Communication-Emulation/Temperature Sensor/Drivers/CMSIS/Device/ST/STM32F1xx/Include" -I"C:/Users/TARUC/Desktop/1-Wire-Communication-Emulation/Temperature Sensor/Drivers/CMSIS/Include" -I"C:/Users/TARUC/Desktop/1-Wire-Communication-Emulation/Temperature Sensor/Inc"  -Og -g3 -Wall -fmessage-length=0 -ffunction-sections -c -fmessage-length=0 -MMD -MP -MF"Src/state_machine.d" -MT"Src/state_machine.o" -o "Src/state_machine.o" "../Src/state_machine.c"
Finished building: ../Src/state_machine.c
 
Building file: ../Src/uart.c
Invoking: MCU GCC Compiler
C:\Users\TARUC\Desktop\1-Wire-Communication-Emulation\Temperature Sensor\Debug
arm-none-eabi-gcc -mcpu=cortex-m3 -mthumb -mfloat-abi=soft '-D__weak=__attribute__((weak))' '-D__packed=__attribute__((__packed__))' -DUSE_HAL_DRIVER -DSTM32F103xB -I"C:/Users/TARUC/Desktop/1-Wire-Communication-Emulation/Temperature Sensor/Inc" -I"C:/Users/TARUC/Desktop/1-Wire-Communication-Emulation/Temperature Sensor/Drivers/STM32F1xx_HAL_Driver/Inc" -I"C:/Users/TARUC/Desktop/1-Wire-Communication-Emulation/Temperature Sensor/Drivers/STM32F1xx_HAL_Driver/Inc/Legacy" -I"C:/Users/TARUC/Desktop/1-Wire-Communication-Emulation/Temperature Sensor/Drivers/CMSIS/Device/ST/STM32F1xx/Include" -I"C:/Users/TARUC/Desktop/1-Wire-Communication-Emulation/Temperature Sensor/Drivers/CMSIS/Include" -I"C:/Users/TARUC/Desktop/1-Wire-Communication-Emulation/Temperature Sensor/Inc"  -Og -g3 -Wall -fmessage-length=0 -ffunction-sections -c -fmessage-length=0 -MMD -MP -MF"Src/uart.d" -MT"Src/uart.o" -o "Src/uart.o" "../Src/uart.c"
Finished building: ../Src/uart.c
 
Building target: Temperature Sensor.elf
Invoking: MCU GCC Linker
arm-none-eabi-gcc -mcpu=cortex-m3 -mthumb -mfloat-abi=soft -specs=nosys.specs -specs=nano.specs -specs=rdimon.specs -lc -lrdimon -T"../STM32F103C8Tx_FLASH.ld" -Wl,-Map=output.map -Wl,--gc-sections -o "Temperature Sensor.elf" @"objects.list"   -lm
Finished building target: Temperature Sensor.elf
 
make --no-print-directory post-build
Generating binary and Printing size information:
arm-none-eabi-objcopy -O binary "Temperature Sensor.elf" "Temperature Sensor.bin"
arm-none-eabi-size "Temperature Sensor.elf"
   text	   data	    bss	    dec	    hex	filename
  12384	    116	   2060	  14560	   38e0	Temperature Sensor.elf
 
13:46:40 **** Incremental Build of configuration Debug for project Temperature Sensor ****
make all 
make: Nothing to be done for `all'.
