09:59:18 **** Incremental Build of configuration Debug for project Temperature Sensor ****
make all 
Building file: ../Src/main.c
Invoking: MCU GCC Compiler
C:\Users\TARUC\Desktop\1-Wire-Communication-Emulation\Temperature Sensor\Debug
arm-none-eabi-gcc -mcpu=cortex-m3 -mthumb -mfloat-abi=soft '-D__weak=__attribute__((weak))' '-D__packed=__attribute__((__packed__))' -DUSE_HAL_DRIVER -DSTM32F103xB -I"C:/Users/TARUC/Desktop/1-Wire-Communication-Emulation/Temperature Sensor/Inc" -I"C:/Users/TARUC/Desktop/1-Wire-Communication-Emulation/Temperature Sensor/Drivers/STM32F1xx_HAL_Driver/Inc" -I"C:/Users/TARUC/Desktop/1-Wire-Communication-Emulation/Temperature Sensor/Drivers/STM32F1xx_HAL_Driver/Inc/Legacy" -I"C:/Users/TARUC/Desktop/1-Wire-Communication-Emulation/Temperature Sensor/Drivers/CMSIS/Device/ST/STM32F1xx/Include" -I"C:/Users/TARUC/Desktop/1-Wire-Communication-Emulation/Temperature Sensor/Drivers/CMSIS/Include" -I"C:/Users/TARUC/Desktop/1-Wire-Communication-Emulation/Temperature Sensor/Inc"  -Og -g3 -Wall -fmessage-length=0 -ffunction-sections -c -fmessage-length=0 -MMD -MP -MF"Src/main.d" -MT"Src/main.o" -o "Src/main.o" "../Src/main.c"
../Src/main.c: In function 'main':
../Src/main.c:76:11: warning: unused variable 'data' [-Wunused-variable]
   uint8_t data;
           ^
Finished building: ../Src/main.c
 
Building file: ../Src/stm32f1xx_hal_msp.c
Invoking: MCU GCC Compiler
C:\Users\TARUC\Desktop\1-Wire-Communication-Emulation\Temperature Sensor\Debug
arm-none-eabi-gcc -mcpu=cortex-m3 -mthumb -mfloat-abi=soft '-D__weak=__attribute__((weak))' '-D__packed=__attribute__((__packed__))' -DUSE_HAL_DRIVER -DSTM32F103xB -I"C:/Users/TARUC/Desktop/1-Wire-Communication-Emulation/Temperature Sensor/Inc" -I"C:/Users/TARUC/Desktop/1-Wire-Communication-Emulation/Temperature Sensor/Drivers/STM32F1xx_HAL_Driver/Inc" -I"C:/Users/TARUC/Desktop/1-Wire-Communication-Emulation/Temperature Sensor/Drivers/STM32F1xx_HAL_Driver/Inc/Legacy" -I"C:/Users/TARUC/Desktop/1-Wire-Communication-Emulation/Temperature Sensor/Drivers/CMSIS/Device/ST/STM32F1xx/Include" -I"C:/Users/TARUC/Desktop/1-Wire-Communication-Emulation/Temperature Sensor/Drivers/CMSIS/Include" -I"C:/Users/TARUC/Desktop/1-Wire-Communication-Emulation/Temperature Sensor/Inc"  -Og -g3 -Wall -fmessage-length=0 -ffunction-sections -c -fmessage-length=0 -MMD -MP -MF"Src/stm32f1xx_hal_msp.d" -MT"Src/stm32f1xx_hal_msp.o" -o "Src/stm32f1xx_hal_msp.o" "../Src/stm32f1xx_hal_msp.c"
Finished building: ../Src/stm32f1xx_hal_msp.c
 
Building file: ../Src/stm32f1xx_it.c
Invoking: MCU GCC Compiler
C:\Users\TARUC\Desktop\1-Wire-Communication-Emulation\Temperature Sensor\Debug
arm-none-eabi-gcc -mcpu=cortex-m3 -mthumb -mfloat-abi=soft '-D__weak=__attribute__((weak))' '-D__packed=__attribute__((__packed__))' -DUSE_HAL_DRIVER -DSTM32F103xB -I"C:/Users/TARUC/Desktop/1-Wire-Communication-Emulation/Temperature Sensor/Inc" -I"C:/Users/TARUC/Desktop/1-Wire-Communication-Emulation/Temperature Sensor/Drivers/STM32F1xx_HAL_Driver/Inc" -I"C:/Users/TARUC/Desktop/1-Wire-Communication-Emulation/Temperature Sensor/Drivers/STM32F1xx_HAL_Driver/Inc/Legacy" -I"C:/Users/TARUC/Desktop/1-Wire-Communication-Emulation/Temperature Sensor/Drivers/CMSIS/Device/ST/STM32F1xx/Include" -I"C:/Users/TARUC/Desktop/1-Wire-Communication-Emulation/Temperature Sensor/Drivers/CMSIS/Include" -I"C:/Users/TARUC/Desktop/1-Wire-Communication-Emulation/Temperature Sensor/Inc"  -Og -g3 -Wall -fmessage-length=0 -ffunction-sections -c -fmessage-length=0 -MMD -MP -MF"Src/stm32f1xx_it.d" -MT"Src/stm32f1xx_it.o" -o "Src/stm32f1xx_it.o" "../Src/stm32f1xx_it.c"
Finished building: ../Src/stm32f1xx_it.c
 
Building file: ../Src/system_stm32f1xx.c
Invoking: MCU GCC Compiler
C:\Users\TARUC\Desktop\1-Wire-Communication-Emulation\Temperature Sensor\Debug
arm-none-eabi-gcc -mcpu=cortex-m3 -mthumb -mfloat-abi=soft '-D__weak=__attribute__((weak))' '-D__packed=__attribute__((__packed__))' -DUSE_HAL_DRIVER -DSTM32F103xB -I"C:/Users/TARUC/Desktop/1-Wire-Communication-Emulation/Temperature Sensor/Inc" -I"C:/Users/TARUC/Desktop/1-Wire-Communication-Emulation/Temperature Sensor/Drivers/STM32F1xx_HAL_Driver/Inc" -I"C:/Users/TARUC/Desktop/1-Wire-Communication-Emulation/Temperature Sensor/Drivers/STM32F1xx_HAL_Driver/Inc/Legacy" -I"C:/Users/TARUC/Desktop/1-Wire-Communication-Emulation/Temperature Sensor/Drivers/CMSIS/Device/ST/STM32F1xx/Include" -I"C:/Users/TARUC/Desktop/1-Wire-Communication-Emulation/Temperature Sensor/Drivers/CMSIS/Include" -I"C:/Users/TARUC/Desktop/1-Wire-Communication-Emulation/Temperature Sensor/Inc"  -Og -g3 -Wall -fmessage-length=0 -ffunction-sections -c -fmessage-length=0 -MMD -MP -MF"Src/system_stm32f1xx.d" -MT"Src/system_stm32f1xx.o" -o "Src/system_stm32f1xx.o" "../Src/system_stm32f1xx.c"
Finished building: ../Src/system_stm32f1xx.c
 
Building file: ../Drivers/STM32F1xx_HAL_Driver/Src/stm32f1xx_hal.c
Invoking: MCU GCC Compiler
C:\Users\TARUC\Desktop\1-Wire-Communication-Emulation\Temperature Sensor\Debug
arm-none-eabi-gcc -mcpu=cortex-m3 -mthumb -mfloat-abi=soft '-D__weak=__attribute__((weak))' '-D__packed=__attribute__((__packed__))' -DUSE_HAL_DRIVER -DSTM32F103xB -I"C:/Users/TARUC/Desktop/1-Wire-Communication-Emulation/Temperature Sensor/Inc" -I"C:/Users/TARUC/Desktop/1-Wire-Communication-Emulation/Temperature Sensor/Drivers/STM32F1xx_HAL_Driver/Inc" -I"C:/Users/TARUC/Desktop/1-Wire-Communication-Emulation/Temperature Sensor/Drivers/STM32F1xx_HAL_Driver/Inc/Legacy" -I"C:/Users/TARUC/Desktop/1-Wire-Communication-Emulation/Temperature Sensor/Drivers/CMSIS/Device/ST/STM32F1xx/Include" -I"C:/Users/TARUC/Desktop/1-Wire-Communication-Emulation/Temperature Sensor/Drivers/CMSIS/Include" -I"C:/Users/TARUC/Desktop/1-Wire-Communication-Emulation/Temperature Sensor/Inc"  -Og -g3 -Wall -fmessage-length=0 -ffunction-sections -c -fmessage-length=0 -MMD -MP -MF"Drivers/STM32F1xx_HAL_Driver/Src/stm32f1xx_hal.d" -MT"Drivers/STM32F1xx_HAL_Driver/Src/stm32f1xx_hal.o" -o "Drivers/STM32F1xx_HAL_Driver/Src/stm32f1xx_hal.o" "../Drivers/STM32F1xx_HAL_Driver/Src/stm32f1xx_hal.c"
Finished building: ../Drivers/STM32F1xx_HAL_Driver/Src/stm32f1xx_hal.c
 
Building file: ../Drivers/STM32F1xx_HAL_Driver/Src/stm32f1xx_hal_cortex.c
Invoking: MCU GCC Compiler
C:\Users\TARUC\Desktop\1-Wire-Communication-Emulation\Temperature Sensor\Debug
arm-none-eabi-gcc -mcpu=cortex-m3 -mthumb -mfloat-abi=soft '-D__weak=__attribute__((weak))' '-D__packed=__attribute__((__packed__))' -DUSE_HAL_DRIVER -DSTM32F103xB -I"C:/Users/TARUC/Desktop/1-Wire-Communication-Emulation/Temperature Sensor/Inc" -I"C:/Users/TARUC/Desktop/1-Wire-Communication-Emulation/Temperature Sensor/Drivers/STM32F1xx_HAL_Driver/Inc" -I"C:/Users/TARUC/Desktop/1-Wire-Communication-Emulation/Temperature Sensor/Drivers/STM32F1xx_HAL_Driver/Inc/Legacy" -I"C:/Users/TARUC/Desktop/1-Wire-Communication-Emulation/Temperature Sensor/Drivers/CMSIS/Device/ST/STM32F1xx/Include" -I"C:/Users/TARUC/Desktop/1-Wire-Communication-Emulation/Temperature Sensor/Drivers/CMSIS/Include" -I"C:/Users/TARUC/Desktop/1-Wire-Communication-Emulation/Temperature Sensor/Inc"  -Og -g3 -Wall -fmessage-length=0 -ffunction-sections -c -fmessage-length=0 -MMD -MP -MF"Drivers/STM32F1xx_HAL_Driver/Src/stm32f1xx_hal_cortex.d" -MT"Drivers/STM32F1xx_HAL_Driver/Src/stm32f1xx_hal_cortex.o" -o "Drivers/STM32F1xx_HAL_Driver/Src/stm32f1xx_hal_cortex.o" "../Drivers/STM32F1xx_HAL_Driver/Src/stm32f1xx_hal_cortex.c"
Finished building: ../Drivers/STM32F1xx_HAL_Driver/Src/stm32f1xx_hal_cortex.c
 
Building file: ../Drivers/STM32F1xx_HAL_Driver/Src/stm32f1xx_hal_dma.c
Invoking: MCU GCC Compiler
C:\Users\TARUC\Desktop\1-Wire-Communication-Emulation\Temperature Sensor\Debug
arm-none-eabi-gcc -mcpu=cortex-m3 -mthumb -mfloat-abi=soft '-D__weak=__attribute__((weak))' '-D__packed=__attribute__((__packed__))' -DUSE_HAL_DRIVER -DSTM32F103xB -I"C:/Users/TARUC/Desktop/1-Wire-Communication-Emulation/Temperature Sensor/Inc" -I"C:/Users/TARUC/Desktop/1-Wire-Communication-Emulation/Temperature Sensor/Drivers/STM32F1xx_HAL_Driver/Inc" -I"C:/Users/TARUC/Desktop/1-Wire-Communication-Emulation/Temperature Sensor/Drivers/STM32F1xx_HAL_Driver/Inc/Legacy" -I"C:/Users/TARUC/Desktop/1-Wire-Communication-Emulation/Temperature Sensor/Drivers/CMSIS/Device/ST/STM32F1xx/Include" -I"C:/Users/TARUC/Desktop/1-Wire-Communication-Emulation/Temperature Sensor/Drivers/CMSIS/Include" -I"C:/Users/TARUC/Desktop/1-Wire-Communication-Emulation/Temperature Sensor/Inc"  -Og -g3 -Wall -fmessage-length=0 -ffunction-sections -c -fmessage-length=0 -MMD -MP -MF"Drivers/STM32F1xx_HAL_Driver/Src/stm32f1xx_hal_dma.d" -MT"Drivers/STM32F1xx_HAL_Driver/Src/stm32f1xx_hal_dma.o" -o "Drivers/STM32F1xx_HAL_Driver/Src/stm32f1xx_hal_dma.o" "../Drivers/STM32F1xx_HAL_Driver/Src/stm32f1xx_hal_dma.c"
Finished building: ../Drivers/STM32F1xx_HAL_Driver/Src/stm32f1xx_hal_dma.c
 
Building file: ../Drivers/STM32F1xx_HAL_Driver/Src/stm32f1xx_hal_flash.c
Invoking: MCU GCC Compiler
C:\Users\TARUC\Desktop\1-Wire-Communication-Emulation\Temperature Sensor\Debug
arm-none-eabi-gcc -mcpu=cortex-m3 -mthumb -mfloat-abi=soft '-D__weak=__attribute__((weak))' '-D__packed=__attribute__((__packed__))' -DUSE_HAL_DRIVER -DSTM32F103xB -I"C:/Users/TARUC/Desktop/1-Wire-Communication-Emulation/Temperature Sensor/Inc" -I"C:/Users/TARUC/Desktop/1-Wire-Communication-Emulation/Temperature Sensor/Drivers/STM32F1xx_HAL_Driver/Inc" -I"C:/Users/TARUC/Desktop/1-Wire-Communication-Emulation/Temperature Sensor/Drivers/STM32F1xx_HAL_Driver/Inc/Legacy" -I"C:/Users/TARUC/Desktop/1-Wire-Communication-Emulation/Temperature Sensor/Drivers/CMSIS/Device/ST/STM32F1xx/Include" -I"C:/Users/TARUC/Desktop/1-Wire-Communication-Emulation/Temperature Sensor/Drivers/CMSIS/Include" -I"C:/Users/TARUC/Desktop/1-Wire-Communication-Emulation/Temperature Sensor/Inc"  -Og -g3 -Wall -fmessage-length=0 -ffunction-sections -c -fmessage-length=0 -MMD -MP -MF"Drivers/STM32F1xx_HAL_Driver/Src/stm32f1xx_hal_flash.d" -MT"Drivers/STM32F1xx_HAL_Driver/Src/stm32f1xx_hal_flash.o" -o "Drivers/STM32F1xx_HAL_Driver/Src/stm32f1xx_hal_flash.o" "../Drivers/STM32F1xx_HAL_Driver/Src/stm32f1xx_hal_flash.c"
Finished building: ../Drivers/STM32F1xx_HAL_Driver/Src/stm32f1xx_hal_flash.c
 
Building file: ../Drivers/STM32F1xx_HAL_Driver/Src/stm32f1xx_hal_flash_ex.c
Invoking: MCU GCC Compiler
C:\Users\TARUC\Desktop\1-Wire-Communication-Emulation\Temperature Sensor\Debug
arm-none-eabi-gcc -mcpu=cortex-m3 -mthumb -mfloat-abi=soft '-D__weak=__attribute__((weak))' '-D__packed=__attribute__((__packed__))' -DUSE_HAL_DRIVER -DSTM32F103xB -I"C:/Users/TARUC/Desktop/1-Wire-Communication-Emulation/Temperature Sensor/Inc" -I"C:/Users/TARUC/Desktop/1-Wire-Communication-Emulation/Temperature Sensor/Drivers/STM32F1xx_HAL_Driver/Inc" -I"C:/Users/TARUC/Desktop/1-Wire-Communication-Emulation/Temperature Sensor/Drivers/STM32F1xx_HAL_Driver/Inc/Legacy" -I"C:/Users/TARUC/Desktop/1-Wire-Communication-Emulation/Temperature Sensor/Drivers/CMSIS/Device/ST/STM32F1xx/Include" -I"C:/Users/TARUC/Desktop/1-Wire-Communication-Emulation/Temperature Sensor/Drivers/CMSIS/Include" -I"C:/Users/TARUC/Desktop/1-Wire-Communication-Emulation/Temperature Sensor/Inc"  -Og -g3 -Wall -fmessage-length=0 -ffunction-sections -c -fmessage-length=0 -MMD -MP -MF"Drivers/STM32F1xx_HAL_Driver/Src/stm32f1xx_hal_flash_ex.d" -MT"Drivers/STM32F1xx_HAL_Driver/Src/stm32f1xx_hal_flash_ex.o" -o "Drivers/STM32F1xx_HAL_Driver/Src/stm32f1xx_hal_flash_ex.o" "../Drivers/STM32F1xx_HAL_Driver/Src/stm32f1xx_hal_flash_ex.c"
Finished building: ../Drivers/STM32F1xx_HAL_Driver/Src/stm32f1xx_hal_flash_ex.c
 
Building file: ../Drivers/STM32F1xx_HAL_Driver/Src/stm32f1xx_hal_gpio.c
Invoking: MCU GCC Compiler
C:\Users\TARUC\Desktop\1-Wire-Communication-Emulation\Temperature Sensor\Debug
arm-none-eabi-gcc -mcpu=cortex-m3 -mthumb -mfloat-abi=soft '-D__weak=__attribute__((weak))' '-D__packed=__attribute__((__packed__))' -DUSE_HAL_DRIVER -DSTM32F103xB -I"C:/Users/TARUC/Desktop/1-Wire-Communication-Emulation/Temperature Sensor/Inc" -I"C:/Users/TARUC/Desktop/1-Wire-Communication-Emulation/Temperature Sensor/Drivers/STM32F1xx_HAL_Driver/Inc" -I"C:/Users/TARUC/Desktop/1-Wire-Communication-Emulation/Temperature Sensor/Drivers/STM32F1xx_HAL_Driver/Inc/Legacy" -I"C:/Users/TARUC/Desktop/1-Wire-Communication-Emulation/Temperature Sensor/Drivers/CMSIS/Device/ST/STM32F1xx/Include" -I"C:/Users/TARUC/Desktop/1-Wire-Communication-Emulation/Temperature Sensor/Drivers/CMSIS/Include" -I"C:/Users/TARUC/Desktop/1-Wire-Communication-Emulation/Temperature Sensor/Inc"  -Og -g3 -Wall -fmessage-length=0 -ffunction-sections -c -fmessage-length=0 -MMD -MP -MF"Drivers/STM32F1xx_HAL_Driver/Src/stm32f1xx_hal_gpio.d" -MT"Drivers/STM32F1xx_HAL_Driver/Src/stm32f1xx_hal_gpio.o" -o "Drivers/STM32F1xx_HAL_Driver/Src/stm32f1xx_hal_gpio.o" "../Drivers/STM32F1xx_HAL_Driver/Src/stm32f1xx_hal_gpio.c"
Finished building: ../Drivers/STM32F1xx_HAL_Driver/Src/stm32f1xx_hal_gpio.c
 
Building file: ../Drivers/STM32F1xx_HAL_Driver/Src/stm32f1xx_hal_gpio_ex.c
Invoking: MCU GCC Compiler
C:\Users\TARUC\Desktop\1-Wire-Communication-Emulation\Temperature Sensor\Debug
arm-none-eabi-gcc -mcpu=cortex-m3 -mthumb -mfloat-abi=soft '-D__weak=__attribute__((weak))' '-D__packed=__attribute__((__packed__))' -DUSE_HAL_DRIVER -DSTM32F103xB -I"C:/Users/TARUC/Desktop/1-Wire-Communication-Emulation/Temperature Sensor/Inc" -I"C:/Users/TARUC/Desktop/1-Wire-Communication-Emulation/Temperature Sensor/Drivers/STM32F1xx_HAL_Driver/Inc" -I"C:/Users/TARUC/Desktop/1-Wire-Communication-Emulation/Temperature Sensor/Drivers/STM32F1xx_HAL_Driver/Inc/Legacy" -I"C:/Users/TARUC/Desktop/1-Wire-Communication-Emulation/Temperature Sensor/Drivers/CMSIS/Device/ST/STM32F1xx/Include" -I"C:/Users/TARUC/Desktop/1-Wire-Communication-Emulation/Temperature Sensor/Drivers/CMSIS/Include" -I"C:/Users/TARUC/Desktop/1-Wire-Communication-Emulation/Temperature Sensor/Inc"  -Og -g3 -Wall -fmessage-length=0 -ffunction-sections -c -fmessage-length=0 -MMD -MP -MF"Drivers/STM32F1xx_HAL_Driver/Src/stm32f1xx_hal_gpio_ex.d" -MT"Drivers/STM32F1xx_HAL_Driver/Src/stm32f1xx_hal_gpio_ex.o" -o "Drivers/STM32F1xx_HAL_Driver/Src/stm32f1xx_hal_gpio_ex.o" "../Drivers/STM32F1xx_HAL_Driver/Src/stm32f1xx_hal_gpio_ex.c"
Finished building: ../Drivers/STM32F1xx_HAL_Driver/Src/stm32f1xx_hal_gpio_ex.c
 
Building file: ../Drivers/STM32F1xx_HAL_Driver/Src/stm32f1xx_hal_pwr.c
Invoking: MCU GCC Compiler
C:\Users\TARUC\Desktop\1-Wire-Communication-Emulation\Temperature Sensor\Debug
arm-none-eabi-gcc -mcpu=cortex-m3 -mthumb -mfloat-abi=soft '-D__weak=__attribute__((weak))' '-D__packed=__attribute__((__packed__))' -DUSE_HAL_DRIVER -DSTM32F103xB -I"C:/Users/TARUC/Desktop/1-Wire-Communication-Emulation/Temperature Sensor/Inc" -I"C:/Users/TARUC/Desktop/1-Wire-Communication-Emulation/Temperature Sensor/Drivers/STM32F1xx_HAL_Driver/Inc" -I"C:/Users/TARUC/Desktop/1-Wire-Communication-Emulation/Temperature Sensor/Drivers/STM32F1xx_HAL_Driver/Inc/Legacy" -I"C:/Users/TARUC/Desktop/1-Wire-Communication-Emulation/Temperature Sensor/Drivers/CMSIS/Device/ST/STM32F1xx/Include" -I"C:/Users/TARUC/Desktop/1-Wire-Communication-Emulation/Temperature Sensor/Drivers/CMSIS/Include" -I"C:/Users/TARUC/Desktop/1-Wire-Communication-Emulation/Temperature Sensor/Inc"  -Og -g3 -Wall -fmessage-length=0 -ffunction-sections -c -fmessage-length=0 -MMD -MP -MF"Drivers/STM32F1xx_HAL_Driver/Src/stm32f1xx_hal_pwr.d" -MT"Drivers/STM32F1xx_HAL_Driver/Src/stm32f1xx_hal_pwr.o" -o "Drivers/STM32F1xx_HAL_Driver/Src/stm32f1xx_hal_pwr.o" "../Drivers/STM32F1xx_HAL_Driver/Src/stm32f1xx_hal_pwr.c"
Finished building: ../Drivers/STM32F1xx_HAL_Driver/Src/stm32f1xx_hal_pwr.c
 
Building file: ../Drivers/STM32F1xx_HAL_Driver/Src/stm32f1xx_hal_rcc.c
Invoking: MCU GCC Compiler
C:\Users\TARUC\Desktop\1-Wire-Communication-Emulation\Temperature Sensor\Debug
arm-none-eabi-gcc -mcpu=cortex-m3 -mthumb -mfloat-abi=soft '-D__weak=__attribute__((weak))' '-D__packed=__attribute__((__packed__))' -DUSE_HAL_DRIVER -DSTM32F103xB -I"C:/Users/TARUC/Desktop/1-Wire-Communication-Emulation/Temperature Sensor/Inc" -I"C:/Users/TARUC/Desktop/1-Wire-Communication-Emulation/Temperature Sensor/Drivers/STM32F1xx_HAL_Driver/Inc" -I"C:/Users/TARUC/Desktop/1-Wire-Communication-Emulation/Temperature Sensor/Drivers/STM32F1xx_HAL_Driver/Inc/Legacy" -I"C:/Users/TARUC/Desktop/1-Wire-Communication-Emulation/Temperature Sensor/Drivers/CMSIS/Device/ST/STM32F1xx/Include" -I"C:/Users/TARUC/Desktop/1-Wire-Communication-Emulation/Temperature Sensor/Drivers/CMSIS/Include" -I"C:/Users/TARUC/Desktop/1-Wire-Communication-Emulation/Temperature Sensor/Inc"  -Og -g3 -Wall -fmessage-length=0 -ffunction-sections -c -fmessage-length=0 -MMD -MP -MF"Drivers/STM32F1xx_HAL_Driver/Src/stm32f1xx_hal_rcc.d" -MT"Drivers/STM32F1xx_HAL_Driver/Src/stm32f1xx_hal_rcc.o" -o "Drivers/STM32F1xx_HAL_Driver/Src/stm32f1xx_hal_rcc.o" "../Drivers/STM32F1xx_HAL_Driver/Src/stm32f1xx_hal_rcc.c"
Finished building: ../Drivers/STM32F1xx_HAL_Driver/Src/stm32f1xx_hal_rcc.c
 
Building file: ../Drivers/STM32F1xx_HAL_Driver/Src/stm32f1xx_hal_rcc_ex.c
Invoking: MCU GCC Compiler
C:\Users\TARUC\Desktop\1-Wire-Communication-Emulation\Temperature Sensor\Debug
arm-none-eabi-gcc -mcpu=cortex-m3 -mthumb -mfloat-abi=soft '-D__weak=__attribute__((weak))' '-D__packed=__attribute__((__packed__))' -DUSE_HAL_DRIVER -DSTM32F103xB -I"C:/Users/TARUC/Desktop/1-Wire-Communication-Emulation/Temperature Sensor/Inc" -I"C:/Users/TARUC/Desktop/1-Wire-Communication-Emulation/Temperature Sensor/Drivers/STM32F1xx_HAL_Driver/Inc" -I"C:/Users/TARUC/Desktop/1-Wire-Communication-Emulation/Temperature Sensor/Drivers/STM32F1xx_HAL_Driver/Inc/Legacy" -I"C:/Users/TARUC/Desktop/1-Wire-Communication-Emulation/Temperature Sensor/Drivers/CMSIS/Device/ST/STM32F1xx/Include" -I"C:/Users/TARUC/Desktop/1-Wire-Communication-Emulation/Temperature Sensor/Drivers/CMSIS/Include" -I"C:/Users/TARUC/Desktop/1-Wire-Communication-Emulation/Temperature Sensor/Inc"  -Og -g3 -Wall -fmessage-length=0 -ffunction-sections -c -fmessage-length=0 -MMD -MP -MF"Drivers/STM32F1xx_HAL_Driver/Src/stm32f1xx_hal_rcc_ex.d" -MT"Drivers/STM32F1xx_HAL_Driver/Src/stm32f1xx_hal_rcc_ex.o" -o "Drivers/STM32F1xx_HAL_Driver/Src/stm32f1xx_hal_rcc_ex.o" "../Drivers/STM32F1xx_HAL_Driver/Src/stm32f1xx_hal_rcc_ex.c"
Finished building: ../Drivers/STM32F1xx_HAL_Driver/Src/stm32f1xx_hal_rcc_ex.c
 
Building file: ../Drivers/STM32F1xx_HAL_Driver/Src/stm32f1xx_hal_tim.c
Invoking: MCU GCC Compiler
C:\Users\TARUC\Desktop\1-Wire-Communication-Emulation\Temperature Sensor\Debug
arm-none-eabi-gcc -mcpu=cortex-m3 -mthumb -mfloat-abi=soft '-D__weak=__attribute__((weak))' '-D__packed=__attribute__((__packed__))' -DUSE_HAL_DRIVER -DSTM32F103xB -I"C:/Users/TARUC/Desktop/1-Wire-Communication-Emulation/Temperature Sensor/Inc" -I"C:/Users/TARUC/Desktop/1-Wire-Communication-Emulation/Temperature Sensor/Drivers/STM32F1xx_HAL_Driver/Inc" -I"C:/Users/TARUC/Desktop/1-Wire-Communication-Emulation/Temperature Sensor/Drivers/STM32F1xx_HAL_Driver/Inc/Legacy" -I"C:/Users/TARUC/Desktop/1-Wire-Communication-Emulation/Temperature Sensor/Drivers/CMSIS/Device/ST/STM32F1xx/Include" -I"C:/Users/TARUC/Desktop/1-Wire-Communication-Emulation/Temperature Sensor/Drivers/CMSIS/Include" -I"C:/Users/TARUC/Desktop/1-Wire-Communication-Emulation/Temperature Sensor/Inc"  -Og -g3 -Wall -fmessage-length=0 -ffunction-sections -c -fmessage-length=0 -MMD -MP -MF"Drivers/STM32F1xx_HAL_Driver/Src/stm32f1xx_hal_tim.d" -MT"Drivers/STM32F1xx_HAL_Driver/Src/stm32f1xx_hal_tim.o" -o "Drivers/STM32F1xx_HAL_Driver/Src/stm32f1xx_hal_tim.o" "../Drivers/STM32F1xx_HAL_Driver/Src/stm32f1xx_hal_tim.c"
Finished building: ../Drivers/STM32F1xx_HAL_Driver/Src/stm32f1xx_hal_tim.c
 
Building file: ../Drivers/STM32F1xx_HAL_Driver/Src/stm32f1xx_hal_tim_ex.c
Invoking: MCU GCC Compiler
C:\Users\TARUC\Desktop\1-Wire-Communication-Emulation\Temperature Sensor\Debug
arm-none-eabi-gcc -mcpu=cortex-m3 -mthumb -mfloat-abi=soft '-D__weak=__attribute__((weak))' '-D__packed=__attribute__((__packed__))' -DUSE_HAL_DRIVER -DSTM32F103xB -I"C:/Users/TARUC/Desktop/1-Wire-Communication-Emulation/Temperature Sensor/Inc" -I"C:/Users/TARUC/Desktop/1-Wire-Communication-Emulation/Temperature Sensor/Drivers/STM32F1xx_HAL_Driver/Inc" -I"C:/Users/TARUC/Desktop/1-Wire-Communication-Emulation/Temperature Sensor/Drivers/STM32F1xx_HAL_Driver/Inc/Legacy" -I"C:/Users/TARUC/Desktop/1-Wire-Communication-Emulation/Temperature Sensor/Drivers/CMSIS/Device/ST/STM32F1xx/Include" -I"C:/Users/TARUC/Desktop/1-Wire-Communication-Emulation/Temperature Sensor/Drivers/CMSIS/Include" -I"C:/Users/TARUC/Desktop/1-Wire-Communication-Emulation/Temperature Sensor/Inc"  -Og -g3 -Wall -fmessage-length=0 -ffunction-sections -c -fmessage-length=0 -MMD -MP -MF"Drivers/STM32F1xx_HAL_Driver/Src/stm32f1xx_hal_tim_ex.d" -MT"Drivers/STM32F1xx_HAL_Driver/Src/stm32f1xx_hal_tim_ex.o" -o "Drivers/STM32F1xx_HAL_Driver/Src/stm32f1xx_hal_tim_ex.o" "../Drivers/STM32F1xx_HAL_Driver/Src/stm32f1xx_hal_tim_ex.c"
Finished building: ../Drivers/STM32F1xx_HAL_Driver/Src/stm32f1xx_hal_tim_ex.c
 
Building file: ../Drivers/STM32F1xx_HAL_Driver/Src/stm32f1xx_hal_uart.c
Invoking: MCU GCC Compiler
C:\Users\TARUC\Desktop\1-Wire-Communication-Emulation\Temperature Sensor\Debug
arm-none-eabi-gcc -mcpu=cortex-m3 -mthumb -mfloat-abi=soft '-D__weak=__attribute__((weak))' '-D__packed=__attribute__((__packed__))' -DUSE_HAL_DRIVER -DSTM32F103xB -I"C:/Users/TARUC/Desktop/1-Wire-Communication-Emulation/Temperature Sensor/Inc" -I"C:/Users/TARUC/Desktop/1-Wire-Communication-Emulation/Temperature Sensor/Drivers/STM32F1xx_HAL_Driver/Inc" -I"C:/Users/TARUC/Desktop/1-Wire-Communication-Emulation/Temperature Sensor/Drivers/STM32F1xx_HAL_Driver/Inc/Legacy" -I"C:/Users/TARUC/Desktop/1-Wire-Communication-Emulation/Temperature Sensor/Drivers/CMSIS/Device/ST/STM32F1xx/Include" -I"C:/Users/TARUC/Desktop/1-Wire-Communication-Emulation/Temperature Sensor/Drivers/CMSIS/Include" -I"C:/Users/TARUC/Desktop/1-Wire-Communication-Emulation/Temperature Sensor/Inc"  -Og -g3 -Wall -fmessage-length=0 -ffunction-sections -c -fmessage-length=0 -MMD -MP -MF"Drivers/STM32F1xx_HAL_Driver/Src/stm32f1xx_hal_uart.d" -MT"Drivers/STM32F1xx_HAL_Driver/Src/stm32f1xx_hal_uart.o" -o "Drivers/STM32F1xx_HAL_Driver/Src/stm32f1xx_hal_uart.o" "../Drivers/STM32F1xx_HAL_Driver/Src/stm32f1xx_hal_uart.c"
Finished building: ../Drivers/STM32F1xx_HAL_Driver/Src/stm32f1xx_hal_uart.c
 
Building target: Temperature Sensor.elf
Invoking: MCU GCC Linker
arm-none-eabi-gcc -mcpu=cortex-m3 -mthumb -mfloat-abi=soft -specs=nosys.specs -specs=nano.specs -T"../STM32F103C8Tx_FLASH.ld" -Wl,-Map=output.map -Wl,--gc-sections -o "Temperature Sensor.elf" @"objects.list"   -lm
Finished building target: Temperature Sensor.elf
 
make --no-print-directory post-build
Generating binary and Printing size information:
arm-none-eabi-objcopy -O binary "Temperature Sensor.elf" "Temperature Sensor.bin"
arm-none-eabi-size "Temperature Sensor.elf"
   text	   data	    bss	    dec	    hex	filename
   4948	     12	   1700	   6660	   1a04	Temperature Sensor.elf
 
10:01:02 **** Incremental Build of configuration Debug for project Temperature Sensor ****
make all 
Building file: ../Src/main.c
Invoking: MCU GCC Compiler
C:\Users\TARUC\Desktop\1-Wire-Communication-Emulation\Temperature Sensor\Debug
arm-none-eabi-gcc -mcpu=cortex-m3 -mthumb -mfloat-abi=soft '-D__weak=__attribute__((weak))' '-D__packed=__attribute__((__packed__))' -DUSE_HAL_DRIVER -DSTM32F103xB -I"C:/Users/TARUC/Desktop/1-Wire-Communication-Emulation/Temperature Sensor/Inc" -I"C:/Users/TARUC/Desktop/1-Wire-Communication-Emulation/Temperature Sensor/Drivers/STM32F1xx_HAL_Driver/Inc" -I"C:/Users/TARUC/Desktop/1-Wire-Communication-Emulation/Temperature Sensor/Drivers/STM32F1xx_HAL_Driver/Inc/Legacy" -I"C:/Users/TARUC/Desktop/1-Wire-Communication-Emulation/Temperature Sensor/Drivers/CMSIS/Device/ST/STM32F1xx/Include" -I"C:/Users/TARUC/Desktop/1-Wire-Communication-Emulation/Temperature Sensor/Drivers/CMSIS/Include" -I"C:/Users/TARUC/Desktop/1-Wire-Communication-Emulation/Temperature Sensor/Inc"  -Og -g3 -Wall -fmessage-length=0 -ffunction-sections -c -fmessage-length=0 -MMD -MP -MF"Src/main.d" -MT"Src/main.o" -o "Src/main.o" "../Src/main.c"
Finished building: ../Src/main.c
 
Building target: Temperature Sensor.elf
Invoking: MCU GCC Linker
arm-none-eabi-gcc -mcpu=cortex-m3 -mthumb -mfloat-abi=soft -specs=nosys.specs -specs=nano.specs -T"../STM32F103C8Tx_FLASH.ld" -Wl,-Map=output.map -Wl,--gc-sections -o "Temperature Sensor.elf" @"objects.list"   -lm
Finished building target: Temperature Sensor.elf
 
make --no-print-directory post-build
Generating binary and Printing size information:
arm-none-eabi-objcopy -O binary "Temperature Sensor.elf" "Temperature Sensor.bin"
arm-none-eabi-size "Temperature Sensor.elf"
   text	   data	    bss	    dec	    hex	filename
   4948	     12	   1700	   6660	   1a04	Temperature Sensor.elf
 
14:13:31 **** Incremental Build of configuration Debug for project Temperature Sensor ****
make all 
Building file: ../Src/main.c
Invoking: MCU GCC Compiler
C:\Users\TARUC\Desktop\1-Wire-Communication-Emulation\Temperature Sensor\Debug
arm-none-eabi-gcc -mcpu=cortex-m3 -mthumb -mfloat-abi=soft '-D__weak=__attribute__((weak))' '-D__packed=__attribute__((__packed__))' -DUSE_HAL_DRIVER -DSTM32F103xB -I"C:/Users/TARUC/Desktop/1-Wire-Communication-Emulation/Temperature Sensor/Inc" -I"C:/Users/TARUC/Desktop/1-Wire-Communication-Emulation/Temperature Sensor/Drivers/STM32F1xx_HAL_Driver/Inc" -I"C:/Users/TARUC/Desktop/1-Wire-Communication-Emulation/Temperature Sensor/Drivers/STM32F1xx_HAL_Driver/Inc/Legacy" -I"C:/Users/TARUC/Desktop/1-Wire-Communication-Emulation/Temperature Sensor/Drivers/CMSIS/Device/ST/STM32F1xx/Include" -I"C:/Users/TARUC/Desktop/1-Wire-Communication-Emulation/Temperature Sensor/Drivers/CMSIS/Include" -I"C:/Users/TARUC/Desktop/1-Wire-Communication-Emulation/Temperature Sensor/Inc"  -Og -g3 -Wall -fmessage-length=0 -ffunction-sections -c -fmessage-length=0 -MMD -MP -MF"Src/main.d" -MT"Src/main.o" -o "Src/main.o" "../Src/main.c"
Finished building: ../Src/main.c
 
Building file: ../Src/stm32f1xx_hal_msp.c
Invoking: MCU GCC Compiler
C:\Users\TARUC\Desktop\1-Wire-Communication-Emulation\Temperature Sensor\Debug
arm-none-eabi-gcc -mcpu=cortex-m3 -mthumb -mfloat-abi=soft '-D__weak=__attribute__((weak))' '-D__packed=__attribute__((__packed__))' -DUSE_HAL_DRIVER -DSTM32F103xB -I"C:/Users/TARUC/Desktop/1-Wire-Communication-Emulation/Temperature Sensor/Inc" -I"C:/Users/TARUC/Desktop/1-Wire-Communication-Emulation/Temperature Sensor/Drivers/STM32F1xx_HAL_Driver/Inc" -I"C:/Users/TARUC/Desktop/1-Wire-Communication-Emulation/Temperature Sensor/Drivers/STM32F1xx_HAL_Driver/Inc/Legacy" -I"C:/Users/TARUC/Desktop/1-Wire-Communication-Emulation/Temperature Sensor/Drivers/CMSIS/Device/ST/STM32F1xx/Include" -I"C:/Users/TARUC/Desktop/1-Wire-Communication-Emulation/Temperature Sensor/Drivers/CMSIS/Include" -I"C:/Users/TARUC/Desktop/1-Wire-Communication-Emulation/Temperature Sensor/Inc"  -Og -g3 -Wall -fmessage-length=0 -ffunction-sections -c -fmessage-length=0 -MMD -MP -MF"Src/stm32f1xx_hal_msp.d" -MT"Src/stm32f1xx_hal_msp.o" -o "Src/stm32f1xx_hal_msp.o" "../Src/stm32f1xx_hal_msp.c"
Finished building: ../Src/stm32f1xx_hal_msp.c
 
Building file: ../Src/stm32f1xx_it.c
Invoking: MCU GCC Compiler
C:\Users\TARUC\Desktop\1-Wire-Communication-Emulation\Temperature Sensor\Debug
arm-none-eabi-gcc -mcpu=cortex-m3 -mthumb -mfloat-abi=soft '-D__weak=__attribute__((weak))' '-D__packed=__attribute__((__packed__))' -DUSE_HAL_DRIVER -DSTM32F103xB -I"C:/Users/TARUC/Desktop/1-Wire-Communication-Emulation/Temperature Sensor/Inc" -I"C:/Users/TARUC/Desktop/1-Wire-Communication-Emulation/Temperature Sensor/Drivers/STM32F1xx_HAL_Driver/Inc" -I"C:/Users/TARUC/Desktop/1-Wire-Communication-Emulation/Temperature Sensor/Drivers/STM32F1xx_HAL_Driver/Inc/Legacy" -I"C:/Users/TARUC/Desktop/1-Wire-Communication-Emulation/Temperature Sensor/Drivers/CMSIS/Device/ST/STM32F1xx/Include" -I"C:/Users/TARUC/Desktop/1-Wire-Communication-Emulation/Temperature Sensor/Drivers/CMSIS/Include" -I"C:/Users/TARUC/Desktop/1-Wire-Communication-Emulation/Temperature Sensor/Inc"  -Og -g3 -Wall -fmessage-length=0 -ffunction-sections -c -fmessage-length=0 -MMD -MP -MF"Src/stm32f1xx_it.d" -MT"Src/stm32f1xx_it.o" -o "Src/stm32f1xx_it.o" "../Src/stm32f1xx_it.c"
Finished building: ../Src/stm32f1xx_it.c
 
Building file: ../Src/system_stm32f1xx.c
Invoking: MCU GCC Compiler
C:\Users\TARUC\Desktop\1-Wire-Communication-Emulation\Temperature Sensor\Debug
arm-none-eabi-gcc -mcpu=cortex-m3 -mthumb -mfloat-abi=soft '-D__weak=__attribute__((weak))' '-D__packed=__attribute__((__packed__))' -DUSE_HAL_DRIVER -DSTM32F103xB -I"C:/Users/TARUC/Desktop/1-Wire-Communication-Emulation/Temperature Sensor/Inc" -I"C:/Users/TARUC/Desktop/1-Wire-Communication-Emulation/Temperature Sensor/Drivers/STM32F1xx_HAL_Driver/Inc" -I"C:/Users/TARUC/Desktop/1-Wire-Communication-Emulation/Temperature Sensor/Drivers/STM32F1xx_HAL_Driver/Inc/Legacy" -I"C:/Users/TARUC/Desktop/1-Wire-Communication-Emulation/Temperature Sensor/Drivers/CMSIS/Device/ST/STM32F1xx/Include" -I"C:/Users/TARUC/Desktop/1-Wire-Communication-Emulation/Temperature Sensor/Drivers/CMSIS/Include" -I"C:/Users/TARUC/Desktop/1-Wire-Communication-Emulation/Temperature Sensor/Inc"  -Og -g3 -Wall -fmessage-length=0 -ffunction-sections -c -fmessage-length=0 -MMD -MP -MF"Src/system_stm32f1xx.d" -MT"Src/system_stm32f1xx.o" -o "Src/system_stm32f1xx.o" "../Src/system_stm32f1xx.c"
Finished building: ../Src/system_stm32f1xx.c
 
Building file: ../Drivers/STM32F1xx_HAL_Driver/Src/stm32f1xx_hal.c
Invoking: MCU GCC Compiler
C:\Users\TARUC\Desktop\1-Wire-Communication-Emulation\Temperature Sensor\Debug
arm-none-eabi-gcc -mcpu=cortex-m3 -mthumb -mfloat-abi=soft '-D__weak=__attribute__((weak))' '-D__packed=__attribute__((__packed__))' -DUSE_HAL_DRIVER -DSTM32F103xB -I"C:/Users/TARUC/Desktop/1-Wire-Communication-Emulation/Temperature Sensor/Inc" -I"C:/Users/TARUC/Desktop/1-Wire-Communication-Emulation/Temperature Sensor/Drivers/STM32F1xx_HAL_Driver/Inc" -I"C:/Users/TARUC/Desktop/1-Wire-Communication-Emulation/Temperature Sensor/Drivers/STM32F1xx_HAL_Driver/Inc/Legacy" -I"C:/Users/TARUC/Desktop/1-Wire-Communication-Emulation/Temperature Sensor/Drivers/CMSIS/Device/ST/STM32F1xx/Include" -I"C:/Users/TARUC/Desktop/1-Wire-Communication-Emulation/Temperature Sensor/Drivers/CMSIS/Include" -I"C:/Users/TARUC/Desktop/1-Wire-Communication-Emulation/Temperature Sensor/Inc"  -Og -g3 -Wall -fmessage-length=0 -ffunction-sections -c -fmessage-length=0 -MMD -MP -MF"Drivers/STM32F1xx_HAL_Driver/Src/stm32f1xx_hal.d" -MT"Drivers/STM32F1xx_HAL_Driver/Src/stm32f1xx_hal.o" -o "Drivers/STM32F1xx_HAL_Driver/Src/stm32f1xx_hal.o" "../Drivers/STM32F1xx_HAL_Driver/Src/stm32f1xx_hal.c"
Finished building: ../Drivers/STM32F1xx_HAL_Driver/Src/stm32f1xx_hal.c
 
Building file: ../Drivers/STM32F1xx_HAL_Driver/Src/stm32f1xx_hal_cortex.c
Invoking: MCU GCC Compiler
C:\Users\TARUC\Desktop\1-Wire-Communication-Emulation\Temperature Sensor\Debug
arm-none-eabi-gcc -mcpu=cortex-m3 -mthumb -mfloat-abi=soft '-D__weak=__attribute__((weak))' '-D__packed=__attribute__((__packed__))' -DUSE_HAL_DRIVER -DSTM32F103xB -I"C:/Users/TARUC/Desktop/1-Wire-Communication-Emulation/Temperature Sensor/Inc" -I"C:/Users/TARUC/Desktop/1-Wire-Communication-Emulation/Temperature Sensor/Drivers/STM32F1xx_HAL_Driver/Inc" -I"C:/Users/TARUC/Desktop/1-Wire-Communication-Emulation/Temperature Sensor/Drivers/STM32F1xx_HAL_Driver/Inc/Legacy" -I"C:/Users/TARUC/Desktop/1-Wire-Communication-Emulation/Temperature Sensor/Drivers/CMSIS/Device/ST/STM32F1xx/Include" -I"C:/Users/TARUC/Desktop/1-Wire-Communication-Emulation/Temperature Sensor/Drivers/CMSIS/Include" -I"C:/Users/TARUC/Desktop/1-Wire-Communication-Emulation/Temperature Sensor/Inc"  -Og -g3 -Wall -fmessage-length=0 -ffunction-sections -c -fmessage-length=0 -MMD -MP -MF"Drivers/STM32F1xx_HAL_Driver/Src/stm32f1xx_hal_cortex.d" -MT"Drivers/STM32F1xx_HAL_Driver/Src/stm32f1xx_hal_cortex.o" -o "Drivers/STM32F1xx_HAL_Driver/Src/stm32f1xx_hal_cortex.o" "../Drivers/STM32F1xx_HAL_Driver/Src/stm32f1xx_hal_cortex.c"
Finished building: ../Drivers/STM32F1xx_HAL_Driver/Src/stm32f1xx_hal_cortex.c
 
Building file: ../Drivers/STM32F1xx_HAL_Driver/Src/stm32f1xx_hal_dma.c
Invoking: MCU GCC Compiler
C:\Users\TARUC\Desktop\1-Wire-Communication-Emulation\Temperature Sensor\Debug
arm-none-eabi-gcc -mcpu=cortex-m3 -mthumb -mfloat-abi=soft '-D__weak=__attribute__((weak))' '-D__packed=__attribute__((__packed__))' -DUSE_HAL_DRIVER -DSTM32F103xB -I"C:/Users/TARUC/Desktop/1-Wire-Communication-Emulation/Temperature Sensor/Inc" -I"C:/Users/TARUC/Desktop/1-Wire-Communication-Emulation/Temperature Sensor/Drivers/STM32F1xx_HAL_Driver/Inc" -I"C:/Users/TARUC/Desktop/1-Wire-Communication-Emulation/Temperature Sensor/Drivers/STM32F1xx_HAL_Driver/Inc/Legacy" -I"C:/Users/TARUC/Desktop/1-Wire-Communication-Emulation/Temperature Sensor/Drivers/CMSIS/Device/ST/STM32F1xx/Include" -I"C:/Users/TARUC/Desktop/1-Wire-Communication-Emulation/Temperature Sensor/Drivers/CMSIS/Include" -I"C:/Users/TARUC/Desktop/1-Wire-Communication-Emulation/Temperature Sensor/Inc"  -Og -g3 -Wall -fmessage-length=0 -ffunction-sections -c -fmessage-length=0 -MMD -MP -MF"Drivers/STM32F1xx_HAL_Driver/Src/stm32f1xx_hal_dma.d" -MT"Drivers/STM32F1xx_HAL_Driver/Src/stm32f1xx_hal_dma.o" -o "Drivers/STM32F1xx_HAL_Driver/Src/stm32f1xx_hal_dma.o" "../Drivers/STM32F1xx_HAL_Driver/Src/stm32f1xx_hal_dma.c"
Finished building: ../Drivers/STM32F1xx_HAL_Driver/Src/stm32f1xx_hal_dma.c
 
Building file: ../Drivers/STM32F1xx_HAL_Driver/Src/stm32f1xx_hal_flash.c
Invoking: MCU GCC Compiler
C:\Users\TARUC\Desktop\1-Wire-Communication-Emulation\Temperature Sensor\Debug
arm-none-eabi-gcc -mcpu=cortex-m3 -mthumb -mfloat-abi=soft '-D__weak=__attribute__((weak))' '-D__packed=__attribute__((__packed__))' -DUSE_HAL_DRIVER -DSTM32F103xB -I"C:/Users/TARUC/Desktop/1-Wire-Communication-Emulation/Temperature Sensor/Inc" -I"C:/Users/TARUC/Desktop/1-Wire-Communication-Emulation/Temperature Sensor/Drivers/STM32F1xx_HAL_Driver/Inc" -I"C:/Users/TARUC/Desktop/1-Wire-Communication-Emulation/Temperature Sensor/Drivers/STM32F1xx_HAL_Driver/Inc/Legacy" -I"C:/Users/TARUC/Desktop/1-Wire-Communication-Emulation/Temperature Sensor/Drivers/CMSIS/Device/ST/STM32F1xx/Include" -I"C:/Users/TARUC/Desktop/1-Wire-Communication-Emulation/Temperature Sensor/Drivers/CMSIS/Include" -I"C:/Users/TARUC/Desktop/1-Wire-Communication-Emulation/Temperature Sensor/Inc"  -Og -g3 -Wall -fmessage-length=0 -ffunction-sections -c -fmessage-length=0 -MMD -MP -MF"Drivers/STM32F1xx_HAL_Driver/Src/stm32f1xx_hal_flash.d" -MT"Drivers/STM32F1xx_HAL_Driver/Src/stm32f1xx_hal_flash.o" -o "Drivers/STM32F1xx_HAL_Driver/Src/stm32f1xx_hal_flash.o" "../Drivers/STM32F1xx_HAL_Driver/Src/stm32f1xx_hal_flash.c"
Finished building: ../Drivers/STM32F1xx_HAL_Driver/Src/stm32f1xx_hal_flash.c
 
Building file: ../Drivers/STM32F1xx_HAL_Driver/Src/stm32f1xx_hal_flash_ex.c
Invoking: MCU GCC Compiler
C:\Users\TARUC\Desktop\1-Wire-Communication-Emulation\Temperature Sensor\Debug
arm-none-eabi-gcc -mcpu=cortex-m3 -mthumb -mfloat-abi=soft '-D__weak=__attribute__((weak))' '-D__packed=__attribute__((__packed__))' -DUSE_HAL_DRIVER -DSTM32F103xB -I"C:/Users/TARUC/Desktop/1-Wire-Communication-Emulation/Temperature Sensor/Inc" -I"C:/Users/TARUC/Desktop/1-Wire-Communication-Emulation/Temperature Sensor/Drivers/STM32F1xx_HAL_Driver/Inc" -I"C:/Users/TARUC/Desktop/1-Wire-Communication-Emulation/Temperature Sensor/Drivers/STM32F1xx_HAL_Driver/Inc/Legacy" -I"C:/Users/TARUC/Desktop/1-Wire-Communication-Emulation/Temperature Sensor/Drivers/CMSIS/Device/ST/STM32F1xx/Include" -I"C:/Users/TARUC/Desktop/1-Wire-Communication-Emulation/Temperature Sensor/Drivers/CMSIS/Include" -I"C:/Users/TARUC/Desktop/1-Wire-Communication-Emulation/Temperature Sensor/Inc"  -Og -g3 -Wall -fmessage-length=0 -ffunction-sections -c -fmessage-length=0 -MMD -MP -MF"Drivers/STM32F1xx_HAL_Driver/Src/stm32f1xx_hal_flash_ex.d" -MT"Drivers/STM32F1xx_HAL_Driver/Src/stm32f1xx_hal_flash_ex.o" -o "Drivers/STM32F1xx_HAL_Driver/Src/stm32f1xx_hal_flash_ex.o" "../Drivers/STM32F1xx_HAL_Driver/Src/stm32f1xx_hal_flash_ex.c"
Finished building: ../Drivers/STM32F1xx_HAL_Driver/Src/stm32f1xx_hal_flash_ex.c
 
Building file: ../Drivers/STM32F1xx_HAL_Driver/Src/stm32f1xx_hal_gpio.c
Invoking: MCU GCC Compiler
C:\Users\TARUC\Desktop\1-Wire-Communication-Emulation\Temperature Sensor\Debug
arm-none-eabi-gcc -mcpu=cortex-m3 -mthumb -mfloat-abi=soft '-D__weak=__attribute__((weak))' '-D__packed=__attribute__((__packed__))' -DUSE_HAL_DRIVER -DSTM32F103xB -I"C:/Users/TARUC/Desktop/1-Wire-Communication-Emulation/Temperature Sensor/Inc" -I"C:/Users/TARUC/Desktop/1-Wire-Communication-Emulation/Temperature Sensor/Drivers/STM32F1xx_HAL_Driver/Inc" -I"C:/Users/TARUC/Desktop/1-Wire-Communication-Emulation/Temperature Sensor/Drivers/STM32F1xx_HAL_Driver/Inc/Legacy" -I"C:/Users/TARUC/Desktop/1-Wire-Communication-Emulation/Temperature Sensor/Drivers/CMSIS/Device/ST/STM32F1xx/Include" -I"C:/Users/TARUC/Desktop/1-Wire-Communication-Emulation/Temperature Sensor/Drivers/CMSIS/Include" -I"C:/Users/TARUC/Desktop/1-Wire-Communication-Emulation/Temperature Sensor/Inc"  -Og -g3 -Wall -fmessage-length=0 -ffunction-sections -c -fmessage-length=0 -MMD -MP -MF"Drivers/STM32F1xx_HAL_Driver/Src/stm32f1xx_hal_gpio.d" -MT"Drivers/STM32F1xx_HAL_Driver/Src/stm32f1xx_hal_gpio.o" -o "Drivers/STM32F1xx_HAL_Driver/Src/stm32f1xx_hal_gpio.o" "../Drivers/STM32F1xx_HAL_Driver/Src/stm32f1xx_hal_gpio.c"
Finished building: ../Drivers/STM32F1xx_HAL_Driver/Src/stm32f1xx_hal_gpio.c
 
Building file: ../Drivers/STM32F1xx_HAL_Driver/Src/stm32f1xx_hal_gpio_ex.c
Invoking: MCU GCC Compiler
C:\Users\TARUC\Desktop\1-Wire-Communication-Emulation\Temperature Sensor\Debug
arm-none-eabi-gcc -mcpu=cortex-m3 -mthumb -mfloat-abi=soft '-D__weak=__attribute__((weak))' '-D__packed=__attribute__((__packed__))' -DUSE_HAL_DRIVER -DSTM32F103xB -I"C:/Users/TARUC/Desktop/1-Wire-Communication-Emulation/Temperature Sensor/Inc" -I"C:/Users/TARUC/Desktop/1-Wire-Communication-Emulation/Temperature Sensor/Drivers/STM32F1xx_HAL_Driver/Inc" -I"C:/Users/TARUC/Desktop/1-Wire-Communication-Emulation/Temperature Sensor/Drivers/STM32F1xx_HAL_Driver/Inc/Legacy" -I"C:/Users/TARUC/Desktop/1-Wire-Communication-Emulation/Temperature Sensor/Drivers/CMSIS/Device/ST/STM32F1xx/Include" -I"C:/Users/TARUC/Desktop/1-Wire-Communication-Emulation/Temperature Sensor/Drivers/CMSIS/Include" -I"C:/Users/TARUC/Desktop/1-Wire-Communication-Emulation/Temperature Sensor/Inc"  -Og -g3 -Wall -fmessage-length=0 -ffunction-sections -c -fmessage-length=0 -MMD -MP -MF"Drivers/STM32F1xx_HAL_Driver/Src/stm32f1xx_hal_gpio_ex.d" -MT"Drivers/STM32F1xx_HAL_Driver/Src/stm32f1xx_hal_gpio_ex.o" -o "Drivers/STM32F1xx_HAL_Driver/Src/stm32f1xx_hal_gpio_ex.o" "../Drivers/STM32F1xx_HAL_Driver/Src/stm32f1xx_hal_gpio_ex.c"
Finished building: ../Drivers/STM32F1xx_HAL_Driver/Src/stm32f1xx_hal_gpio_ex.c
 
Building file: ../Drivers/STM32F1xx_HAL_Driver/Src/stm32f1xx_hal_pwr.c
Invoking: MCU GCC Compiler
C:\Users\TARUC\Desktop\1-Wire-Communication-Emulation\Temperature Sensor\Debug
arm-none-eabi-gcc -mcpu=cortex-m3 -mthumb -mfloat-abi=soft '-D__weak=__attribute__((weak))' '-D__packed=__attribute__((__packed__))' -DUSE_HAL_DRIVER -DSTM32F103xB -I"C:/Users/TARUC/Desktop/1-Wire-Communication-Emulation/Temperature Sensor/Inc" -I"C:/Users/TARUC/Desktop/1-Wire-Communication-Emulation/Temperature Sensor/Drivers/STM32F1xx_HAL_Driver/Inc" -I"C:/Users/TARUC/Desktop/1-Wire-Communication-Emulation/Temperature Sensor/Drivers/STM32F1xx_HAL_Driver/Inc/Legacy" -I"C:/Users/TARUC/Desktop/1-Wire-Communication-Emulation/Temperature Sensor/Drivers/CMSIS/Device/ST/STM32F1xx/Include" -I"C:/Users/TARUC/Desktop/1-Wire-Communication-Emulation/Temperature Sensor/Drivers/CMSIS/Include" -I"C:/Users/TARUC/Desktop/1-Wire-Communication-Emulation/Temperature Sensor/Inc"  -Og -g3 -Wall -fmessage-length=0 -ffunction-sections -c -fmessage-length=0 -MMD -MP -MF"Drivers/STM32F1xx_HAL_Driver/Src/stm32f1xx_hal_pwr.d" -MT"Drivers/STM32F1xx_HAL_Driver/Src/stm32f1xx_hal_pwr.o" -o "Drivers/STM32F1xx_HAL_Driver/Src/stm32f1xx_hal_pwr.o" "../Drivers/STM32F1xx_HAL_Driver/Src/stm32f1xx_hal_pwr.c"
Finished building: ../Drivers/STM32F1xx_HAL_Driver/Src/stm32f1xx_hal_pwr.c
 
Building file: ../Drivers/STM32F1xx_HAL_Driver/Src/stm32f1xx_hal_rcc.c
Invoking: MCU GCC Compiler
C:\Users\TARUC\Desktop\1-Wire-Communication-Emulation\Temperature Sensor\Debug
arm-none-eabi-gcc -mcpu=cortex-m3 -mthumb -mfloat-abi=soft '-D__weak=__attribute__((weak))' '-D__packed=__attribute__((__packed__))' -DUSE_HAL_DRIVER -DSTM32F103xB -I"C:/Users/TARUC/Desktop/1-Wire-Communication-Emulation/Temperature Sensor/Inc" -I"C:/Users/TARUC/Desktop/1-Wire-Communication-Emulation/Temperature Sensor/Drivers/STM32F1xx_HAL_Driver/Inc" -I"C:/Users/TARUC/Desktop/1-Wire-Communication-Emulation/Temperature Sensor/Drivers/STM32F1xx_HAL_Driver/Inc/Legacy" -I"C:/Users/TARUC/Desktop/1-Wire-Communication-Emulation/Temperature Sensor/Drivers/CMSIS/Device/ST/STM32F1xx/Include" -I"C:/Users/TARUC/Desktop/1-Wire-Communication-Emulation/Temperature Sensor/Drivers/CMSIS/Include" -I"C:/Users/TARUC/Desktop/1-Wire-Communication-Emulation/Temperature Sensor/Inc"  -Og -g3 -Wall -fmessage-length=0 -ffunction-sections -c -fmessage-length=0 -MMD -MP -MF"Drivers/STM32F1xx_HAL_Driver/Src/stm32f1xx_hal_rcc.d" -MT"Drivers/STM32F1xx_HAL_Driver/Src/stm32f1xx_hal_rcc.o" -o "Drivers/STM32F1xx_HAL_Driver/Src/stm32f1xx_hal_rcc.o" "../Drivers/STM32F1xx_HAL_Driver/Src/stm32f1xx_hal_rcc.c"
Finished building: ../Drivers/STM32F1xx_HAL_Driver/Src/stm32f1xx_hal_rcc.c
 
Building file: ../Drivers/STM32F1xx_HAL_Driver/Src/stm32f1xx_hal_rcc_ex.c
Invoking: MCU GCC Compiler
C:\Users\TARUC\Desktop\1-Wire-Communication-Emulation\Temperature Sensor\Debug
arm-none-eabi-gcc -mcpu=cortex-m3 -mthumb -mfloat-abi=soft '-D__weak=__attribute__((weak))' '-D__packed=__attribute__((__packed__))' -DUSE_HAL_DRIVER -DSTM32F103xB -I"C:/Users/TARUC/Desktop/1-Wire-Communication-Emulation/Temperature Sensor/Inc" -I"C:/Users/TARUC/Desktop/1-Wire-Communication-Emulation/Temperature Sensor/Drivers/STM32F1xx_HAL_Driver/Inc" -I"C:/Users/TARUC/Desktop/1-Wire-Communication-Emulation/Temperature Sensor/Drivers/STM32F1xx_HAL_Driver/Inc/Legacy" -I"C:/Users/TARUC/Desktop/1-Wire-Communication-Emulation/Temperature Sensor/Drivers/CMSIS/Device/ST/STM32F1xx/Include" -I"C:/Users/TARUC/Desktop/1-Wire-Communication-Emulation/Temperature Sensor/Drivers/CMSIS/Include" -I"C:/Users/TARUC/Desktop/1-Wire-Communication-Emulation/Temperature Sensor/Inc"  -Og -g3 -Wall -fmessage-length=0 -ffunction-sections -c -fmessage-length=0 -MMD -MP -MF"Drivers/STM32F1xx_HAL_Driver/Src/stm32f1xx_hal_rcc_ex.d" -MT"Drivers/STM32F1xx_HAL_Driver/Src/stm32f1xx_hal_rcc_ex.o" -o "Drivers/STM32F1xx_HAL_Driver/Src/stm32f1xx_hal_rcc_ex.o" "../Drivers/STM32F1xx_HAL_Driver/Src/stm32f1xx_hal_rcc_ex.c"
Finished building: ../Drivers/STM32F1xx_HAL_Driver/Src/stm32f1xx_hal_rcc_ex.c
 
Building file: ../Drivers/STM32F1xx_HAL_Driver/Src/stm32f1xx_hal_tim.c
Invoking: MCU GCC Compiler
C:\Users\TARUC\Desktop\1-Wire-Communication-Emulation\Temperature Sensor\Debug
arm-none-eabi-gcc -mcpu=cortex-m3 -mthumb -mfloat-abi=soft '-D__weak=__attribute__((weak))' '-D__packed=__attribute__((__packed__))' -DUSE_HAL_DRIVER -DSTM32F103xB -I"C:/Users/TARUC/Desktop/1-Wire-Communication-Emulation/Temperature Sensor/Inc" -I"C:/Users/TARUC/Desktop/1-Wire-Communication-Emulation/Temperature Sensor/Drivers/STM32F1xx_HAL_Driver/Inc" -I"C:/Users/TARUC/Desktop/1-Wire-Communication-Emulation/Temperature Sensor/Drivers/STM32F1xx_HAL_Driver/Inc/Legacy" -I"C:/Users/TARUC/Desktop/1-Wire-Communication-Emulation/Temperature Sensor/Drivers/CMSIS/Device/ST/STM32F1xx/Include" -I"C:/Users/TARUC/Desktop/1-Wire-Communication-Emulation/Temperature Sensor/Drivers/CMSIS/Include" -I"C:/Users/TARUC/Desktop/1-Wire-Communication-Emulation/Temperature Sensor/Inc"  -Og -g3 -Wall -fmessage-length=0 -ffunction-sections -c -fmessage-length=0 -MMD -MP -MF"Drivers/STM32F1xx_HAL_Driver/Src/stm32f1xx_hal_tim.d" -MT"Drivers/STM32F1xx_HAL_Driver/Src/stm32f1xx_hal_tim.o" -o "Drivers/STM32F1xx_HAL_Driver/Src/stm32f1xx_hal_tim.o" "../Drivers/STM32F1xx_HAL_Driver/Src/stm32f1xx_hal_tim.c"
Finished building: ../Drivers/STM32F1xx_HAL_Driver/Src/stm32f1xx_hal_tim.c
 
Building file: ../Drivers/STM32F1xx_HAL_Driver/Src/stm32f1xx_hal_tim_ex.c
Invoking: MCU GCC Compiler
C:\Users\TARUC\Desktop\1-Wire-Communication-Emulation\Temperature Sensor\Debug
arm-none-eabi-gcc -mcpu=cortex-m3 -mthumb -mfloat-abi=soft '-D__weak=__attribute__((weak))' '-D__packed=__attribute__((__packed__))' -DUSE_HAL_DRIVER -DSTM32F103xB -I"C:/Users/TARUC/Desktop/1-Wire-Communication-Emulation/Temperature Sensor/Inc" -I"C:/Users/TARUC/Desktop/1-Wire-Communication-Emulation/Temperature Sensor/Drivers/STM32F1xx_HAL_Driver/Inc" -I"C:/Users/TARUC/Desktop/1-Wire-Communication-Emulation/Temperature Sensor/Drivers/STM32F1xx_HAL_Driver/Inc/Legacy" -I"C:/Users/TARUC/Desktop/1-Wire-Communication-Emulation/Temperature Sensor/Drivers/CMSIS/Device/ST/STM32F1xx/Include" -I"C:/Users/TARUC/Desktop/1-Wire-Communication-Emulation/Temperature Sensor/Drivers/CMSIS/Include" -I"C:/Users/TARUC/Desktop/1-Wire-Communication-Emulation/Temperature Sensor/Inc"  -Og -g3 -Wall -fmessage-length=0 -ffunction-sections -c -fmessage-length=0 -MMD -MP -MF"Drivers/STM32F1xx_HAL_Driver/Src/stm32f1xx_hal_tim_ex.d" -MT"Drivers/STM32F1xx_HAL_Driver/Src/stm32f1xx_hal_tim_ex.o" -o "Drivers/STM32F1xx_HAL_Driver/Src/stm32f1xx_hal_tim_ex.o" "../Drivers/STM32F1xx_HAL_Driver/Src/stm32f1xx_hal_tim_ex.c"
Finished building: ../Drivers/STM32F1xx_HAL_Driver/Src/stm32f1xx_hal_tim_ex.c
 
Building file: ../Drivers/STM32F1xx_HAL_Driver/Src/stm32f1xx_hal_uart.c
Invoking: MCU GCC Compiler
C:\Users\TARUC\Desktop\1-Wire-Communication-Emulation\Temperature Sensor\Debug
arm-none-eabi-gcc -mcpu=cortex-m3 -mthumb -mfloat-abi=soft '-D__weak=__attribute__((weak))' '-D__packed=__attribute__((__packed__))' -DUSE_HAL_DRIVER -DSTM32F103xB -I"C:/Users/TARUC/Desktop/1-Wire-Communication-Emulation/Temperature Sensor/Inc" -I"C:/Users/TARUC/Desktop/1-Wire-Communication-Emulation/Temperature Sensor/Drivers/STM32F1xx_HAL_Driver/Inc" -I"C:/Users/TARUC/Desktop/1-Wire-Communication-Emulation/Temperature Sensor/Drivers/STM32F1xx_HAL_Driver/Inc/Legacy" -I"C:/Users/TARUC/Desktop/1-Wire-Communication-Emulation/Temperature Sensor/Drivers/CMSIS/Device/ST/STM32F1xx/Include" -I"C:/Users/TARUC/Desktop/1-Wire-Communication-Emulation/Temperature Sensor/Drivers/CMSIS/Include" -I"C:/Users/TARUC/Desktop/1-Wire-Communication-Emulation/Temperature Sensor/Inc"  -Og -g3 -Wall -fmessage-length=0 -ffunction-sections -c -fmessage-length=0 -MMD -MP -MF"Drivers/STM32F1xx_HAL_Driver/Src/stm32f1xx_hal_uart.d" -MT"Drivers/STM32F1xx_HAL_Driver/Src/stm32f1xx_hal_uart.o" -o "Drivers/STM32F1xx_HAL_Driver/Src/stm32f1xx_hal_uart.o" "../Drivers/STM32F1xx_HAL_Driver/Src/stm32f1xx_hal_uart.c"
Finished building: ../Drivers/STM32F1xx_HAL_Driver/Src/stm32f1xx_hal_uart.c
 
Building target: Temperature Sensor.elf
Invoking: MCU GCC Linker
arm-none-eabi-gcc -mcpu=cortex-m3 -mthumb -mfloat-abi=soft -specs=nosys.specs -specs=nano.specs -T"../STM32F103C8Tx_FLASH.ld" -Wl,-Map=output.map -Wl,--gc-sections -o "Temperature Sensor.elf" @"objects.list"   -lm
Finished building target: Temperature Sensor.elf
 
make --no-print-directory post-build
Generating binary and Printing size information:
arm-none-eabi-objcopy -O binary "Temperature Sensor.elf" "Temperature Sensor.bin"
arm-none-eabi-size "Temperature Sensor.elf"
   text	   data	    bss	    dec	    hex	filename
   5312	     12	   1636	   6960	   1b30	Temperature Sensor.elf
 
14:15:07 **** Incremental Build of configuration Debug for project Temperature Sensor ****
make all 
make: Nothing to be done for `all'.
14:18:20 **** Incremental Build of configuration Debug for project Temperature Sensor ****
make all 
Building file: ../Src/main.c
Invoking: MCU GCC Compiler
C:\Users\TARUC\Desktop\1-Wire-Communication-Emulation\Temperature Sensor\Debug
arm-none-eabi-gcc -mcpu=cortex-m3 -mthumb -mfloat-abi=soft '-D__weak=__attribute__((weak))' '-D__packed=__attribute__((__packed__))' -DUSE_HAL_DRIVER -DSTM32F103xB -I"C:/Users/TARUC/Desktop/1-Wire-Communication-Emulation/Temperature Sensor/Inc" -I"C:/Users/TARUC/Desktop/1-Wire-Communication-Emulation/Temperature Sensor/Drivers/STM32F1xx_HAL_Driver/Inc" -I"C:/Users/TARUC/Desktop/1-Wire-Communication-Emulation/Temperature Sensor/Drivers/STM32F1xx_HAL_Driver/Inc/Legacy" -I"C:/Users/TARUC/Desktop/1-Wire-Communication-Emulation/Temperature Sensor/Drivers/CMSIS/Device/ST/STM32F1xx/Include" -I"C:/Users/TARUC/Desktop/1-Wire-Communication-Emulation/Temperature Sensor/Drivers/CMSIS/Include" -I"C:/Users/TARUC/Desktop/1-Wire-Communication-Emulation/Temperature Sensor/Inc"  -Og -g3 -Wall -fmessage-length=0 -ffunction-sections -c -fmessage-length=0 -MMD -MP -MF"Src/main.d" -MT"Src/main.o" -o "Src/main.o" "../Src/main.c"
Finished building: ../Src/main.c
 
Building target: Temperature Sensor.elf
Invoking: MCU GCC Linker
arm-none-eabi-gcc -mcpu=cortex-m3 -mthumb -mfloat-abi=soft -specs=nosys.specs -specs=nano.specs -T"../STM32F103C8Tx_FLASH.ld" -Wl,-Map=output.map -Wl,--gc-sections -o "Temperature Sensor.elf" @"objects.list"   -lm
Finished building target: Temperature Sensor.elf
 
make --no-print-directory post-build
Generating binary and Printing size information:
arm-none-eabi-objcopy -O binary "Temperature Sensor.elf" "Temperature Sensor.bin"
arm-none-eabi-size "Temperature Sensor.elf"
   text	   data	    bss	    dec	    hex	filename
   4880	     12	   1636	   6528	   1980	Temperature Sensor.elf
 
14:18:37 **** Incremental Build of configuration Debug for project Temperature Sensor ****
make all 
make: Nothing to be done for `all'.
14:19:40 **** Incremental Build of configuration Debug for project Temperature Sensor ****
make all 
make: Nothing to be done for `all'.
14:20:12 **** Incremental Build of configuration Debug for project Temperature Sensor ****
make all 
Building file: ../Src/main.c
Invoking: MCU GCC Compiler
C:\Users\TARUC\Desktop\1-Wire-Communication-Emulation\Temperature Sensor\Debug
arm-none-eabi-gcc -mcpu=cortex-m3 -mthumb -mfloat-abi=soft '-D__weak=__attribute__((weak))' '-D__packed=__attribute__((__packed__))' -DUSE_HAL_DRIVER -DSTM32F103xB -I"C:/Users/TARUC/Desktop/1-Wire-Communication-Emulation/Temperature Sensor/Inc" -I"C:/Users/TARUC/Desktop/1-Wire-Communication-Emulation/Temperature Sensor/Drivers/STM32F1xx_HAL_Driver/Inc" -I"C:/Users/TARUC/Desktop/1-Wire-Communication-Emulation/Temperature Sensor/Drivers/STM32F1xx_HAL_Driver/Inc/Legacy" -I"C:/Users/TARUC/Desktop/1-Wire-Communication-Emulation/Temperature Sensor/Drivers/CMSIS/Device/ST/STM32F1xx/Include" -I"C:/Users/TARUC/Desktop/1-Wire-Communication-Emulation/Temperature Sensor/Drivers/CMSIS/Include" -I"C:/Users/TARUC/Desktop/1-Wire-Communication-Emulation/Temperature Sensor/Inc"  -Og -g3 -Wall -fmessage-length=0 -ffunction-sections -c -fmessage-length=0 -MMD -MP -MF"Src/main.d" -MT"Src/main.o" -o "Src/main.o" "../Src/main.c"
Finished building: ../Src/main.c
 
Building target: Temperature Sensor.elf
Invoking: MCU GCC Linker
arm-none-eabi-gcc -mcpu=cortex-m3 -mthumb -mfloat-abi=soft -specs=nosys.specs -specs=nano.specs -T"../STM32F103C8Tx_FLASH.ld" -Wl,-Map=output.map -Wl,--gc-sections -o "Temperature Sensor.elf" @"objects.list"   -lm
Finished building target: Temperature Sensor.elf
 
make --no-print-directory post-build
Generating binary and Printing size information:
arm-none-eabi-objcopy -O binary "Temperature Sensor.elf" "Temperature Sensor.bin"
arm-none-eabi-size "Temperature Sensor.elf"
   text	   data	    bss	    dec	    hex	filename
   4872	     12	   1636	   6520	   1978	Temperature Sensor.elf
 
14:20:15 **** Incremental Build of configuration Debug for project Temperature Sensor ****
make all 
make: Nothing to be done for `all'.
14:26:30 **** Incremental Build of configuration Debug for project Temperature Sensor ****
make all 
Building file: ../Src/main.c
Invoking: MCU GCC Compiler
C:\Users\TARUC\Desktop\1-Wire-Communication-Emulation\Temperature Sensor\Debug
arm-none-eabi-gcc -mcpu=cortex-m3 -mthumb -mfloat-abi=soft '-D__weak=__attribute__((weak))' '-D__packed=__attribute__((__packed__))' -DUSE_HAL_DRIVER -DSTM32F103xB -I"C:/Users/TARUC/Desktop/1-Wire-Communication-Emulation/Temperature Sensor/Inc" -I"C:/Users/TARUC/Desktop/1-Wire-Communication-Emulation/Temperature Sensor/Drivers/STM32F1xx_HAL_Driver/Inc" -I"C:/Users/TARUC/Desktop/1-Wire-Communication-Emulation/Temperature Sensor/Drivers/STM32F1xx_HAL_Driver/Inc/Legacy" -I"C:/Users/TARUC/Desktop/1-Wire-Communication-Emulation/Temperature Sensor/Drivers/CMSIS/Device/ST/STM32F1xx/Include" -I"C:/Users/TARUC/Desktop/1-Wire-Communication-Emulation/Temperature Sensor/Drivers/CMSIS/Include" -I"C:/Users/TARUC/Desktop/1-Wire-Communication-Emulation/Temperature Sensor/Inc"  -Og -g3 -Wall -fmessage-length=0 -ffunction-sections -c -fmessage-length=0 -MMD -MP -MF"Src/main.d" -MT"Src/main.o" -o "Src/main.o" "../Src/main.c"
Finished building: ../Src/main.c
 
Building target: Temperature Sensor.elf
Invoking: MCU GCC Linker
arm-none-eabi-gcc -mcpu=cortex-m3 -mthumb -mfloat-abi=soft -specs=nosys.specs -specs=nano.specs -T"../STM32F103C8Tx_FLASH.ld" -Wl,-Map=output.map -Wl,--gc-sections -o "Temperature Sensor.elf" @"objects.list"   -lm
Finished building target: Temperature Sensor.elf
 
make --no-print-directory post-build
Generating binary and Printing size information:
arm-none-eabi-objcopy -O binary "Temperature Sensor.elf" "Temperature Sensor.bin"
arm-none-eabi-size "Temperature Sensor.elf"
   text	   data	    bss	    dec	    hex	filename
   4872	     12	   1636	   6520	   1978	Temperature Sensor.elf
 
14:26:35 **** Incremental Build of configuration Debug for project Temperature Sensor ****
make all 
make: Nothing to be done for `all'.
14:31:26 **** Incremental Build of configuration Debug for project Temperature Sensor ****
make all 
Building file: ../Src/main.c
Invoking: MCU GCC Compiler
C:\Users\TARUC\Desktop\1-Wire-Communication-Emulation\Temperature Sensor\Debug
arm-none-eabi-gcc -mcpu=cortex-m3 -mthumb -mfloat-abi=soft '-D__weak=__attribute__((weak))' '-D__packed=__attribute__((__packed__))' -DUSE_HAL_DRIVER -DSTM32F103xB -I"C:/Users/TARUC/Desktop/1-Wire-Communication-Emulation/Temperature Sensor/Inc" -I"C:/Users/TARUC/Desktop/1-Wire-Communication-Emulation/Temperature Sensor/Drivers/STM32F1xx_HAL_Driver/Inc" -I"C:/Users/TARUC/Desktop/1-Wire-Communication-Emulation/Temperature Sensor/Drivers/STM32F1xx_HAL_Driver/Inc/Legacy" -I"C:/Users/TARUC/Desktop/1-Wire-Communication-Emulation/Temperature Sensor/Drivers/CMSIS/Device/ST/STM32F1xx/Include" -I"C:/Users/TARUC/Desktop/1-Wire-Communication-Emulation/Temperature Sensor/Drivers/CMSIS/Include" -I"C:/Users/TARUC/Desktop/1-Wire-Communication-Emulation/Temperature Sensor/Inc"  -Og -g3 -Wall -fmessage-length=0 -ffunction-sections -c -fmessage-length=0 -MMD -MP -MF"Src/main.d" -MT"Src/main.o" -o "Src/main.o" "../Src/main.c"
Finished building: ../Src/main.c
 
Building target: Temperature Sensor.elf
Invoking: MCU GCC Linker
arm-none-eabi-gcc -mcpu=cortex-m3 -mthumb -mfloat-abi=soft -specs=nosys.specs -specs=nano.specs -T"../STM32F103C8Tx_FLASH.ld" -Wl,-Map=output.map -Wl,--gc-sections -o "Temperature Sensor.elf" @"objects.list"   -lm
Finished building target: Temperature Sensor.elf
 
make --no-print-directory post-build
Generating binary and Printing size information:
arm-none-eabi-objcopy -O binary "Temperature Sensor.elf" "Temperature Sensor.bin"
arm-none-eabi-size "Temperature Sensor.elf"
   text	   data	    bss	    dec	    hex	filename
   4872	     12	   1636	   6520	   1978	Temperature Sensor.elf
 
14:31:52 **** Incremental Build of configuration Debug for project Temperature Sensor ****
make all 
Building file: ../Src/main.c
Invoking: MCU GCC Compiler
C:\Users\TARUC\Desktop\1-Wire-Communication-Emulation\Temperature Sensor\Debug
arm-none-eabi-gcc -mcpu=cortex-m3 -mthumb -mfloat-abi=soft '-D__weak=__attribute__((weak))' '-D__packed=__attribute__((__packed__))' -DUSE_HAL_DRIVER -DSTM32F103xB -I"C:/Users/TARUC/Desktop/1-Wire-Communication-Emulation/Temperature Sensor/Inc" -I"C:/Users/TARUC/Desktop/1-Wire-Communication-Emulation/Temperature Sensor/Drivers/STM32F1xx_HAL_Driver/Inc" -I"C:/Users/TARUC/Desktop/1-Wire-Communication-Emulation/Temperature Sensor/Drivers/STM32F1xx_HAL_Driver/Inc/Legacy" -I"C:/Users/TARUC/Desktop/1-Wire-Communication-Emulation/Temperature Sensor/Drivers/CMSIS/Device/ST/STM32F1xx/Include" -I"C:/Users/TARUC/Desktop/1-Wire-Communication-Emulation/Temperature Sensor/Drivers/CMSIS/Include" -I"C:/Users/TARUC/Desktop/1-Wire-Communication-Emulation/Temperature Sensor/Inc"  -Og -g3 -Wall -fmessage-length=0 -ffunction-sections -c -fmessage-length=0 -MMD -MP -MF"Src/main.d" -MT"Src/main.o" -o "Src/main.o" "../Src/main.c"
Finished building: ../Src/main.c
 
Building target: Temperature Sensor.elf
Invoking: MCU GCC Linker
arm-none-eabi-gcc -mcpu=cortex-m3 -mthumb -mfloat-abi=soft -specs=nosys.specs -specs=nano.specs -T"../STM32F103C8Tx_FLASH.ld" -Wl,-Map=output.map -Wl,--gc-sections -o "Temperature Sensor.elf" @"objects.list"   -lm
Finished building target: Temperature Sensor.elf
 
make --no-print-directory post-build
Generating binary and Printing size information:
arm-none-eabi-objcopy -O binary "Temperature Sensor.elf" "Temperature Sensor.bin"
arm-none-eabi-size "Temperature Sensor.elf"
   text	   data	    bss	    dec	    hex	filename
   4864	     12	   1636	   6512	   1970	Temperature Sensor.elf
 
14:31:59 **** Incremental Build of configuration Debug for project Temperature Sensor ****
make all 
make: Nothing to be done for `all'.
14:33:09 **** Incremental Build of configuration Debug for project Temperature Sensor ****
make all 
Building file: ../Src/main.c
Invoking: MCU GCC Compiler
C:\Users\TARUC\Desktop\1-Wire-Communication-Emulation\Temperature Sensor\Debug
arm-none-eabi-gcc -mcpu=cortex-m3 -mthumb -mfloat-abi=soft '-D__weak=__attribute__((weak))' '-D__packed=__attribute__((__packed__))' -DUSE_HAL_DRIVER -DSTM32F103xB -I"C:/Users/TARUC/Desktop/1-Wire-Communication-Emulation/Temperature Sensor/Inc" -I"C:/Users/TARUC/Desktop/1-Wire-Communication-Emulation/Temperature Sensor/Drivers/STM32F1xx_HAL_Driver/Inc" -I"C:/Users/TARUC/Desktop/1-Wire-Communication-Emulation/Temperature Sensor/Drivers/STM32F1xx_HAL_Driver/Inc/Legacy" -I"C:/Users/TARUC/Desktop/1-Wire-Communication-Emulation/Temperature Sensor/Drivers/CMSIS/Device/ST/STM32F1xx/Include" -I"C:/Users/TARUC/Desktop/1-Wire-Communication-Emulation/Temperature Sensor/Drivers/CMSIS/Include" -I"C:/Users/TARUC/Desktop/1-Wire-Communication-Emulation/Temperature Sensor/Inc"  -Og -g3 -Wall -fmessage-length=0 -ffunction-sections -c -fmessage-length=0 -MMD -MP -MF"Src/main.d" -MT"Src/main.o" -o "Src/main.o" "../Src/main.c"
Finished building: ../Src/main.c
 
Building target: Temperature Sensor.elf
Invoking: MCU GCC Linker
arm-none-eabi-gcc -mcpu=cortex-m3 -mthumb -mfloat-abi=soft -specs=nosys.specs -specs=nano.specs -T"../STM32F103C8Tx_FLASH.ld" -Wl,-Map=output.map -Wl,--gc-sections -o "Temperature Sensor.elf" @"objects.list"   -lm
Finished building target: Temperature Sensor.elf
 
make --no-print-directory post-build
Generating binary and Printing size information:
arm-none-eabi-objcopy -O binary "Temperature Sensor.elf" "Temperature Sensor.bin"
arm-none-eabi-size "Temperature Sensor.elf"
   text	   data	    bss	    dec	    hex	filename
   5312	     12	   1636	   6960	   1b30	Temperature Sensor.elf
 
14:33:14 **** Incremental Build of configuration Debug for project Temperature Sensor ****
make all 
make: Nothing to be done for `all'.
14:34:29 **** Incremental Build of configuration Debug for project Temperature Sensor ****
make all 
Building file: ../Src/main.c
Invoking: MCU GCC Compiler
C:\Users\TARUC\Desktop\1-Wire-Communication-Emulation\Temperature Sensor\Debug
arm-none-eabi-gcc -mcpu=cortex-m3 -mthumb -mfloat-abi=soft '-D__weak=__attribute__((weak))' '-D__packed=__attribute__((__packed__))' -DUSE_HAL_DRIVER -DSTM32F103xB -I"C:/Users/TARUC/Desktop/1-Wire-Communication-Emulation/Temperature Sensor/Inc" -I"C:/Users/TARUC/Desktop/1-Wire-Communication-Emulation/Temperature Sensor/Drivers/STM32F1xx_HAL_Driver/Inc" -I"C:/Users/TARUC/Desktop/1-Wire-Communication-Emulation/Temperature Sensor/Drivers/STM32F1xx_HAL_Driver/Inc/Legacy" -I"C:/Users/TARUC/Desktop/1-Wire-Communication-Emulation/Temperature Sensor/Drivers/CMSIS/Device/ST/STM32F1xx/Include" -I"C:/Users/TARUC/Desktop/1-Wire-Communication-Emulation/Temperature Sensor/Drivers/CMSIS/Include" -I"C:/Users/TARUC/Desktop/1-Wire-Communication-Emulation/Temperature Sensor/Inc"  -Og -g3 -Wall -fmessage-length=0 -ffunction-sections -c -fmessage-length=0 -MMD -MP -MF"Src/main.d" -MT"Src/main.o" -o "Src/main.o" "../Src/main.c"
Finished building: ../Src/main.c
 
Building file: ../Src/stm32f1xx_hal_msp.c
Invoking: MCU GCC Compiler
C:\Users\TARUC\Desktop\1-Wire-Communication-Emulation\Temperature Sensor\Debug
arm-none-eabi-gcc -mcpu=cortex-m3 -mthumb -mfloat-abi=soft '-D__weak=__attribute__((weak))' '-D__packed=__attribute__((__packed__))' -DUSE_HAL_DRIVER -DSTM32F103xB -I"C:/Users/TARUC/Desktop/1-Wire-Communication-Emulation/Temperature Sensor/Inc" -I"C:/Users/TARUC/Desktop/1-Wire-Communication-Emulation/Temperature Sensor/Drivers/STM32F1xx_HAL_Driver/Inc" -I"C:/Users/TARUC/Desktop/1-Wire-Communication-Emulation/Temperature Sensor/Drivers/STM32F1xx_HAL_Driver/Inc/Legacy" -I"C:/Users/TARUC/Desktop/1-Wire-Communication-Emulation/Temperature Sensor/Drivers/CMSIS/Device/ST/STM32F1xx/Include" -I"C:/Users/TARUC/Desktop/1-Wire-Communication-Emulation/Temperature Sensor/Drivers/CMSIS/Include" -I"C:/Users/TARUC/Desktop/1-Wire-Communication-Emulation/Temperature Sensor/Inc"  -Og -g3 -Wall -fmessage-length=0 -ffunction-sections -c -fmessage-length=0 -MMD -MP -MF"Src/stm32f1xx_hal_msp.d" -MT"Src/stm32f1xx_hal_msp.o" -o "Src/stm32f1xx_hal_msp.o" "../Src/stm32f1xx_hal_msp.c"
Finished building: ../Src/stm32f1xx_hal_msp.c
 
Building file: ../Src/stm32f1xx_it.c
Invoking: MCU GCC Compiler
C:\Users\TARUC\Desktop\1-Wire-Communication-Emulation\Temperature Sensor\Debug
arm-none-eabi-gcc -mcpu=cortex-m3 -mthumb -mfloat-abi=soft '-D__weak=__attribute__((weak))' '-D__packed=__attribute__((__packed__))' -DUSE_HAL_DRIVER -DSTM32F103xB -I"C:/Users/TARUC/Desktop/1-Wire-Communication-Emulation/Temperature Sensor/Inc" -I"C:/Users/TARUC/Desktop/1-Wire-Communication-Emulation/Temperature Sensor/Drivers/STM32F1xx_HAL_Driver/Inc" -I"C:/Users/TARUC/Desktop/1-Wire-Communication-Emulation/Temperature Sensor/Drivers/STM32F1xx_HAL_Driver/Inc/Legacy" -I"C:/Users/TARUC/Desktop/1-Wire-Communication-Emulation/Temperature Sensor/Drivers/CMSIS/Device/ST/STM32F1xx/Include" -I"C:/Users/TARUC/Desktop/1-Wire-Communication-Emulation/Temperature Sensor/Drivers/CMSIS/Include" -I"C:/Users/TARUC/Desktop/1-Wire-Communication-Emulation/Temperature Sensor/Inc"  -Og -g3 -Wall -fmessage-length=0 -ffunction-sections -c -fmessage-length=0 -MMD -MP -MF"Src/stm32f1xx_it.d" -MT"Src/stm32f1xx_it.o" -o "Src/stm32f1xx_it.o" "../Src/stm32f1xx_it.c"
Finished building: ../Src/stm32f1xx_it.c
 
Building file: ../Src/system_stm32f1xx.c
Invoking: MCU GCC Compiler
C:\Users\TARUC\Desktop\1-Wire-Communication-Emulation\Temperature Sensor\Debug
arm-none-eabi-gcc -mcpu=cortex-m3 -mthumb -mfloat-abi=soft '-D__weak=__attribute__((weak))' '-D__packed=__attribute__((__packed__))' -DUSE_HAL_DRIVER -DSTM32F103xB -I"C:/Users/TARUC/Desktop/1-Wire-Communication-Emulation/Temperature Sensor/Inc" -I"C:/Users/TARUC/Desktop/1-Wire-Communication-Emulation/Temperature Sensor/Drivers/STM32F1xx_HAL_Driver/Inc" -I"C:/Users/TARUC/Desktop/1-Wire-Communication-Emulation/Temperature Sensor/Drivers/STM32F1xx_HAL_Driver/Inc/Legacy" -I"C:/Users/TARUC/Desktop/1-Wire-Communication-Emulation/Temperature Sensor/Drivers/CMSIS/Device/ST/STM32F1xx/Include" -I"C:/Users/TARUC/Desktop/1-Wire-Communication-Emulation/Temperature Sensor/Drivers/CMSIS/Include" -I"C:/Users/TARUC/Desktop/1-Wire-Communication-Emulation/Temperature Sensor/Inc"  -Og -g3 -Wall -fmessage-length=0 -ffunction-sections -c -fmessage-length=0 -MMD -MP -MF"Src/system_stm32f1xx.d" -MT"Src/system_stm32f1xx.o" -o "Src/system_stm32f1xx.o" "../Src/system_stm32f1xx.c"
Finished building: ../Src/system_stm32f1xx.c
 
Building file: ../Drivers/STM32F1xx_HAL_Driver/Src/stm32f1xx_hal.c
Invoking: MCU GCC Compiler
C:\Users\TARUC\Desktop\1-Wire-Communication-Emulation\Temperature Sensor\Debug
arm-none-eabi-gcc -mcpu=cortex-m3 -mthumb -mfloat-abi=soft '-D__weak=__attribute__((weak))' '-D__packed=__attribute__((__packed__))' -DUSE_HAL_DRIVER -DSTM32F103xB -I"C:/Users/TARUC/Desktop/1-Wire-Communication-Emulation/Temperature Sensor/Inc" -I"C:/Users/TARUC/Desktop/1-Wire-Communication-Emulation/Temperature Sensor/Drivers/STM32F1xx_HAL_Driver/Inc" -I"C:/Users/TARUC/Desktop/1-Wire-Communication-Emulation/Temperature Sensor/Drivers/STM32F1xx_HAL_Driver/Inc/Legacy" -I"C:/Users/TARUC/Desktop/1-Wire-Communication-Emulation/Temperature Sensor/Drivers/CMSIS/Device/ST/STM32F1xx/Include" -I"C:/Users/TARUC/Desktop/1-Wire-Communication-Emulation/Temperature Sensor/Drivers/CMSIS/Include" -I"C:/Users/TARUC/Desktop/1-Wire-Communication-Emulation/Temperature Sensor/Inc"  -Og -g3 -Wall -fmessage-length=0 -ffunction-sections -c -fmessage-length=0 -MMD -MP -MF"Drivers/STM32F1xx_HAL_Driver/Src/stm32f1xx_hal.d" -MT"Drivers/STM32F1xx_HAL_Driver/Src/stm32f1xx_hal.o" -o "Drivers/STM32F1xx_HAL_Driver/Src/stm32f1xx_hal.o" "../Drivers/STM32F1xx_HAL_Driver/Src/stm32f1xx_hal.c"
Finished building: ../Drivers/STM32F1xx_HAL_Driver/Src/stm32f1xx_hal.c
 
Building file: ../Drivers/STM32F1xx_HAL_Driver/Src/stm32f1xx_hal_cortex.c
Invoking: MCU GCC Compiler
C:\Users\TARUC\Desktop\1-Wire-Communication-Emulation\Temperature Sensor\Debug
arm-none-eabi-gcc -mcpu=cortex-m3 -mthumb -mfloat-abi=soft '-D__weak=__attribute__((weak))' '-D__packed=__attribute__((__packed__))' -DUSE_HAL_DRIVER -DSTM32F103xB -I"C:/Users/TARUC/Desktop/1-Wire-Communication-Emulation/Temperature Sensor/Inc" -I"C:/Users/TARUC/Desktop/1-Wire-Communication-Emulation/Temperature Sensor/Drivers/STM32F1xx_HAL_Driver/Inc" -I"C:/Users/TARUC/Desktop/1-Wire-Communication-Emulation/Temperature Sensor/Drivers/STM32F1xx_HAL_Driver/Inc/Legacy" -I"C:/Users/TARUC/Desktop/1-Wire-Communication-Emulation/Temperature Sensor/Drivers/CMSIS/Device/ST/STM32F1xx/Include" -I"C:/Users/TARUC/Desktop/1-Wire-Communication-Emulation/Temperature Sensor/Drivers/CMSIS/Include" -I"C:/Users/TARUC/Desktop/1-Wire-Communication-Emulation/Temperature Sensor/Inc"  -Og -g3 -Wall -fmessage-length=0 -ffunction-sections -c -fmessage-length=0 -MMD -MP -MF"Drivers/STM32F1xx_HAL_Driver/Src/stm32f1xx_hal_cortex.d" -MT"Drivers/STM32F1xx_HAL_Driver/Src/stm32f1xx_hal_cortex.o" -o "Drivers/STM32F1xx_HAL_Driver/Src/stm32f1xx_hal_cortex.o" "../Drivers/STM32F1xx_HAL_Driver/Src/stm32f1xx_hal_cortex.c"
Finished building: ../Drivers/STM32F1xx_HAL_Driver/Src/stm32f1xx_hal_cortex.c
 
Building file: ../Drivers/STM32F1xx_HAL_Driver/Src/stm32f1xx_hal_dma.c
Invoking: MCU GCC Compiler
C:\Users\TARUC\Desktop\1-Wire-Communication-Emulation\Temperature Sensor\Debug
arm-none-eabi-gcc -mcpu=cortex-m3 -mthumb -mfloat-abi=soft '-D__weak=__attribute__((weak))' '-D__packed=__attribute__((__packed__))' -DUSE_HAL_DRIVER -DSTM32F103xB -I"C:/Users/TARUC/Desktop/1-Wire-Communication-Emulation/Temperature Sensor/Inc" -I"C:/Users/TARUC/Desktop/1-Wire-Communication-Emulation/Temperature Sensor/Drivers/STM32F1xx_HAL_Driver/Inc" -I"C:/Users/TARUC/Desktop/1-Wire-Communication-Emulation/Temperature Sensor/Drivers/STM32F1xx_HAL_Driver/Inc/Legacy" -I"C:/Users/TARUC/Desktop/1-Wire-Communication-Emulation/Temperature Sensor/Drivers/CMSIS/Device/ST/STM32F1xx/Include" -I"C:/Users/TARUC/Desktop/1-Wire-Communication-Emulation/Temperature Sensor/Drivers/CMSIS/Include" -I"C:/Users/TARUC/Desktop/1-Wire-Communication-Emulation/Temperature Sensor/Inc"  -Og -g3 -Wall -fmessage-length=0 -ffunction-sections -c -fmessage-length=0 -MMD -MP -MF"Drivers/STM32F1xx_HAL_Driver/Src/stm32f1xx_hal_dma.d" -MT"Drivers/STM32F1xx_HAL_Driver/Src/stm32f1xx_hal_dma.o" -o "Drivers/STM32F1xx_HAL_Driver/Src/stm32f1xx_hal_dma.o" "../Drivers/STM32F1xx_HAL_Driver/Src/stm32f1xx_hal_dma.c"
Finished building: ../Drivers/STM32F1xx_HAL_Driver/Src/stm32f1xx_hal_dma.c
 
Building file: ../Drivers/STM32F1xx_HAL_Driver/Src/stm32f1xx_hal_flash.c
Invoking: MCU GCC Compiler
C:\Users\TARUC\Desktop\1-Wire-Communication-Emulation\Temperature Sensor\Debug
arm-none-eabi-gcc -mcpu=cortex-m3 -mthumb -mfloat-abi=soft '-D__weak=__attribute__((weak))' '-D__packed=__attribute__((__packed__))' -DUSE_HAL_DRIVER -DSTM32F103xB -I"C:/Users/TARUC/Desktop/1-Wire-Communication-Emulation/Temperature Sensor/Inc" -I"C:/Users/TARUC/Desktop/1-Wire-Communication-Emulation/Temperature Sensor/Drivers/STM32F1xx_HAL_Driver/Inc" -I"C:/Users/TARUC/Desktop/1-Wire-Communication-Emulation/Temperature Sensor/Drivers/STM32F1xx_HAL_Driver/Inc/Legacy" -I"C:/Users/TARUC/Desktop/1-Wire-Communication-Emulation/Temperature Sensor/Drivers/CMSIS/Device/ST/STM32F1xx/Include" -I"C:/Users/TARUC/Desktop/1-Wire-Communication-Emulation/Temperature Sensor/Drivers/CMSIS/Include" -I"C:/Users/TARUC/Desktop/1-Wire-Communication-Emulation/Temperature Sensor/Inc"  -Og -g3 -Wall -fmessage-length=0 -ffunction-sections -c -fmessage-length=0 -MMD -MP -MF"Drivers/STM32F1xx_HAL_Driver/Src/stm32f1xx_hal_flash.d" -MT"Drivers/STM32F1xx_HAL_Driver/Src/stm32f1xx_hal_flash.o" -o "Drivers/STM32F1xx_HAL_Driver/Src/stm32f1xx_hal_flash.o" "../Drivers/STM32F1xx_HAL_Driver/Src/stm32f1xx_hal_flash.c"
Finished building: ../Drivers/STM32F1xx_HAL_Driver/Src/stm32f1xx_hal_flash.c
 
Building file: ../Drivers/STM32F1xx_HAL_Driver/Src/stm32f1xx_hal_flash_ex.c
Invoking: MCU GCC Compiler
C:\Users\TARUC\Desktop\1-Wire-Communication-Emulation\Temperature Sensor\Debug
arm-none-eabi-gcc -mcpu=cortex-m3 -mthumb -mfloat-abi=soft '-D__weak=__attribute__((weak))' '-D__packed=__attribute__((__packed__))' -DUSE_HAL_DRIVER -DSTM32F103xB -I"C:/Users/TARUC/Desktop/1-Wire-Communication-Emulation/Temperature Sensor/Inc" -I"C:/Users/TARUC/Desktop/1-Wire-Communication-Emulation/Temperature Sensor/Drivers/STM32F1xx_HAL_Driver/Inc" -I"C:/Users/TARUC/Desktop/1-Wire-Communication-Emulation/Temperature Sensor/Drivers/STM32F1xx_HAL_Driver/Inc/Legacy" -I"C:/Users/TARUC/Desktop/1-Wire-Communication-Emulation/Temperature Sensor/Drivers/CMSIS/Device/ST/STM32F1xx/Include" -I"C:/Users/TARUC/Desktop/1-Wire-Communication-Emulation/Temperature Sensor/Drivers/CMSIS/Include" -I"C:/Users/TARUC/Desktop/1-Wire-Communication-Emulation/Temperature Sensor/Inc"  -Og -g3 -Wall -fmessage-length=0 -ffunction-sections -c -fmessage-length=0 -MMD -MP -MF"Drivers/STM32F1xx_HAL_Driver/Src/stm32f1xx_hal_flash_ex.d" -MT"Drivers/STM32F1xx_HAL_Driver/Src/stm32f1xx_hal_flash_ex.o" -o "Drivers/STM32F1xx_HAL_Driver/Src/stm32f1xx_hal_flash_ex.o" "../Drivers/STM32F1xx_HAL_Driver/Src/stm32f1xx_hal_flash_ex.c"
Finished building: ../Drivers/STM32F1xx_HAL_Driver/Src/stm32f1xx_hal_flash_ex.c
 
Building file: ../Drivers/STM32F1xx_HAL_Driver/Src/stm32f1xx_hal_gpio.c
Invoking: MCU GCC Compiler
C:\Users\TARUC\Desktop\1-Wire-Communication-Emulation\Temperature Sensor\Debug
arm-none-eabi-gcc -mcpu=cortex-m3 -mthumb -mfloat-abi=soft '-D__weak=__attribute__((weak))' '-D__packed=__attribute__((__packed__))' -DUSE_HAL_DRIVER -DSTM32F103xB -I"C:/Users/TARUC/Desktop/1-Wire-Communication-Emulation/Temperature Sensor/Inc" -I"C:/Users/TARUC/Desktop/1-Wire-Communication-Emulation/Temperature Sensor/Drivers/STM32F1xx_HAL_Driver/Inc" -I"C:/Users/TARUC/Desktop/1-Wire-Communication-Emulation/Temperature Sensor/Drivers/STM32F1xx_HAL_Driver/Inc/Legacy" -I"C:/Users/TARUC/Desktop/1-Wire-Communication-Emulation/Temperature Sensor/Drivers/CMSIS/Device/ST/STM32F1xx/Include" -I"C:/Users/TARUC/Desktop/1-Wire-Communication-Emulation/Temperature Sensor/Drivers/CMSIS/Include" -I"C:/Users/TARUC/Desktop/1-Wire-Communication-Emulation/Temperature Sensor/Inc"  -Og -g3 -Wall -fmessage-length=0 -ffunction-sections -c -fmessage-length=0 -MMD -MP -MF"Drivers/STM32F1xx_HAL_Driver/Src/stm32f1xx_hal_gpio.d" -MT"Drivers/STM32F1xx_HAL_Driver/Src/stm32f1xx_hal_gpio.o" -o "Drivers/STM32F1xx_HAL_Driver/Src/stm32f1xx_hal_gpio.o" "../Drivers/STM32F1xx_HAL_Driver/Src/stm32f1xx_hal_gpio.c"
Finished building: ../Drivers/STM32F1xx_HAL_Driver/Src/stm32f1xx_hal_gpio.c
 
Building file: ../Drivers/STM32F1xx_HAL_Driver/Src/stm32f1xx_hal_gpio_ex.c
Invoking: MCU GCC Compiler
C:\Users\TARUC\Desktop\1-Wire-Communication-Emulation\Temperature Sensor\Debug
arm-none-eabi-gcc -mcpu=cortex-m3 -mthumb -mfloat-abi=soft '-D__weak=__attribute__((weak))' '-D__packed=__attribute__((__packed__))' -DUSE_HAL_DRIVER -DSTM32F103xB -I"C:/Users/TARUC/Desktop/1-Wire-Communication-Emulation/Temperature Sensor/Inc" -I"C:/Users/TARUC/Desktop/1-Wire-Communication-Emulation/Temperature Sensor/Drivers/STM32F1xx_HAL_Driver/Inc" -I"C:/Users/TARUC/Desktop/1-Wire-Communication-Emulation/Temperature Sensor/Drivers/STM32F1xx_HAL_Driver/Inc/Legacy" -I"C:/Users/TARUC/Desktop/1-Wire-Communication-Emulation/Temperature Sensor/Drivers/CMSIS/Device/ST/STM32F1xx/Include" -I"C:/Users/TARUC/Desktop/1-Wire-Communication-Emulation/Temperature Sensor/Drivers/CMSIS/Include" -I"C:/Users/TARUC/Desktop/1-Wire-Communication-Emulation/Temperature Sensor/Inc"  -Og -g3 -Wall -fmessage-length=0 -ffunction-sections -c -fmessage-length=0 -MMD -MP -MF"Drivers/STM32F1xx_HAL_Driver/Src/stm32f1xx_hal_gpio_ex.d" -MT"Drivers/STM32F1xx_HAL_Driver/Src/stm32f1xx_hal_gpio_ex.o" -o "Drivers/STM32F1xx_HAL_Driver/Src/stm32f1xx_hal_gpio_ex.o" "../Drivers/STM32F1xx_HAL_Driver/Src/stm32f1xx_hal_gpio_ex.c"
Finished building: ../Drivers/STM32F1xx_HAL_Driver/Src/stm32f1xx_hal_gpio_ex.c
 
Building file: ../Drivers/STM32F1xx_HAL_Driver/Src/stm32f1xx_hal_pwr.c
Invoking: MCU GCC Compiler
C:\Users\TARUC\Desktop\1-Wire-Communication-Emulation\Temperature Sensor\Debug
arm-none-eabi-gcc -mcpu=cortex-m3 -mthumb -mfloat-abi=soft '-D__weak=__attribute__((weak))' '-D__packed=__attribute__((__packed__))' -DUSE_HAL_DRIVER -DSTM32F103xB -I"C:/Users/TARUC/Desktop/1-Wire-Communication-Emulation/Temperature Sensor/Inc" -I"C:/Users/TARUC/Desktop/1-Wire-Communication-Emulation/Temperature Sensor/Drivers/STM32F1xx_HAL_Driver/Inc" -I"C:/Users/TARUC/Desktop/1-Wire-Communication-Emulation/Temperature Sensor/Drivers/STM32F1xx_HAL_Driver/Inc/Legacy" -I"C:/Users/TARUC/Desktop/1-Wire-Communication-Emulation/Temperature Sensor/Drivers/CMSIS/Device/ST/STM32F1xx/Include" -I"C:/Users/TARUC/Desktop/1-Wire-Communication-Emulation/Temperature Sensor/Drivers/CMSIS/Include" -I"C:/Users/TARUC/Desktop/1-Wire-Communication-Emulation/Temperature Sensor/Inc"  -Og -g3 -Wall -fmessage-length=0 -ffunction-sections -c -fmessage-length=0 -MMD -MP -MF"Drivers/STM32F1xx_HAL_Driver/Src/stm32f1xx_hal_pwr.d" -MT"Drivers/STM32F1xx_HAL_Driver/Src/stm32f1xx_hal_pwr.o" -o "Drivers/STM32F1xx_HAL_Driver/Src/stm32f1xx_hal_pwr.o" "../Drivers/STM32F1xx_HAL_Driver/Src/stm32f1xx_hal_pwr.c"
Finished building: ../Drivers/STM32F1xx_HAL_Driver/Src/stm32f1xx_hal_pwr.c
 
Building file: ../Drivers/STM32F1xx_HAL_Driver/Src/stm32f1xx_hal_rcc.c
Invoking: MCU GCC Compiler
C:\Users\TARUC\Desktop\1-Wire-Communication-Emulation\Temperature Sensor\Debug
arm-none-eabi-gcc -mcpu=cortex-m3 -mthumb -mfloat-abi=soft '-D__weak=__attribute__((weak))' '-D__packed=__attribute__((__packed__))' -DUSE_HAL_DRIVER -DSTM32F103xB -I"C:/Users/TARUC/Desktop/1-Wire-Communication-Emulation/Temperature Sensor/Inc" -I"C:/Users/TARUC/Desktop/1-Wire-Communication-Emulation/Temperature Sensor/Drivers/STM32F1xx_HAL_Driver/Inc" -I"C:/Users/TARUC/Desktop/1-Wire-Communication-Emulation/Temperature Sensor/Drivers/STM32F1xx_HAL_Driver/Inc/Legacy" -I"C:/Users/TARUC/Desktop/1-Wire-Communication-Emulation/Temperature Sensor/Drivers/CMSIS/Device/ST/STM32F1xx/Include" -I"C:/Users/TARUC/Desktop/1-Wire-Communication-Emulation/Temperature Sensor/Drivers/CMSIS/Include" -I"C:/Users/TARUC/Desktop/1-Wire-Communication-Emulation/Temperature Sensor/Inc"  -Og -g3 -Wall -fmessage-length=0 -ffunction-sections -c -fmessage-length=0 -MMD -MP -MF"Drivers/STM32F1xx_HAL_Driver/Src/stm32f1xx_hal_rcc.d" -MT"Drivers/STM32F1xx_HAL_Driver/Src/stm32f1xx_hal_rcc.o" -o "Drivers/STM32F1xx_HAL_Driver/Src/stm32f1xx_hal_rcc.o" "../Drivers/STM32F1xx_HAL_Driver/Src/stm32f1xx_hal_rcc.c"
Finished building: ../Drivers/STM32F1xx_HAL_Driver/Src/stm32f1xx_hal_rcc.c
 
Building file: ../Drivers/STM32F1xx_HAL_Driver/Src/stm32f1xx_hal_rcc_ex.c
Invoking: MCU GCC Compiler
C:\Users\TARUC\Desktop\1-Wire-Communication-Emulation\Temperature Sensor\Debug
arm-none-eabi-gcc -mcpu=cortex-m3 -mthumb -mfloat-abi=soft '-D__weak=__attribute__((weak))' '-D__packed=__attribute__((__packed__))' -DUSE_HAL_DRIVER -DSTM32F103xB -I"C:/Users/TARUC/Desktop/1-Wire-Communication-Emulation/Temperature Sensor/Inc" -I"C:/Users/TARUC/Desktop/1-Wire-Communication-Emulation/Temperature Sensor/Drivers/STM32F1xx_HAL_Driver/Inc" -I"C:/Users/TARUC/Desktop/1-Wire-Communication-Emulation/Temperature Sensor/Drivers/STM32F1xx_HAL_Driver/Inc/Legacy" -I"C:/Users/TARUC/Desktop/1-Wire-Communication-Emulation/Temperature Sensor/Drivers/CMSIS/Device/ST/STM32F1xx/Include" -I"C:/Users/TARUC/Desktop/1-Wire-Communication-Emulation/Temperature Sensor/Drivers/CMSIS/Include" -I"C:/Users/TARUC/Desktop/1-Wire-Communication-Emulation/Temperature Sensor/Inc"  -Og -g3 -Wall -fmessage-length=0 -ffunction-sections -c -fmessage-length=0 -MMD -MP -MF"Drivers/STM32F1xx_HAL_Driver/Src/stm32f1xx_hal_rcc_ex.d" -MT"Drivers/STM32F1xx_HAL_Driver/Src/stm32f1xx_hal_rcc_ex.o" -o "Drivers/STM32F1xx_HAL_Driver/Src/stm32f1xx_hal_rcc_ex.o" "../Drivers/STM32F1xx_HAL_Driver/Src/stm32f1xx_hal_rcc_ex.c"
Finished building: ../Drivers/STM32F1xx_HAL_Driver/Src/stm32f1xx_hal_rcc_ex.c
 
Building file: ../Drivers/STM32F1xx_HAL_Driver/Src/stm32f1xx_hal_tim.c
Invoking: MCU GCC Compiler
C:\Users\TARUC\Desktop\1-Wire-Communication-Emulation\Temperature Sensor\Debug
arm-none-eabi-gcc -mcpu=cortex-m3 -mthumb -mfloat-abi=soft '-D__weak=__attribute__((weak))' '-D__packed=__attribute__((__packed__))' -DUSE_HAL_DRIVER -DSTM32F103xB -I"C:/Users/TARUC/Desktop/1-Wire-Communication-Emulation/Temperature Sensor/Inc" -I"C:/Users/TARUC/Desktop/1-Wire-Communication-Emulation/Temperature Sensor/Drivers/STM32F1xx_HAL_Driver/Inc" -I"C:/Users/TARUC/Desktop/1-Wire-Communication-Emulation/Temperature Sensor/Drivers/STM32F1xx_HAL_Driver/Inc/Legacy" -I"C:/Users/TARUC/Desktop/1-Wire-Communication-Emulation/Temperature Sensor/Drivers/CMSIS/Device/ST/STM32F1xx/Include" -I"C:/Users/TARUC/Desktop/1-Wire-Communication-Emulation/Temperature Sensor/Drivers/CMSIS/Include" -I"C:/Users/TARUC/Desktop/1-Wire-Communication-Emulation/Temperature Sensor/Inc"  -Og -g3 -Wall -fmessage-length=0 -ffunction-sections -c -fmessage-length=0 -MMD -MP -MF"Drivers/STM32F1xx_HAL_Driver/Src/stm32f1xx_hal_tim.d" -MT"Drivers/STM32F1xx_HAL_Driver/Src/stm32f1xx_hal_tim.o" -o "Drivers/STM32F1xx_HAL_Driver/Src/stm32f1xx_hal_tim.o" "../Drivers/STM32F1xx_HAL_Driver/Src/stm32f1xx_hal_tim.c"
Finished building: ../Drivers/STM32F1xx_HAL_Driver/Src/stm32f1xx_hal_tim.c
 
Building file: ../Drivers/STM32F1xx_HAL_Driver/Src/stm32f1xx_hal_tim_ex.c
Invoking: MCU GCC Compiler
C:\Users\TARUC\Desktop\1-Wire-Communication-Emulation\Temperature Sensor\Debug
[...]
Invoking: MCU GCC Compiler
C:\Users\TARUC\Desktop\1-Wire-Communication-Emulation\Temperature Sensor\Debug
arm-none-eabi-gcc -mcpu=cortex-m3 -mthumb -mfloat-abi=soft '-D__weak=__attribute__((weak))' '-D__packed=__attribute__((__packed__))' -DUSE_HAL_DRIVER -DSTM32F103xB -I"C:/Users/TARUC/Desktop/1-Wire-Communication-Emulation/Temperature Sensor/Inc" -I"C:/Users/TARUC/Desktop/1-Wire-Communication-Emulation/Temperature Sensor/Drivers/STM32F1xx_HAL_Driver/Inc" -I"C:/Users/TARUC/Desktop/1-Wire-Communication-Emulation/Temperature Sensor/Drivers/STM32F1xx_HAL_Driver/Inc/Legacy" -I"C:/Users/TARUC/Desktop/1-Wire-Communication-Emulation/Temperature Sensor/Drivers/CMSIS/Device/ST/STM32F1xx/Include" -I"C:/Users/TARUC/Desktop/1-Wire-Communication-Emulation/Temperature Sensor/Drivers/CMSIS/Include" -I"C:/Users/TARUC/Desktop/1-Wire-Communication-Emulation/Temperature Sensor/Inc"  -Og -g3 -Wall -fmessage-length=0 -ffunction-sections -c -fmessage-length=0 -MMD -MP -MF"Drivers/STM32F1xx_HAL_Driver/Src/stm32f1xx_hal_tim_ex.d" -MT"Drivers/STM32F1xx_HAL_Driver/Src/stm32f1xx_hal_tim_ex.o" -o "Drivers/STM32F1xx_HAL_Driver/Src/stm32f1xx_hal_tim_ex.o" "../Drivers/STM32F1xx_HAL_Driver/Src/stm32f1xx_hal_tim_ex.c"
Finished building: ../Drivers/STM32F1xx_HAL_Driver/Src/stm32f1xx_hal_tim_ex.c
 
Building file: ../Drivers/STM32F1xx_HAL_Driver/Src/stm32f1xx_hal_uart.c
Invoking: MCU GCC Compiler
C:\Users\TARUC\Desktop\1-Wire-Communication-Emulation\Temperature Sensor\Debug
arm-none-eabi-gcc -mcpu=cortex-m3 -mthumb -mfloat-abi=soft '-D__weak=__attribute__((weak))' '-D__packed=__attribute__((__packed__))' -DUSE_HAL_DRIVER -DSTM32F103xB -I"C:/Users/TARUC/Desktop/1-Wire-Communication-Emulation/Temperature Sensor/Inc" -I"C:/Users/TARUC/Desktop/1-Wire-Communication-Emulation/Temperature Sensor/Drivers/STM32F1xx_HAL_Driver/Inc" -I"C:/Users/TARUC/Desktop/1-Wire-Communication-Emulation/Temperature Sensor/Drivers/STM32F1xx_HAL_Driver/Inc/Legacy" -I"C:/Users/TARUC/Desktop/1-Wire-Communication-Emulation/Temperature Sensor/Drivers/CMSIS/Device/ST/STM32F1xx/Include" -I"C:/Users/TARUC/Desktop/1-Wire-Communication-Emulation/Temperature Sensor/Drivers/CMSIS/Include" -I"C:/Users/TARUC/Desktop/1-Wire-Communication-Emulation/Temperature Sensor/Inc"  -Og -g3 -Wall -fmessage-length=0 -ffunction-sections -c -fmessage-length=0 -MMD -MP -MF"Drivers/STM32F1xx_HAL_Driver/Src/stm32f1xx_hal_uart.d" -MT"Drivers/STM32F1xx_HAL_Driver/Src/stm32f1xx_hal_uart.o" -o "Drivers/STM32F1xx_HAL_Driver/Src/stm32f1xx_hal_uart.o" "../Drivers/STM32F1xx_HAL_Driver/Src/stm32f1xx_hal_uart.c"
Finished building: ../Drivers/STM32F1xx_HAL_Driver/Src/stm32f1xx_hal_uart.c
 
Building target: Temperature Sensor.elf
Invoking: MCU GCC Linker
arm-none-eabi-gcc -mcpu=cortex-m3 -mthumb -mfloat-abi=soft -specs=nosys.specs -specs=nano.specs -T"../STM32F103C8Tx_FLASH.ld" -Wl,-Map=output.map -Wl,--gc-sections -o "Temperature Sensor.elf" @"objects.list"   -lm
Finished building target: Temperature Sensor.elf
 
make --no-print-directory post-build
Generating binary and Printing size information:
arm-none-eabi-objcopy -O binary "Temperature Sensor.elf" "Temperature Sensor.bin"
arm-none-eabi-size "Temperature Sensor.elf"
   text	   data	    bss	    dec	    hex	filename
   5308	     12	   1636	   6956	   1b2c	Temperature Sensor.elf
 
16:53:11 **** Incremental Build of configuration Debug for project Temperature Sensor ****
make all 
Building file: ../Src/main.c
Invoking: MCU GCC Compiler
C:\Users\TARUC\Desktop\1-Wire-Communication-Emulation\Temperature Sensor\Debug
arm-none-eabi-gcc -mcpu=cortex-m3 -mthumb -mfloat-abi=soft '-D__weak=__attribute__((weak))' '-D__packed=__attribute__((__packed__))' -DUSE_HAL_DRIVER -DSTM32F103xB -I"C:/Users/TARUC/Desktop/1-Wire-Communication-Emulation/Temperature Sensor/Inc" -I"C:/Users/TARUC/Desktop/1-Wire-Communication-Emulation/Temperature Sensor/Drivers/STM32F1xx_HAL_Driver/Inc" -I"C:/Users/TARUC/Desktop/1-Wire-Communication-Emulation/Temperature Sensor/Drivers/STM32F1xx_HAL_Driver/Inc/Legacy" -I"C:/Users/TARUC/Desktop/1-Wire-Communication-Emulation/Temperature Sensor/Drivers/CMSIS/Device/ST/STM32F1xx/Include" -I"C:/Users/TARUC/Desktop/1-Wire-Communication-Emulation/Temperature Sensor/Drivers/CMSIS/Include" -I"C:/Users/TARUC/Desktop/1-Wire-Communication-Emulation/Temperature Sensor/Inc"  -Og -g3 -Wall -fmessage-length=0 -ffunction-sections -c -fmessage-length=0 -MMD -MP -MF"Src/main.d" -MT"Src/main.o" -o "Src/main.o" "../Src/main.c"
Finished building: ../Src/main.c
 
Building target: Temperature Sensor.elf
Invoking: MCU GCC Linker
arm-none-eabi-gcc -mcpu=cortex-m3 -mthumb -mfloat-abi=soft -specs=nosys.specs -specs=nano.specs -T"../STM32F103C8Tx_FLASH.ld" -Wl,-Map=output.map -Wl,--gc-sections -o "Temperature Sensor.elf" @"objects.list"   -lm
Finished building target: Temperature Sensor.elf
 
make --no-print-directory post-build
Generating binary and Printing size information:
arm-none-eabi-objcopy -O binary "Temperature Sensor.elf" "Temperature Sensor.bin"
arm-none-eabi-size "Temperature Sensor.elf"
   text	   data	    bss	    dec	    hex	filename
   5308	     12	   1636	   6956	   1b2c	Temperature Sensor.elf
 
16:53:58 **** Incremental Build of configuration Debug for project Temperature Sensor ****
make all 
Building file: ../Src/main.c
Invoking: MCU GCC Compiler
C:\Users\TARUC\Desktop\1-Wire-Communication-Emulation\Temperature Sensor\Debug
arm-none-eabi-gcc -mcpu=cortex-m3 -mthumb -mfloat-abi=soft '-D__weak=__attribute__((weak))' '-D__packed=__attribute__((__packed__))' -DUSE_HAL_DRIVER -DSTM32F103xB -I"C:/Users/TARUC/Desktop/1-Wire-Communication-Emulation/Temperature Sensor/Inc" -I"C:/Users/TARUC/Desktop/1-Wire-Communication-Emulation/Temperature Sensor/Drivers/STM32F1xx_HAL_Driver/Inc" -I"C:/Users/TARUC/Desktop/1-Wire-Communication-Emulation/Temperature Sensor/Drivers/STM32F1xx_HAL_Driver/Inc/Legacy" -I"C:/Users/TARUC/Desktop/1-Wire-Communication-Emulation/Temperature Sensor/Drivers/CMSIS/Device/ST/STM32F1xx/Include" -I"C:/Users/TARUC/Desktop/1-Wire-Communication-Emulation/Temperature Sensor/Drivers/CMSIS/Include" -I"C:/Users/TARUC/Desktop/1-Wire-Communication-Emulation/Temperature Sensor/Inc"  -Og -g3 -Wall -fmessage-length=0 -ffunction-sections -c -fmessage-length=0 -MMD -MP -MF"Src/main.d" -MT"Src/main.o" -o "Src/main.o" "../Src/main.c"
Finished building: ../Src/main.c
 
Building target: Temperature Sensor.elf
Invoking: MCU GCC Linker
arm-none-eabi-gcc -mcpu=cortex-m3 -mthumb -mfloat-abi=soft -specs=nosys.specs -specs=nano.specs -T"../STM32F103C8Tx_FLASH.ld" -Wl,-Map=output.map -Wl,--gc-sections -o "Temperature Sensor.elf" @"objects.list"   -lm
Finished building target: Temperature Sensor.elf
 
make --no-print-directory post-build
Generating binary and Printing size information:
arm-none-eabi-objcopy -O binary "Temperature Sensor.elf" "Temperature Sensor.bin"
arm-none-eabi-size "Temperature Sensor.elf"
   text	   data	    bss	    dec	    hex	filename
   5376	     12	   1636	   7024	   1b70	Temperature Sensor.elf
 
16:54:51 **** Incremental Build of configuration Debug for project Temperature Sensor ****
make all 
make: Nothing to be done for `all'.
16:54:56 **** Incremental Build of configuration Debug for project Temperature Sensor ****
make all 
make: Nothing to be done for `all'.
17:02:25 **** Incremental Build of configuration Debug for project Temperature Sensor ****
make all 
Building file: ../Src/main.c
Invoking: MCU GCC Compiler
C:\Users\TARUC\Desktop\1-Wire-Communication-Emulation\Temperature Sensor\Debug
arm-none-eabi-gcc -mcpu=cortex-m3 -mthumb -mfloat-abi=soft '-D__weak=__attribute__((weak))' '-D__packed=__attribute__((__packed__))' -DUSE_HAL_DRIVER -DSTM32F103xB -I"C:/Users/TARUC/Desktop/1-Wire-Communication-Emulation/Temperature Sensor/Inc" -I"C:/Users/TARUC/Desktop/1-Wire-Communication-Emulation/Temperature Sensor/Drivers/STM32F1xx_HAL_Driver/Inc" -I"C:/Users/TARUC/Desktop/1-Wire-Communication-Emulation/Temperature Sensor/Drivers/STM32F1xx_HAL_Driver/Inc/Legacy" -I"C:/Users/TARUC/Desktop/1-Wire-Communication-Emulation/Temperature Sensor/Drivers/CMSIS/Device/ST/STM32F1xx/Include" -I"C:/Users/TARUC/Desktop/1-Wire-Communication-Emulation/Temperature Sensor/Drivers/CMSIS/Include" -I"C:/Users/TARUC/Desktop/1-Wire-Communication-Emulation/Temperature Sensor/Inc"  -Og -g3 -Wall -fmessage-length=0 -ffunction-sections -c -fmessage-length=0 -MMD -MP -MF"Src/main.d" -MT"Src/main.o" -o "Src/main.o" "../Src/main.c"
Finished building: ../Src/main.c
 
Building target: Temperature Sensor.elf
Invoking: MCU GCC Linker
arm-none-eabi-gcc -mcpu=cortex-m3 -mthumb -mfloat-abi=soft -specs=nosys.specs -specs=nano.specs -T"../STM32F103C8Tx_FLASH.ld" -Wl,-Map=output.map -Wl,--gc-sections -o "Temperature Sensor.elf" @"objects.list"   -lm
Finished building target: Temperature Sensor.elf
 
make --no-print-directory post-build
Generating binary and Printing size information:
arm-none-eabi-objcopy -O binary "Temperature Sensor.elf" "Temperature Sensor.bin"
arm-none-eabi-size "Temperature Sensor.elf"
   text	   data	    bss	    dec	    hex	filename
   5376	     12	   1636	   7024	   1b70	Temperature Sensor.elf
 
17:02:28 **** Incremental Build of configuration Debug for project Temperature Sensor ****
make all 
make: Nothing to be done for `all'.
17:05:26 **** Incremental Build of configuration Debug for project Temperature Sensor ****
make all 
make: Nothing to be done for `all'.
17:06:30 **** Incremental Build of configuration Debug for project Temperature Sensor ****
make all 
Building file: ../Src/main.c
Invoking: MCU GCC Compiler
C:\Users\TARUC\Desktop\1-Wire-Communication-Emulation\Temperature Sensor\Debug
arm-none-eabi-gcc -mcpu=cortex-m3 -mthumb -mfloat-abi=soft '-D__weak=__attribute__((weak))' '-D__packed=__attribute__((__packed__))' -DUSE_HAL_DRIVER -DSTM32F103xB -I"C:/Users/TARUC/Desktop/1-Wire-Communication-Emulation/Temperature Sensor/Inc" -I"C:/Users/TARUC/Desktop/1-Wire-Communication-Emulation/Temperature Sensor/Drivers/STM32F1xx_HAL_Driver/Inc" -I"C:/Users/TARUC/Desktop/1-Wire-Communication-Emulation/Temperature Sensor/Drivers/STM32F1xx_HAL_Driver/Inc/Legacy" -I"C:/Users/TARUC/Desktop/1-Wire-Communication-Emulation/Temperature Sensor/Drivers/CMSIS/Device/ST/STM32F1xx/Include" -I"C:/Users/TARUC/Desktop/1-Wire-Communication-Emulation/Temperature Sensor/Drivers/CMSIS/Include" -I"C:/Users/TARUC/Desktop/1-Wire-Communication-Emulation/Temperature Sensor/Inc"  -Og -g3 -Wall -fmessage-length=0 -ffunction-sections -c -fmessage-length=0 -MMD -MP -MF"Src/main.d" -MT"Src/main.o" -o "Src/main.o" "../Src/main.c"
Finished building: ../Src/main.c
 
Building target: Temperature Sensor.elf
Invoking: MCU GCC Linker
arm-none-eabi-gcc -mcpu=cortex-m3 -mthumb -mfloat-abi=soft -specs=nosys.specs -specs=nano.specs -T"../STM32F103C8Tx_FLASH.ld" -Wl,-Map=output.map -Wl,--gc-sections -o "Temperature Sensor.elf" @"objects.list"   -lm
Finished building target: Temperature Sensor.elf
 
make --no-print-directory post-build
Generating binary and Printing size information:
arm-none-eabi-objcopy -O binary "Temperature Sensor.elf" "Temperature Sensor.bin"
arm-none-eabi-size "Temperature Sensor.elf"
   text	   data	    bss	    dec	    hex	filename
   5376	     12	   1636	   7024	   1b70	Temperature Sensor.elf
 
17:06:38 **** Incremental Build of configuration Debug for project Temperature Sensor ****
make all 
make: Nothing to be done for `all'.
17:13:11 **** Incremental Build of configuration Debug for project Temperature Sensor ****
make all 
Building file: ../Src/main.c
Invoking: MCU GCC Compiler
C:\Users\TARUC\Desktop\1-Wire-Communication-Emulation\Temperature Sensor\Debug
arm-none-eabi-gcc -mcpu=cortex-m3 -mthumb -mfloat-abi=soft '-D__weak=__attribute__((weak))' '-D__packed=__attribute__((__packed__))' -DUSE_HAL_DRIVER -DSTM32F103xB -I"C:/Users/TARUC/Desktop/1-Wire-Communication-Emulation/Temperature Sensor/Inc" -I"C:/Users/TARUC/Desktop/1-Wire-Communication-Emulation/Temperature Sensor/Drivers/STM32F1xx_HAL_Driver/Inc" -I"C:/Users/TARUC/Desktop/1-Wire-Communication-Emulation/Temperature Sensor/Drivers/STM32F1xx_HAL_Driver/Inc/Legacy" -I"C:/Users/TARUC/Desktop/1-Wire-Communication-Emulation/Temperature Sensor/Drivers/CMSIS/Device/ST/STM32F1xx/Include" -I"C:/Users/TARUC/Desktop/1-Wire-Communication-Emulation/Temperature Sensor/Drivers/CMSIS/Include" -I"C:/Users/TARUC/Desktop/1-Wire-Communication-Emulation/Temperature Sensor/Inc"  -Og -g3 -Wall -fmessage-length=0 -ffunction-sections -c -fmessage-length=0 -MMD -MP -MF"Src/main.d" -MT"Src/main.o" -o "Src/main.o" "../Src/main.c"
Finished building: ../Src/main.c
 
Building target: Temperature Sensor.elf
Invoking: MCU GCC Linker
arm-none-eabi-gcc -mcpu=cortex-m3 -mthumb -mfloat-abi=soft -specs=nosys.specs -specs=nano.specs -T"../STM32F103C8Tx_FLASH.ld" -Wl,-Map=output.map -Wl,--gc-sections -o "Temperature Sensor.elf" @"objects.list"   -lm
Finished building target: Temperature Sensor.elf
 
make --no-print-directory post-build
Generating binary and Printing size information:
arm-none-eabi-objcopy -O binary "Temperature Sensor.elf" "Temperature Sensor.bin"
arm-none-eabi-size "Temperature Sensor.elf"
   text	   data	    bss	    dec	    hex	filename
   5376	     12	   1636	   7024	   1b70	Temperature Sensor.elf
 
17:13:54 **** Incremental Build of configuration Debug for project Temperature Sensor ****
make all 
Building file: ../Src/main.c
Invoking: MCU GCC Compiler
C:\Users\TARUC\Desktop\1-Wire-Communication-Emulation\Temperature Sensor\Debug
arm-none-eabi-gcc -mcpu=cortex-m3 -mthumb -mfloat-abi=soft '-D__weak=__attribute__((weak))' '-D__packed=__attribute__((__packed__))' -DUSE_HAL_DRIVER -DSTM32F103xB -I"C:/Users/TARUC/Desktop/1-Wire-Communication-Emulation/Temperature Sensor/Inc" -I"C:/Users/TARUC/Desktop/1-Wire-Communication-Emulation/Temperature Sensor/Drivers/STM32F1xx_HAL_Driver/Inc" -I"C:/Users/TARUC/Desktop/1-Wire-Communication-Emulation/Temperature Sensor/Drivers/STM32F1xx_HAL_Driver/Inc/Legacy" -I"C:/Users/TARUC/Desktop/1-Wire-Communication-Emulation/Temperature Sensor/Drivers/CMSIS/Device/ST/STM32F1xx/Include" -I"C:/Users/TARUC/Desktop/1-Wire-Communication-Emulation/Temperature Sensor/Drivers/CMSIS/Include" -I"C:/Users/TARUC/Desktop/1-Wire-Communication-Emulation/Temperature Sensor/Inc"  -Og -g3 -Wall -fmessage-length=0 -ffunction-sections -c -fmessage-length=0 -MMD -MP -MF"Src/main.d" -MT"Src/main.o" -o "Src/main.o" "../Src/main.c"
Finished building: ../Src/main.c
 
Building target: Temperature Sensor.elf
Invoking: MCU GCC Linker
arm-none-eabi-gcc -mcpu=cortex-m3 -mthumb -mfloat-abi=soft -specs=nosys.specs -specs=nano.specs -T"../STM32F103C8Tx_FLASH.ld" -Wl,-Map=output.map -Wl,--gc-sections -o "Temperature Sensor.elf" @"objects.list"   -lm
Finished building target: Temperature Sensor.elf
 
make --no-print-directory post-build
Generating binary and Printing size information:
arm-none-eabi-objcopy -O binary "Temperature Sensor.elf" "Temperature Sensor.bin"
arm-none-eabi-size "Temperature Sensor.elf"
   text	   data	    bss	    dec	    hex	filename
   5348	     12	   1636	   6996	   1b54	Temperature Sensor.elf
 
17:13:58 **** Incremental Build of configuration Debug for project Temperature Sensor ****
make all 
make: Nothing to be done for `all'.
17:17:39 **** Incremental Build of configuration Debug for project Temperature Sensor ****
make all 
make: Nothing to be done for `all'.
17:17:44 **** Incremental Build of configuration Debug for project Temperature Sensor ****
make all 
make: Nothing to be done for `all'.
17:29:02 **** Incremental Build of configuration Debug for project Temperature Sensor ****
make all 
Building file: ../Src/main.c
Invoking: MCU GCC Compiler
C:\Users\TARUC\Desktop\1-Wire-Communication-Emulation\Temperature Sensor\Debug
arm-none-eabi-gcc -mcpu=cortex-m3 -mthumb -mfloat-abi=soft '-D__weak=__attribute__((weak))' '-D__packed=__attribute__((__packed__))' -DUSE_HAL_DRIVER -DSTM32F103xB -I"C:/Users/TARUC/Desktop/1-Wire-Communication-Emulation/Temperature Sensor/Inc" -I"C:/Users/TARUC/Desktop/1-Wire-Communication-Emulation/Temperature Sensor/Drivers/STM32F1xx_HAL_Driver/Inc" -I"C:/Users/TARUC/Desktop/1-Wire-Communication-Emulation/Temperature Sensor/Drivers/STM32F1xx_HAL_Driver/Inc/Legacy" -I"C:/Users/TARUC/Desktop/1-Wire-Communication-Emulation/Temperature Sensor/Drivers/CMSIS/Device/ST/STM32F1xx/Include" -I"C:/Users/TARUC/Desktop/1-Wire-Communication-Emulation/Temperature Sensor/Drivers/CMSIS/Include" -I"C:/Users/TARUC/Desktop/1-Wire-Communication-Emulation/Temperature Sensor/Inc"  -Og -g3 -Wall -fmessage-length=0 -ffunction-sections -c -fmessage-length=0 -MMD -MP -MF"Src/main.d" -MT"Src/main.o" -o "Src/main.o" "../Src/main.c"
Finished building: ../Src/main.c
 
Building target: Temperature Sensor.elf
Invoking: MCU GCC Linker
arm-none-eabi-gcc -mcpu=cortex-m3 -mthumb -mfloat-abi=soft -specs=nosys.specs -specs=nano.specs -T"../STM32F103C8Tx_FLASH.ld" -Wl,-Map=output.map -Wl,--gc-sections -o "Temperature Sensor.elf" @"objects.list"   -lm
Finished building target: Temperature Sensor.elf
 
make --no-print-directory post-build
Generating binary and Printing size information:
arm-none-eabi-objcopy -O binary "Temperature Sensor.elf" "Temperature Sensor.bin"
arm-none-eabi-size "Temperature Sensor.elf"
   text	   data	    bss	    dec	    hex	filename
   5348	     12	   1636	   6996	   1b54	Temperature Sensor.elf
 
17:29:19 **** Incremental Build of configuration Debug for project Temperature Sensor ****
make all 
make: Nothing to be done for `all'.
17:29:45 **** Incremental Build of configuration Debug for project Temperature Sensor ****
make all 
make: Nothing to be done for `all'.
17:29:48 **** Incremental Build of configuration Debug for project Temperature Sensor ****
make all 
make: Nothing to be done for `all'.
17:30:23 **** Incremental Build of configuration Debug for project Temperature Sensor ****
make all 
make: Nothing to be done for `all'.
17:30:25 **** Incremental Build of configuration Debug for project Temperature Sensor ****
make all 
make: Nothing to be done for `all'.
17:34:05 **** Incremental Build of configuration Debug for project Temperature Sensor ****
make all 
Building file: ../Src/main.c
Invoking: MCU GCC Compiler
C:\Users\TARUC\Desktop\1-Wire-Communication-Emulation\Temperature Sensor\Debug
arm-none-eabi-gcc -mcpu=cortex-m3 -mthumb -mfloat-abi=soft '-D__weak=__attribute__((weak))' '-D__packed=__attribute__((__packed__))' -DUSE_HAL_DRIVER -DSTM32F103xB -I"C:/Users/TARUC/Desktop/1-Wire-Communication-Emulation/Temperature Sensor/Inc" -I"C:/Users/TARUC/Desktop/1-Wire-Communication-Emulation/Temperature Sensor/Drivers/STM32F1xx_HAL_Driver/Inc" -I"C:/Users/TARUC/Desktop/1-Wire-Communication-Emulation/Temperature Sensor/Drivers/STM32F1xx_HAL_Driver/Inc/Legacy" -I"C:/Users/TARUC/Desktop/1-Wire-Communication-Emulation/Temperature Sensor/Drivers/CMSIS/Device/ST/STM32F1xx/Include" -I"C:/Users/TARUC/Desktop/1-Wire-Communication-Emulation/Temperature Sensor/Drivers/CMSIS/Include" -I"C:/Users/TARUC/Desktop/1-Wire-Communication-Emulation/Temperature Sensor/Inc"  -Og -g3 -Wall -fmessage-length=0 -ffunction-sections -c -fmessage-length=0 -MMD -MP -MF"Src/main.d" -MT"Src/main.o" -o "Src/main.o" "../Src/main.c"
Finished building: ../Src/main.c
 
Building target: Temperature Sensor.elf
Invoking: MCU GCC Linker
arm-none-eabi-gcc -mcpu=cortex-m3 -mthumb -mfloat-abi=soft -specs=nosys.specs -specs=nano.specs -T"../STM32F103C8Tx_FLASH.ld" -Wl,-Map=output.map -Wl,--gc-sections -o "Temperature Sensor.elf" @"objects.list"   -lm
Finished building target: Temperature Sensor.elf
 
make --no-print-directory post-build
Generating binary and Printing size information:
arm-none-eabi-objcopy -O binary "Temperature Sensor.elf" "Temperature Sensor.bin"
arm-none-eabi-size "Temperature Sensor.elf"
   text	   data	    bss	    dec	    hex	filename
   5376	     12	   1636	   7024	   1b70	Temperature Sensor.elf
 
17:35:12 **** Incremental Build of configuration Debug for project Temperature Sensor ****
make all 
make: Nothing to be done for `all'.
